backend/data/transactions.csv
date,product_id,product_name,category,brand,cost,base_price,price,demand,revenue,profit,margin,competitor_price,stock,is_weekend,day_of_week,month,holiday_name,holiday_boost,elasticity
2026-02-09,F001,Premium Hoodie,Fashion,UrbanThread,14,54.99,53.22,45,2394.9,1764.9,73.69,49.48,128,0,0,2,Valentines Day,0.1286,-2.3
2026-02-10,F001,Premium Hoodie,Fashion,UrbanThread,14,54.99,54.0,62,3348.0,2480.0,74.07,54.37,72,0,1,2,Valentines Day,0.1429,-2.3
2026-02-11,F001,Premium Hoodie,Fashion,UrbanThread,14,54.99,52.66,75,3949.5,2899.5,73.41,47.77,51,0,2,2,Valentines Day,0.2,-2.3
2026-02-12,F001,Premium Hoodie,Fashion,UrbanThread,14,54.99,49.84,81,4037.04,2903.04,71.91,47.6,49,0,3,2,Valentines Day,0.2,-2.3
2026-02-13,F001,Premium Hoodie,Fashion,UrbanThread,14,54.99,47.79,75,3584.25,2534.25,70.71,49.46,43,0,4,2,Valentines Day,0.2,-2.3
2026-02-14,F001,Premium Hoodie,Fashion,UrbanThread,14,54.99,48.05,103,4949.15,3507.15,70.86,50.12,9,1,5,2,Valentines Day,0.2,-2.3
2026-02-15,F001,Premium Hoodie,Fashion,UrbanThread,14,54.99,46.66,85,3966.1,2776.1,70.0,62.99,41,1,6,2,Valentines Day,0.2,-2.3
2026-02-16,F001,Premium Hoodie,Fashion,UrbanThread,14,54.99,48.24,78,3762.72,2670.72,70.98,55.63,44,0,0,2,Valentines Day,0.2,-2.3
2026-02-17,F001,Premium Hoodie,Fashion,UrbanThread,14,54.99,47.28,77,3640.56,2562.56,70.39,60.3,41,0,1,2,Valentines Day,0.2,-2.3
2026-02-18,F001,Premium Hoodie,Fashion,UrbanThread,14,54.99,47.33,69,3265.77,2299.77,70.42,51.48,74,0,2,2,Valentines Day,0.1429,-2.3
2026-02-19,F001,Premium Hoodie,Fashion,UrbanThread,14,54.99,50.94,71,3616.74,2622.74,72.52,59.9,54,0,3,2,Valentines Day,0.1286,-2.3
2026-02-20,F001,Premium Hoodie,Fashion,UrbanThread,14,54.99,48.97,75,3672.75,2622.75,71.41,49.35,58,0,4,2,Valentines Day,0.1143,-2.3
2026-02-21,F001,Premium Hoodie,Fashion,UrbanThread,14,54.99,49.08,86,4220.88,3016.88,71.48,60.88,44,1,5,2,Valentines Day,0.1,-2.3
2026-02-22,F001,Premium Hoodie,Fashion,UrbanThread,14,54.99,51.08,69,3524.52,2558.52,72.59,49.78,78,1,6,2,Valentines Day,0.0857,-2.3
2026-02-23,F001,Premium Hoodie,Fashion,UrbanThread,14,54.99,51.7,62,3205.4,2337.4,72.92,54.01,81,0,0,2,Valentines Day,0.0714,-2.3
2026-02-24,F001,Premium Hoodie,Fashion,UrbanThread,14,54.99,55.03,57,3136.71,2338.71,74.56,62.7,83,0,1,2,Valentines Day,0.0571,-2.3
2026-02-25,F001,Premium Hoodie,Fashion,UrbanThread,14,54.99,54.95,52,2857.4,2129.4,74.52,61.29,93,0,2,2,Valentines Day,0.0429,-2.3
2026-02-26,F001,Premium Hoodie,Fashion,UrbanThread,14,54.99,60.3,49,2954.7,2268.7,76.78,58.61,118,0,3,2,Valentines Day,0.0286,-2.3
2026-02-27,F001,Premium Hoodie,Fashion,UrbanThread,14,54.99,60.16,39,2346.24,1800.24,76.73,49.83,136,0,4,2,Valentines Day,0.0143,-2.3
2026-02-28,F001,Premium Hoodie,Fashion,UrbanThread,14,54.99,61.4,48,2947.2,2275.2,77.2,58.46,97,1,5,2,Valentines Day,0.0,-2.3
2026-03-01,F001,Premium Hoodie,Fashion,UrbanThread,14,54.99,64.31,38,2443.78,1911.78,78.23,54.32,118,1,6,3,Valentines Day,0.0,-2.3
2026-03-02,F001,Premium Hoodie,Fashion,UrbanThread,14,54.99,64.97,33,2144.01,1682.01,78.45,52.27,121,0,0,3,Valentines Day,0.0,-2.3
2026-03-03,F001,Premium Hoodie,Fashion,UrbanThread,14,54.99,64.58,35,2260.3,1770.3,78.32,48.4,120,0,1,3,Valentines Day,0.0,-2.3
2026-03-04,F001,Premium Hoodie,Fashion,UrbanThread,14,54.99,62.55,33,2064.15,1602.15,77.62,54.17,144,0,2,3,Valentines Day,0.0,-2.3
2026-03-05,F001,Premium Hoodie,Fashion,UrbanThread,14,54.99,64.84,37,2399.08,1881.08,78.41,52.55,140,0,3,3,Valentines Day,0.0,-2.3
2026-03-06,F001,Premium Hoodie,Fashion,UrbanThread,14,54.99,62.8,36,2260.8,1756.8,77.71,57.2,113,0,4,3,Valentines Day,0.0,-2.3
2026-03-07,F001,Premium Hoodie,Fashion,UrbanThread,14,54.99,59.17,51,3017.67,2303.67,76.34,58.06,81,1,5,3,Valentines Day,0.0,-2.3
2026-03-08,F001,Premium Hoodie,Fashion,UrbanThread,14,54.99,60.31,44,2653.64,2037.64,76.79,50.49,125,1,6,3,Valentines Day,0.0,-2.3
2026-03-09,F001,Premium Hoodie,Fashion,UrbanThread,14,54.99,59.78,36,2152.08,1648.08,76.58,58.19,129,0,0,3,Valentines Day,0.0,-2.3
2026-03-10,F001,Premium Hoodie,Fashion,UrbanThread,14,54.99,55.05,46,2532.3,1888.3,74.57,47.29,100,0,1,3,Valentines Day,0.0,-2.3
2026-03-11,F001,Premium Hoodie,Fashion,UrbanThread,14,54.99,55.84,47,2624.48,1966.48,74.93,61.11,117,0,2,3,Valentines Day,0.0,-2.3
2026-03-12,F001,Premium Hoodie,Fashion,UrbanThread,14,54.99,54.32,54,2933.28,2177.28,74.23,51.04,108,0,3,3,Valentines Day,0.0,-2.3
2026-03-13,F001,Premium Hoodie,Fashion,UrbanThread,14,54.99,52.74,61,3217.14,2363.14,73.45,48.57,76,0,4,3,Valentines Day,0.0,-2.3
2026-03-14,F001,Premium Hoodie,Fashion,UrbanThread,14,54.99,51.97,63,3274.11,2392.11,73.06,55.76,69,1,5,3,Valentines Day,0.0,-2.3
2026-03-15,F001,Premium Hoodie,Fashion,UrbanThread,14,54.99,47.98,76,3646.48,2582.48,70.82,58.95,65,1,6,3,Valentines Day,0.0,-2.3
2026-03-16,F001,Premium Hoodie,Fashion,UrbanThread,14,54.99,49.02,61,2990.22,2136.22,71.44,51.56,94,0,0,3,Valentines Day,0.0,-2.3
2026-03-17,F001,Premium Hoodie,Fashion,UrbanThread,14,54.99,48.36,68,3288.48,2336.48,71.05,47.04,83,0,1,3,Easter,0.0,-2.3
2026-03-18,F001,Premium Hoodie,Fashion,UrbanThread,14,54.99,45.24,82,3709.68,2561.68,69.05,60.42,27,0,2,3,Easter,0.0,-2.3
2026-03-19,F001,Premium Hoodie,Fashion,UrbanThread,14,54.99,47.39,78,3696.42,2604.42,70.46,48.33,34,0,3,3,Easter,0.0,-2.3
2026-03-20,F001,Premium Hoodie,Fashion,UrbanThread,14,54.99,47.11,67,3156.37,2218.37,70.28,51.71,70,0,4,3,Easter,0.0,-2.3
2026-03-21,F001,Premium Hoodie,Fashion,UrbanThread,14,54.99,46.11,76,3504.36,2440.36,69.64,59.0,30,1,5,3,Easter,0.0,-2.3
2026-03-22,F001,Premium Hoodie,Fashion,UrbanThread,14,54.99,50.43,77,3883.11,2805.11,72.24,61.46,33,1,6,3,Easter,0.0,-2.3
2026-03-23,F001,Premium Hoodie,Fashion,UrbanThread,14,54.99,49.97,60,2998.2,2158.2,71.98,59.85,61,0,0,3,Easter,0.0,-2.3
2026-03-24,F001,Premium Hoodie,Fashion,UrbanThread,14,54.99,51.75,61,3156.75,2302.75,72.95,47.79,91,0,1,3,Easter,0.0,-2.3
2026-03-25,F001,Premium Hoodie,Fashion,UrbanThread,14,54.99,51.75,57,2949.75,2151.75,72.95,48.29,102,0,2,3,Easter,0.0,-2.3
2026-03-26,F001,Premium Hoodie,Fashion,UrbanThread,14,54.99,56.6,47,2660.2,2002.2,75.27,61.24,109,0,3,3,Easter,0.0,-2.3
2026-03-27,F001,Premium Hoodie,Fashion,UrbanThread,14,54.99,52.25,57,2978.25,2180.25,73.21,51.97,83,0,4,3,Easter,0.0,-2.3
2026-03-28,F001,Premium Hoodie,Fashion,UrbanThread,14,54.99,59.19,52,3077.88,2349.88,76.35,61.47,94,1,5,3,Easter,0.0,-2.3
2026-03-29,F001,Premium Hoodie,Fashion,UrbanThread,14,54.99,62.5,46,2875.0,2231.0,77.6,56.5,116,1,6,3,Easter,0.0,-2.3
2026-03-30,F001,Premium Hoodie,Fashion,UrbanThread,14,54.99,61.24,33,2020.92,1558.92,77.14,48.46,129,0,0,3,Easter,0.0,-2.3
2026-03-31,F001,Premium Hoodie,Fashion,UrbanThread,14,54.99,65.71,32,2102.72,1654.72,78.69,62.42,140,0,1,3,Easter,0.0,-2.3
2026-04-01,F001,Premium Hoodie,Fashion,UrbanThread,14,54.99,62.91,40,2516.4,1956.4,77.75,57.2,103,0,2,4,Easter,0.0,-2.3
2026-04-02,F001,Premium Hoodie,Fashion,UrbanThread,14,54.99,61.97,33,2045.01,1583.01,77.41,54.54,116,0,3,4,Easter,0.0071,-2.3
2026-04-03,F001,Premium Hoodie,Fashion,UrbanThread,14,54.99,62.49,35,2187.15,1697.15,77.6,62.77,123,0,4,4,Easter,0.0143,-2.3
2026-04-04,F001,Premium Hoodie,Fashion,UrbanThread,14,54.99,60.51,45,2722.95,2092.95,76.86,56.82,101,1,5,4,Easter,0.0214,-2.3
2026-04-05,F001,Premium Hoodie,Fashion,UrbanThread,14,54.99,62.27,38,2366.26,1834.26,77.52,46.83,104,1,6,4,Easter,0.0286,-2.3
2026-04-06,F001,Premium Hoodie,Fashion,UrbanThread,14,54.99,60.61,38,2303.18,1771.18,76.9,59.98,127,0,0,4,Easter,0.0357,-2.3
2026-04-07,F001,Premium Hoodie,Fashion,UrbanThread,14,54.99,56.74,47,2666.78,2008.78,75.33,62.11,102,0,1,4,Easter,0.0429,-2.3
2026-04-08,F001,Premium Hoodie,Fashion,UrbanThread,14,54.99,58.7,41,2406.7,1832.7,76.15,48.62,112,0,2,4,Easter,0.05,-2.3
2026-04-09,F001,Premium Hoodie,Fashion,UrbanThread,14,54.99,58.48,44,2573.12,1957.12,76.06,54.88,120,0,3,4,Easter,0.0571,-2.3
2026-04-10,F001,Premium Hoodie,Fashion,UrbanThread,14,54.99,53.82,48,2583.36,1911.36,73.99,53.7,100,0,4,4,Easter,0.0643,-2.3
2026-04-11,F001,Premium Hoodie,Fashion,UrbanThread,14,54.99,53.72,65,3491.8,2581.8,73.94,56.77,62,1,5,4,Easter,0.0714,-2.3
2026-04-12,F001,Premium Hoodie,Fashion,UrbanThread,14,54.99,50.84,74,3762.16,2726.16,72.46,50.99,34,1,6,4,Easter,0.1,-2.3
2026-04-13,F001,Premium Hoodie,Fashion,UrbanThread,14,54.99,52.8,63,3326.4,2444.4,73.48,48.63,69,0,0,4,Easter,0.1,-2.3
2026-04-14,F001,Premium Hoodie,Fashion,UrbanThread,14,54.99,45.31,78,3534.18,2442.18,69.1,48.74,41,0,1,4,Easter,0.1,-2.3
2026-04-15,F001,Premium Hoodie,Fashion,UrbanThread,14,54.99,47.63,75,3572.25,2522.25,70.61,48.06,44,0,2,4,Easter,0.1,-2.3
2026-04-16,F001,Premium Hoodie,Fashion,UrbanThread,14,54.99,47.42,77,3651.34,2573.34,70.48,57.94,40,0,3,4,Easter,0.1,-2.3
2026-04-17,F001,Premium Hoodie,Fashion,UrbanThread,14,54.99,46.62,78,3636.36,2544.36,69.97,57.24,61,0,4,4,Easter,0.1,-2.3
2026-04-18,F001,Premium Hoodie,Fashion,UrbanThread,14,54.99,48.36,84,4062.24,2886.24,71.05,58.68,17,1,5,4,Easter,0.1,-2.3
2026-04-19,F001,Premium Hoodie,Fashion,UrbanThread,14,54.99,45.26,94,4254.44,2938.44,69.07,46.93,9,1,6,4,Easter,0.0714,-2.3
2026-04-20,F001,Premium Hoodie,Fashion,UrbanThread,14,54.99,47.63,61,2905.43,2051.43,70.61,56.26,60,0,0,4,Easter,0.0643,-2.3
2026-04-21,F001,Premium Hoodie,Fashion,UrbanThread,14,54.99,49.12,61,2996.32,2142.32,71.5,52.4,87,0,1,4,Easter,0.0571,-2.3
2026-04-22,F001,Premium Hoodie,Fashion,UrbanThread,14,54.99,51.74,60,3104.4,2264.4,72.94,58.17,77,0,2,4,Easter,0.05,-2.3
2026-04-23,F001,Premium Hoodie,Fashion,UrbanThread,14,54.99,49.67,68,3377.56,2425.56,71.81,51.79,76,0,3,4,Easter,0.0429,-2.3
2026-04-24,F001,Premium Hoodie,Fashion,UrbanThread,14,54.99,55.57,48,2667.36,1995.36,74.81,60.31,118,0,4,4,Easter,0.0357,-2.3
2026-04-25,F001,Premium Hoodie,Fashion,UrbanThread,14,54.99,54.77,62,3395.74,2527.74,74.44,52.0,79,1,5,4,Easter,0.0286,-2.3
2026-04-26,F001,Premium Hoodie,Fashion,UrbanThread,14,54.99,58.86,42,2472.12,1884.12,76.21,58.38,124,1,6,4,Easter,0.0214,-2.3
2026-04-27,F001,Premium Hoodie,Fashion,UrbanThread,14,54.99,56.55,45,2544.75,1914.75,75.24,53.84,96,0,0,4,Easter,0.0143,-2.3
2026-04-28,F001,Premium Hoodie,Fashion,UrbanThread,14,54.99,59.33,43,2551.19,1949.19,76.4,49.29,95,0,1,4,Easter,0.0071,-2.3
2026-04-29,F001,Premium Hoodie,Fashion,UrbanThread,14,54.99,63.28,39,2467.92,1921.92,77.88,52.36,105,0,2,4,Mothers Day,0.0129,-2.3
2026-04-30,F001,Premium Hoodie,Fashion,UrbanThread,14,54.99,59.36,39,2315.04,1769.04,76.42,57.91,126,0,3,4,Mothers Day,0.0257,-2.3
2026-05-01,F001,Premium Hoodie,Fashion,UrbanThread,14,54.99,60.8,43,2614.4,2012.4,76.97,63.04,112,0,4,5,Mothers Day,0.0386,-2.3
2026-05-02,F001,Premium Hoodie,Fashion,UrbanThread,14,54.99,61.86,52,3216.72,2488.72,77.37,54.75,77,1,5,5,Mothers Day,0.0514,-2.3
2026-05-03,F001,Premium Hoodie,Fashion,UrbanThread,14,54.99,64.09,47,3012.23,2354.23,78.16,53.08,88,1,6,5,Mothers Day,0.0643,-2.3
2026-05-04,F001,Premium Hoodie,Fashion,UrbanThread,14,54.99,62.69,42,2632.98,2044.98,77.67,49.38,97,0,0,5,Mothers Day,0.0771,-2.3
2026-05-05,F001,Premium Hoodie,Fashion,UrbanThread,14,54.99,61.71,51,3147.21,2433.21,77.31,51.51,114,0,1,5,Mothers Day,0.09,-2.3
2026-05-06,F001,Premium Hoodie,Fashion,UrbanThread,14,54.99,62.27,44,2739.88,2123.88,77.52,56.69,125,0,2,5,Mothers Day,0.1029,-2.3
2026-05-07,F001,Premium Hoodie,Fashion,UrbanThread,14,54.99,59.66,52,3102.32,2374.32,76.53,53.1,90,0,3,5,Mothers Day,0.1157,-2.3
2026-05-08,F001,Premium Hoodie,Fashion,UrbanThread,14,54.99,56.38,58,3270.04,2458.04,75.17,55.88,86,0,4,5,Mothers Day,0.1286,-2.3
2026-05-09,F001,Premium Hoodie,Fashion,UrbanThread,14,54.99,57.76,68,3927.68,2975.68,75.76,54.01,56,1,5,5,Mothers Day,0.18,-2.3
2026-05-10,F001,Premium Hoodie,Fashion,UrbanThread,14,54.99,53.69,74,3973.06,2937.06,73.92,47.69,46,1,6,5,Mothers Day,0.18,-2.3
