backend/data/transactions.csv
date,product_id,product_name,category,brand,cost,base_price,price,demand,revenue,profit,margin,competitor_price,stock,is_weekend,day_of_week,month,holiday_name,holiday_boost,elasticity
2026-02-09,F004,Aviator Sunglasses,Fashion,ShadeCraft,8,29.99,32.35,44,1423.4,1071.4,75.27,31.15,120,0,0,2,Valentines Day,0.1286,-2.8
2026-02-10,F004,Aviator Sunglasses,Fashion,ShadeCraft,8,29.99,29.31,73,2139.63,1555.63,72.71,33.01,67,0,1,2,Valentines Day,0.1429,-2.8
2026-02-11,F004,Aviator Sunglasses,Fashion,ShadeCraft,8,29.99,28.11,83,2333.13,1669.13,71.54,28.49,46,0,2,2,Valentines Day,0.2,-2.8
2026-02-12,F004,Aviator Sunglasses,Fashion,ShadeCraft,8,29.99,26.16,91,2380.56,1652.56,69.42,33.18,33,0,3,2,Valentines Day,0.2,-2.8
2026-02-13,F004,Aviator Sunglasses,Fashion,ShadeCraft,8,29.99,25.93,94,2437.42,1685.42,69.15,28.98,24,0,4,2,Valentines Day,0.2,-2.8
2026-02-14,F004,Aviator Sunglasses,Fashion,ShadeCraft,8,29.99,26.06,108,2814.48,1950.48,69.3,26.09,5,1,5,2,Valentines Day,0.2,-2.8
2026-02-15,F004,Aviator Sunglasses,Fashion,ShadeCraft,8,29.99,26.48,84,2224.32,1552.32,69.79,34.2,15,1,6,2,Valentines Day,0.2,-2.8
2026-02-16,F004,Aviator Sunglasses,Fashion,ShadeCraft,8,29.99,24.97,107,2671.79,1815.79,67.96,28.87,5,0,0,2,Valentines Day,0.2,-2.8
2026-02-17,F004,Aviator Sunglasses,Fashion,ShadeCraft,8,29.99,23.83,126,3002.58,1994.58,66.43,27.47,5,0,1,2,Valentines Day,0.2,-2.8
2026-02-18,F004,Aviator Sunglasses,Fashion,ShadeCraft,8,29.99,25.15,97,2439.55,1663.55,68.19,28.82,5,0,2,2,Valentines Day,0.1429,-2.8
2026-02-19,F004,Aviator Sunglasses,Fashion,ShadeCraft,8,29.99,26.9,88,2367.2,1663.2,70.26,31.87,5,0,3,2,Valentines Day,0.1286,-2.8
2026-02-20,F004,Aviator Sunglasses,Fashion,ShadeCraft,8,29.99,27.23,70,1906.1,1346.1,70.62,29.85,40,0,4,2,Valentines Day,0.1143,-2.8
2026-02-21,F004,Aviator Sunglasses,Fashion,ShadeCraft,8,29.99,27.88,86,2397.68,1709.68,71.31,30.43,11,1,5,2,Valentines Day,0.1,-2.8
2026-02-22,F004,Aviator Sunglasses,Fashion,ShadeCraft,8,29.99,28.57,84,2399.88,1727.88,72.0,32.53,42,1,6,2,Valentines Day,0.0857,-2.8
2026-02-23,F004,Aviator Sunglasses,Fashion,ShadeCraft,8,29.99,29.13,68,1980.84,1436.84,72.54,26.75,71,0,0,2,Valentines Day,0.0714,-2.8
2026-02-24,F004,Aviator Sunglasses,Fashion,ShadeCraft,8,29.99,31.25,52,1625.0,1209.0,74.4,27.02,84,0,1,2,Valentines Day,0.0571,-2.8
2026-02-25,F004,Aviator Sunglasses,Fashion,ShadeCraft,8,29.99,31.19,51,1590.69,1182.69,74.35,33.66,108,0,2,2,Valentines Day,0.0429,-2.8
2026-02-26,F004,Aviator Sunglasses,Fashion,ShadeCraft,8,29.99,33.35,43,1434.05,1090.05,76.01,33.49,117,0,3,2,Valentines Day,0.0286,-2.8
2026-02-27,F004,Aviator Sunglasses,Fashion,ShadeCraft,8,29.99,31.71,47,1490.37,1114.37,74.77,29.76,115,0,4,2,Valentines Day,0.0143,-2.8
2026-02-28,F004,Aviator Sunglasses,Fashion,ShadeCraft,8,29.99,32.57,45,1465.65,1105.65,75.44,28.31,100,1,5,2,Valentines Day,0.0,-2.8
2026-03-01,F004,Aviator Sunglasses,Fashion,ShadeCraft,8,29.99,33.55,39,1308.45,996.45,76.15,33.66,122,1,6,3,Valentines Day,0.0,-2.8
2026-03-02,F004,Aviator Sunglasses,Fashion,ShadeCraft,8,29.99,33.45,43,1438.35,1094.35,76.08,32.89,120,0,0,3,Valentines Day,0.0,-2.8
2026-03-03,F004,Aviator Sunglasses,Fashion,ShadeCraft,8,29.99,33.87,40,1354.8,1034.8,76.38,31.72,111,0,1,3,Valentines Day,0.0,-2.8
2026-03-04,F004,Aviator Sunglasses,Fashion,ShadeCraft,8,29.99,34.62,37,1280.94,984.94,76.89,28.41,117,0,2,3,Valentines Day,0.0,-2.8
2026-03-05,F004,Aviator Sunglasses,Fashion,ShadeCraft,8,29.99,34.81,32,1113.92,857.92,77.02,27.46,140,0,3,3,Valentines Day,0.0,-2.8
2026-03-06,F004,Aviator Sunglasses,Fashion,ShadeCraft,8,29.99,34.65,32,1108.8,852.8,76.91,32.82,147,0,4,3,Valentines Day,0.0,-2.8
2026-03-07,F004,Aviator Sunglasses,Fashion,ShadeCraft,8,29.99,32.71,49,1602.79,1210.79,75.54,26.29,110,1,5,3,Valentines Day,0.0,-2.8
2026-03-08,F004,Aviator Sunglasses,Fashion,ShadeCraft,8,29.99,31.73,43,1364.39,1020.39,74.79,25.77,104,1,6,3,Valentines Day,0.0,-2.8
2026-03-09,F004,Aviator Sunglasses,Fashion,ShadeCraft,8,29.99,32.13,38,1220.94,916.94,75.1,25.84,131,0,0,3,Valentines Day,0.0,-2.8
2026-03-10,F004,Aviator Sunglasses,Fashion,ShadeCraft,8,29.99,31.54,44,1387.76,1035.76,74.64,33.48,105,0,1,3,Valentines Day,0.0,-2.8
2026-03-11,F004,Aviator Sunglasses,Fashion,ShadeCraft,8,29.99,30.29,52,1575.08,1159.08,73.59,27.73,99,0,2,3,Valentines Day,0.0,-2.8
2026-03-12,F004,Aviator Sunglasses,Fashion,ShadeCraft,8,29.99,29.74,56,1665.44,1217.44,73.1,33.21,108,0,3,3,Valentines Day,0.0,-2.8
2026-03-13,F004,Aviator Sunglasses,Fashion,ShadeCraft,8,29.99,27.25,67,1825.75,1289.75,70.64,25.69,60,0,4,3,Valentines Day,0.0,-2.8
2026-03-14,F004,Aviator Sunglasses,Fashion,ShadeCraft,8,29.99,27.65,84,2322.6,1650.6,71.07,28.31,38,1,5,3,Valentines Day,0.0,-2.8
2026-03-15,F004,Aviator Sunglasses,Fashion,ShadeCraft,8,29.99,27.21,88,2394.48,1690.48,70.6,32.35,6,1,6,3,Valentines Day,0.0,-2.8
2026-03-16,F004,Aviator Sunglasses,Fashion,ShadeCraft,8,29.99,26.44,81,2141.64,1493.64,69.74,30.56,43,0,0,3,Valentines Day,0.0,-2.8
2026-03-17,F004,Aviator Sunglasses,Fashion,ShadeCraft,8,29.99,25.94,85,2204.9,1524.9,69.16,30.72,50,0,1,3,Easter,0.0,-2.8
2026-03-18,F004,Aviator Sunglasses,Fashion,ShadeCraft,8,29.99,25.2,96,2419.2,1651.2,68.25,31.86,5,0,2,3,Easter,0.0,-2.8
2026-03-19,F004,Aviator Sunglasses,Fashion,ShadeCraft,8,29.99,25.97,70,1817.9,1257.9,69.2,33.84,77,0,3,3,Easter,0.0,-2.8
2026-03-20,F004,Aviator Sunglasses,Fashion,ShadeCraft,8,29.99,26.04,65,1692.6,1172.6,69.28,27.4,90,0,4,3,Easter,0.0,-2.8
2026-03-21,F004,Aviator Sunglasses,Fashion,ShadeCraft,8,29.99,26.66,90,2399.4,1679.4,69.99,30.83,5,1,5,3,Easter,0.0,-2.8
2026-03-22,F004,Aviator Sunglasses,Fashion,ShadeCraft,8,29.99,28.41,67,1903.47,1367.47,71.84,31.59,61,1,6,3,Easter,0.0,-2.8
2026-03-23,F004,Aviator Sunglasses,Fashion,ShadeCraft,8,29.99,29.11,57,1659.27,1203.27,72.52,31.76,92,0,0,3,Easter,0.0,-2.8
2026-03-24,F004,Aviator Sunglasses,Fashion,ShadeCraft,8,29.99,27.49,64,1759.36,1247.36,70.9,31.21,76,0,1,3,Easter,0.0,-2.8
2026-03-25,F004,Aviator Sunglasses,Fashion,ShadeCraft,8,29.99,29.56,51,1507.56,1099.56,72.94,29.59,105,0,2,3,Easter,0.0,-2.8
2026-03-26,F004,Aviator Sunglasses,Fashion,ShadeCraft,8,29.99,29.69,55,1632.95,1192.95,73.05,25.66,101,0,3,3,Easter,0.0,-2.8
2026-03-27,F004,Aviator Sunglasses,Fashion,ShadeCraft,8,29.99,32.32,45,1454.4,1094.4,75.25,33.03,122,0,4,3,Easter,0.0,-2.8
2026-03-28,F004,Aviator Sunglasses,Fashion,ShadeCraft,8,29.99,31.86,53,1688.58,1264.58,74.89,29.89,90,1,5,3,Easter,0.0,-2.8
2026-03-29,F004,Aviator Sunglasses,Fashion,ShadeCraft,8,29.99,32.85,42,1379.7,1043.7,75.65,27.98,133,1,6,3,Easter,0.0,-2.8
2026-03-30,F004,Aviator Sunglasses,Fashion,ShadeCraft,8,29.99,34.91,39,1361.49,1049.49,77.08,28.68,104,0,0,3,Easter,0.0,-2.8
2026-03-31,F004,Aviator Sunglasses,Fashion,ShadeCraft,8,29.99,33.82,36,1217.52,929.52,76.35,26.25,132,0,1,3,Easter,0.0,-2.8
2026-04-01,F004,Aviator Sunglasses,Fashion,ShadeCraft,8,29.99,33.25,41,1363.25,1035.25,75.94,33.26,133,0,2,4,Easter,0.0,-2.8
2026-04-02,F004,Aviator Sunglasses,Fashion,ShadeCraft,8,29.99,35.03,32,1120.96,864.96,77.16,28.07,148,0,3,4,Easter,0.0071,-2.8
2026-04-03,F004,Aviator Sunglasses,Fashion,ShadeCraft,8,29.99,34.69,38,1318.22,1014.22,76.94,34.25,123,0,4,4,Easter,0.0143,-2.8
2026-04-04,F004,Aviator Sunglasses,Fashion,ShadeCraft,8,29.99,33.8,43,1453.4,1109.4,76.33,34.27,127,1,5,4,Easter,0.0214,-2.8
2026-04-05,F004,Aviator Sunglasses,Fashion,ShadeCraft,8,29.99,33.7,42,1415.4,1079.4,76.26,26.13,104,1,6,4,Easter,0.0286,-2.8
2026-04-06,F004,Aviator Sunglasses,Fashion,ShadeCraft,8,29.99,33.17,36,1194.12,906.12,75.88,27.91,112,0,0,4,Easter,0.0357,-2.8
2026-04-07,F004,Aviator Sunglasses,Fashion,ShadeCraft,8,29.99,32.4,43,1393.2,1049.2,75.31,34.25,124,0,1,4,Easter,0.0429,-2.8
2026-04-08,F004,Aviator Sunglasses,Fashion,ShadeCraft,8,29.99,31.76,49,1556.24,1164.24,74.81,28.0,114,0,2,4,Easter,0.05,-2.8
2026-04-09,F004,Aviator Sunglasses,Fashion,ShadeCraft,8,29.99,29.84,51,1521.84,1113.84,73.19,27.58,83,0,3,4,Easter,0.0571,-2.8
2026-04-10,F004,Aviator Sunglasses,Fashion,ShadeCraft,8,29.99,29.3,53,1552.9,1128.9,72.7,31.56,77,0,4,4,Easter,0.0643,-2.8
2026-04-11,F004,Aviator Sunglasses,Fashion,ShadeCraft,8,29.99,29.59,64,1893.76,1381.76,72.96,26.81,66,1,5,4,Easter,0.0714,-2.8
2026-04-12,F004,Aviator Sunglasses,Fashion,ShadeCraft,8,29.99,28.13,74,2081.62,1489.62,71.56,28.21,55,1,6,4,Easter,0.1,-2.8
2026-04-13,F004,Aviator Sunglasses,Fashion,ShadeCraft,8,29.99,27.02,79,2134.58,1502.58,70.39,30.72,42,0,0,4,Easter,0.1,-2.8
2026-04-14,F004,Aviator Sunglasses,Fashion,ShadeCraft,8,29.99,26.96,71,1914.16,1346.16,70.33,27.95,58,0,1,4,Easter,0.1,-2.8
2026-04-15,F004,Aviator Sunglasses,Fashion,ShadeCraft,8,29.99,26.02,80,2081.6,1441.6,69.25,28.25,53,0,2,4,Easter,0.1,-2.8
2026-04-16,F004,Aviator Sunglasses,Fashion,ShadeCraft,8,29.99,25.61,85,2176.85,1496.85,68.76,29.62,39,0,3,4,Easter,0.1,-2.8
2026-04-17,F004,Aviator Sunglasses,Fashion,ShadeCraft,8,29.99,27.16,81,2199.96,1551.96,70.54,32.48,52,0,4,4,Easter,0.1,-2.8
2026-04-18,F004,Aviator Sunglasses,Fashion,ShadeCraft,8,29.99,25.87,85,2198.95,1518.95,69.08,33.05,50,1,5,4,Easter,0.1,-2.8
2026-04-19,F004,Aviator Sunglasses,Fashion,ShadeCraft,8,29.99,25.46,109,2775.14,1903.14,68.58,27.25,5,1,6,4,Easter,0.0714,-2.8
2026-04-20,F004,Aviator Sunglasses,Fashion,ShadeCraft,8,29.99,26.05,94,2448.7,1696.7,69.29,29.84,26,0,0,4,Easter,0.0643,-2.8
2026-04-21,F004,Aviator Sunglasses,Fashion,ShadeCraft,8,29.99,27.5,69,1897.5,1345.5,70.91,29.15,55,0,1,4,Easter,0.0571,-2.8
2026-04-22,F004,Aviator Sunglasses,Fashion,ShadeCraft,8,29.99,28.75,61,1753.75,1265.75,72.17,26.63,66,0,2,4,Easter,0.05,-2.8
2026-04-23,F004,Aviator Sunglasses,Fashion,ShadeCraft,8,29.99,29.87,62,1851.94,1355.94,73.22,29.9,82,0,3,4,Easter,0.0429,-2.8
2026-04-24,F004,Aviator Sunglasses,Fashion,ShadeCraft,8,29.99,29.32,51,1495.32,1087.32,72.71,28.84,104,0,4,4,Easter,0.0357,-2.8
2026-04-25,F004,Aviator Sunglasses,Fashion,ShadeCraft,8,29.99,30.19,55,1660.45,1220.45,73.5,27.16,81,1,5,4,Easter,0.0286,-2.8
2026-04-26,F004,Aviator Sunglasses,Fashion,ShadeCraft,8,29.99,30.38,57,1731.66,1275.66,73.67,32.92,77,1,6,4,Easter,0.0214,-2.8
2026-04-27,F004,Aviator Sunglasses,Fashion,ShadeCraft,8,29.99,30.83,50,1541.5,1141.5,74.05,28.86,112,0,0,4,Easter,0.0143,-2.8
2026-04-28,F004,Aviator Sunglasses,Fashion,ShadeCraft,8,29.99,31.99,43,1375.57,1031.57,74.99,30.5,128,0,1,4,Easter,0.0071,-2.8
2026-04-29,F004,Aviator Sunglasses,Fashion,ShadeCraft,8,29.99,32.86,43,1412.98,1068.98,75.65,31.54,103,0,2,4,Mothers Day,0.0129,-2.8
2026-04-30,F004,Aviator Sunglasses,Fashion,ShadeCraft,8,29.99,34.25,36,1233.0,945.0,76.64,27.74,119,0,3,4,Mothers Day,0.0257,-2.8
2026-05-01,F004,Aviator Sunglasses,Fashion,ShadeCraft,8,29.99,34.75,44,1529.0,1177.0,76.98,32.24,98,0,4,5,Mothers Day,0.0386,-2.8
2026-05-02,F004,Aviator Sunglasses,Fashion,ShadeCraft,8,29.99,32.59,54,1759.86,1327.86,75.45,26.34,91,1,5,5,Mothers Day,0.0514,-2.8
2026-05-03,F004,Aviator Sunglasses,Fashion,ShadeCraft,8,29.99,33.62,49,1647.38,1255.38,76.2,27.63,118,1,6,5,Mothers Day,0.0643,-2.8
2026-05-04,F004,Aviator Sunglasses,Fashion,ShadeCraft,8,29.99,32.25,43,1386.75,1042.75,75.19,32.33,100,0,0,5,Mothers Day,0.0771,-2.8
2026-05-05,F004,Aviator Sunglasses,Fashion,ShadeCraft,8,29.99,31.41,54,1696.14,1264.14,74.53,30.86,112,0,1,5,Mothers Day,0.09,-2.8
2026-05-06,F004,Aviator Sunglasses,Fashion,ShadeCraft,8,29.99,32.86,56,1840.16,1392.16,75.65,32.94,75,0,2,5,Mothers Day,0.1029,-2.8
2026-05-07,F004,Aviator Sunglasses,Fashion,ShadeCraft,8,29.99,32.76,42,1375.92,1039.92,75.58,31.03,132,0,3,5,Mothers Day,0.1157,-2.8
2026-05-08,F004,Aviator Sunglasses,Fashion,ShadeCraft,8,29.99,32.28,71,2291.88,1723.88,75.22,25.94,39,0,4,5,Mothers Day,0.1286,-2.8
2026-05-09,F004,Aviator Sunglasses,Fashion,ShadeCraft,8,29.99,29.05,99,2875.95,2083.95,72.46,33.04,5,1,5,5,Mothers Day,0.18,-2.8
2026-05-10,F004,Aviator Sunglasses,Fashion,ShadeCraft,8,29.99,29.95,77,2306.15,1690.15,73.29,27.63,28,1,6,5,Mothers Day,0.18,-2.8
