backend/data/transactions.csv
date,product_id,product_name,category,brand,cost,base_price,price,demand,revenue,profit,margin,competitor_price,stock,is_weekend,day_of_week,month,holiday_name,holiday_boost,elasticity
2026-02-09,F005,Slim Fit Chinos,Fashion,UrbanThread,16,49.99,49.14,55,2702.7,1822.7,67.44,51.61,81,0,0,2,Valentines Day,0.1286,-2.0
2026-02-10,F005,Slim Fit Chinos,Fashion,UrbanThread,16,49.99,47.81,52,2486.12,1654.12,66.53,54.51,92,0,1,2,Valentines Day,0.1429,-2.0
2026-02-11,F005,Slim Fit Chinos,Fashion,UrbanThread,16,49.99,46.14,67,3091.38,2019.38,65.32,54.08,55,0,2,2,Valentines Day,0.2,-2.0
2026-02-12,F005,Slim Fit Chinos,Fashion,UrbanThread,16,49.99,46.61,73,3402.53,2234.53,65.67,56.43,49,0,3,2,Valentines Day,0.2,-2.0
2026-02-13,F005,Slim Fit Chinos,Fashion,UrbanThread,16,49.99,44.56,77,3431.12,2199.12,64.09,54.12,35,0,4,2,Valentines Day,0.2,-2.0
2026-02-14,F005,Slim Fit Chinos,Fashion,UrbanThread,16,49.99,43.2,85,3672.0,2312.0,62.96,56.91,37,1,5,2,Valentines Day,0.2,-2.0
2026-02-15,F005,Slim Fit Chinos,Fashion,UrbanThread,16,49.99,42.68,89,3798.52,2374.52,62.51,51.66,29,1,6,2,Valentines Day,0.2,-2.0
2026-02-16,F005,Slim Fit Chinos,Fashion,UrbanThread,16,49.99,43.84,69,3024.96,1920.96,63.5,56.7,77,0,0,2,Valentines Day,0.2,-2.0
2026-02-17,F005,Slim Fit Chinos,Fashion,UrbanThread,16,49.99,41.2,87,3584.4,2192.4,61.17,46.71,45,0,1,2,Valentines Day,0.2,-2.0
2026-02-18,F005,Slim Fit Chinos,Fashion,UrbanThread,16,49.99,44.17,75,3312.75,2112.75,63.78,57.34,42,0,2,2,Valentines Day,0.1429,-2.0
2026-02-19,F005,Slim Fit Chinos,Fashion,UrbanThread,16,49.99,42.59,70,2981.3,1861.3,62.43,49.13,50,0,3,2,Valentines Day,0.1286,-2.0
2026-02-20,F005,Slim Fit Chinos,Fashion,UrbanThread,16,49.99,45.91,59,2708.69,1764.69,65.15,56.52,69,0,4,2,Valentines Day,0.1143,-2.0
2026-02-21,F005,Slim Fit Chinos,Fashion,UrbanThread,16,49.99,46.54,66,3071.64,2015.64,65.62,43.42,52,1,5,2,Valentines Day,0.1,-2.0
2026-02-22,F005,Slim Fit Chinos,Fashion,UrbanThread,16,49.99,47.43,58,2750.94,1822.94,66.27,44.75,103,1,6,2,Valentines Day,0.0857,-2.0
2026-02-23,F005,Slim Fit Chinos,Fashion,UrbanThread,16,49.99,48.56,40,1942.4,1302.4,67.05,46.19,119,0,0,2,Valentines Day,0.0714,-2.0
2026-02-24,F005,Slim Fit Chinos,Fashion,UrbanThread,16,49.99,51.8,48,2486.4,1718.4,69.11,53.8,107,0,1,2,Valentines Day,0.0571,-2.0
2026-02-25,F005,Slim Fit Chinos,Fashion,UrbanThread,16,49.99,50.13,54,2707.02,1843.02,68.08,48.53,107,0,2,2,Valentines Day,0.0429,-2.0
2026-02-26,F005,Slim Fit Chinos,Fashion,UrbanThread,16,49.99,54.74,36,1970.64,1394.64,70.77,46.57,116,0,3,2,Valentines Day,0.0286,-2.0
2026-02-27,F005,Slim Fit Chinos,Fashion,UrbanThread,16,49.99,53.6,37,1983.2,1391.2,70.15,48.94,139,0,4,2,Valentines Day,0.0143,-2.0
2026-02-28,F005,Slim Fit Chinos,Fashion,UrbanThread,16,49.99,56.09,40,2243.6,1603.6,71.47,50.46,112,1,5,2,Valentines Day,0.0,-2.0
2026-03-01,F005,Slim Fit Chinos,Fashion,UrbanThread,16,49.99,53.62,46,2466.52,1730.52,70.16,51.43,105,1,6,3,Valentines Day,0.0,-2.0
2026-03-02,F005,Slim Fit Chinos,Fashion,UrbanThread,16,49.99,58.49,34,1988.66,1444.66,72.64,47.65,141,0,0,3,Valentines Day,0.0,-2.0
2026-03-03,F005,Slim Fit Chinos,Fashion,UrbanThread,16,49.99,58.26,34,1980.84,1436.84,72.54,54.8,135,0,1,3,Valentines Day,0.0,-2.0
2026-03-04,F005,Slim Fit Chinos,Fashion,UrbanThread,16,49.99,58.55,34,1990.7,1446.7,72.67,48.48,125,0,2,3,Valentines Day,0.0,-2.0
2026-03-05,F005,Slim Fit Chinos,Fashion,UrbanThread,16,49.99,56.94,36,2049.84,1473.84,71.9,51.14,127,0,3,3,Valentines Day,0.0,-2.0
2026-03-06,F005,Slim Fit Chinos,Fashion,UrbanThread,16,49.99,58.76,35,2056.6,1496.6,72.77,42.98,136,0,4,3,Valentines Day,0.0,-2.0
2026-03-07,F005,Slim Fit Chinos,Fashion,UrbanThread,16,49.99,54.13,45,2435.85,1715.85,70.44,45.08,113,1,5,3,Valentines Day,0.0,-2.0
2026-03-08,F005,Slim Fit Chinos,Fashion,UrbanThread,16,49.99,54.9,43,2360.7,1672.7,70.86,54.77,133,1,6,3,Valentines Day,0.0,-2.0
2026-03-09,F005,Slim Fit Chinos,Fashion,UrbanThread,16,49.99,50.18,43,2157.74,1469.74,68.11,43.25,96,0,0,3,Valentines Day,0.0,-2.0
2026-03-10,F005,Slim Fit Chinos,Fashion,UrbanThread,16,49.99,50.93,51,2597.43,1781.43,68.58,45.89,103,0,1,3,Valentines Day,0.0,-2.0
2026-03-11,F005,Slim Fit Chinos,Fashion,UrbanThread,16,49.99,50.72,39,1978.08,1354.08,68.45,47.88,135,0,2,3,Valentines Day,0.0,-2.0
2026-03-12,F005,Slim Fit Chinos,Fashion,UrbanThread,16,49.99,48.29,55,2655.95,1775.95,66.87,47.75,85,0,3,3,Valentines Day,0.0,-2.0
2026-03-13,F005,Slim Fit Chinos,Fashion,UrbanThread,16,49.99,46.06,59,2717.54,1773.54,65.26,45.63,65,0,4,3,Valentines Day,0.0,-2.0
2026-03-14,F005,Slim Fit Chinos,Fashion,UrbanThread,16,49.99,43.3,55,2381.5,1501.5,63.05,55.1,79,1,5,3,Valentines Day,0.0,-2.0
2026-03-15,F005,Slim Fit Chinos,Fashion,UrbanThread,16,49.99,46.22,60,2773.2,1813.2,65.38,54.84,75,1,6,3,Valentines Day,0.0,-2.0
2026-03-16,F005,Slim Fit Chinos,Fashion,UrbanThread,16,49.99,40.69,67,2726.23,1654.23,60.68,56.48,51,0,0,3,Valentines Day,0.0,-2.0
2026-03-17,F005,Slim Fit Chinos,Fashion,UrbanThread,16,49.99,43.14,64,2760.96,1736.96,62.91,50.46,53,0,1,3,Easter,0.0,-2.0
2026-03-18,F005,Slim Fit Chinos,Fashion,UrbanThread,16,49.99,38.8,72,2793.6,1641.6,58.76,44.91,62,0,2,3,Easter,0.0,-2.0
2026-03-19,F005,Slim Fit Chinos,Fashion,UrbanThread,16,49.99,42.62,66,2812.92,1756.92,62.46,53.21,51,0,3,3,Easter,0.0,-2.0
2026-03-20,F005,Slim Fit Chinos,Fashion,UrbanThread,16,49.99,41.41,66,2733.06,1677.06,61.36,51.68,86,0,4,3,Easter,0.0,-2.0
2026-03-21,F005,Slim Fit Chinos,Fashion,UrbanThread,16,49.99,42.62,74,3153.88,1969.88,62.46,47.81,54,1,5,3,Easter,0.0,-2.0
2026-03-22,F005,Slim Fit Chinos,Fashion,UrbanThread,16,49.99,46.16,60,2769.6,1809.6,65.34,54.71,84,1,6,3,Easter,0.0,-2.0
2026-03-23,F005,Slim Fit Chinos,Fashion,UrbanThread,16,49.99,43.53,57,2481.21,1569.21,63.24,44.08,80,0,0,3,Easter,0.0,-2.0
2026-03-24,F005,Slim Fit Chinos,Fashion,UrbanThread,16,49.99,49.54,44,2179.76,1475.76,67.7,52.36,95,0,1,3,Easter,0.0,-2.0
2026-03-25,F005,Slim Fit Chinos,Fashion,UrbanThread,16,49.99,46.63,51,2378.13,1562.13,65.69,44.84,111,0,2,3,Easter,0.0,-2.0
2026-03-26,F005,Slim Fit Chinos,Fashion,UrbanThread,16,49.99,49.85,44,2193.4,1489.4,67.9,45.01,127,0,3,3,Easter,0.0,-2.0
2026-03-27,F005,Slim Fit Chinos,Fashion,UrbanThread,16,49.99,49.28,49,2414.72,1630.72,67.53,50.03,111,0,4,3,Easter,0.0,-2.0
2026-03-28,F005,Slim Fit Chinos,Fashion,UrbanThread,16,49.99,53.38,49,2615.62,1831.62,70.03,51.94,98,1,5,3,Easter,0.0,-2.0
2026-03-29,F005,Slim Fit Chinos,Fashion,UrbanThread,16,49.99,54.7,50,2735.0,1935.0,70.75,52.65,97,1,6,3,Easter,0.0,-2.0
2026-03-30,F005,Slim Fit Chinos,Fashion,UrbanThread,16,49.99,56.72,37,2098.64,1506.64,71.79,44.69,139,0,0,3,Easter,0.0,-2.0
2026-03-31,F005,Slim Fit Chinos,Fashion,UrbanThread,16,49.99,58.28,34,1981.52,1437.52,72.55,48.96,127,0,1,3,Easter,0.0,-2.0
2026-04-01,F005,Slim Fit Chinos,Fashion,UrbanThread,16,49.99,56.84,36,2046.24,1470.24,71.85,55.15,127,0,2,4,Easter,0.0,-2.0
2026-04-02,F005,Slim Fit Chinos,Fashion,UrbanThread,16,49.99,54.52,39,2126.28,1502.28,70.65,51.09,115,0,3,4,Easter,0.0071,-2.0
2026-04-03,F005,Slim Fit Chinos,Fashion,UrbanThread,16,49.99,57.31,37,2120.47,1528.47,72.08,53.41,120,0,4,4,Easter,0.0143,-2.0
2026-04-04,F005,Slim Fit Chinos,Fashion,UrbanThread,16,49.99,58.68,41,2405.88,1749.88,72.73,56.69,114,1,5,4,Easter,0.0214,-2.0
2026-04-05,F005,Slim Fit Chinos,Fashion,UrbanThread,16,49.99,55.42,47,2604.74,1852.74,71.13,57.34,87,1,6,4,Easter,0.0286,-2.0
2026-04-06,F005,Slim Fit Chinos,Fashion,UrbanThread,16,49.99,58.04,38,2205.52,1597.52,72.43,52.81,109,0,0,4,Easter,0.0357,-2.0
2026-04-07,F005,Slim Fit Chinos,Fashion,UrbanThread,16,49.99,52.46,46,2413.16,1677.16,69.5,47.1,110,0,1,4,Easter,0.0429,-2.0
2026-04-08,F005,Slim Fit Chinos,Fashion,UrbanThread,16,49.99,51.3,45,2308.5,1588.5,68.81,45.06,107,0,2,4,Easter,0.05,-2.0
2026-04-09,F005,Slim Fit Chinos,Fashion,UrbanThread,16,49.99,52.13,46,2397.98,1661.98,69.31,43.75,104,0,3,4,Easter,0.0571,-2.0
2026-04-10,F005,Slim Fit Chinos,Fashion,UrbanThread,16,49.99,51.56,52,2681.12,1849.12,68.97,44.94,85,0,4,4,Easter,0.0643,-2.0
2026-04-11,F005,Slim Fit Chinos,Fashion,UrbanThread,16,49.99,49.17,57,2802.69,1890.69,67.46,56.39,83,1,5,4,Easter,0.0714,-2.0
2026-04-12,F005,Slim Fit Chinos,Fashion,UrbanThread,16,49.99,44.08,83,3658.64,2330.64,63.7,42.92,37,1,6,4,Easter,0.1,-2.0
2026-04-13,F005,Slim Fit Chinos,Fashion,UrbanThread,16,49.99,45.45,61,2772.45,1796.45,64.8,51.32,74,0,0,4,Easter,0.1,-2.0
2026-04-14,F005,Slim Fit Chinos,Fashion,UrbanThread,16,49.99,44.48,66,2935.68,1879.68,64.03,46.62,76,0,1,4,Easter,0.1,-2.0
2026-04-15,F005,Slim Fit Chinos,Fashion,UrbanThread,16,49.99,44.21,63,2785.23,1777.23,63.81,48.11,76,0,2,4,Easter,0.1,-2.0
2026-04-16,F005,Slim Fit Chinos,Fashion,UrbanThread,16,49.99,42.71,66,2818.86,1762.86,62.54,54.97,80,0,3,4,Easter,0.1,-2.0
2026-04-17,F005,Slim Fit Chinos,Fashion,UrbanThread,16,49.99,41.47,69,2861.43,1757.43,61.42,54.75,79,0,4,4,Easter,0.1,-2.0
2026-04-18,F005,Slim Fit Chinos,Fashion,UrbanThread,16,49.99,42.37,75,3177.75,1977.75,62.24,47.55,65,1,5,4,Easter,0.1,-2.0
2026-04-19,F005,Slim Fit Chinos,Fashion,UrbanThread,16,49.99,38.5,93,3580.5,2092.5,58.44,47.51,10,1,6,4,Easter,0.0714,-2.0
2026-04-20,F005,Slim Fit Chinos,Fashion,UrbanThread,16,49.99,41.64,71,2956.44,1820.44,61.58,51.07,70,0,0,4,Easter,0.0643,-2.0
2026-04-21,F005,Slim Fit Chinos,Fashion,UrbanThread,16,49.99,43.51,67,2915.17,1843.17,63.23,44.73,57,0,1,4,Easter,0.0571,-2.0
2026-04-22,F005,Slim Fit Chinos,Fashion,UrbanThread,16,49.99,43.85,54,2367.9,1503.9,63.51,52.68,74,0,2,4,Easter,0.05,-2.0
2026-04-23,F005,Slim Fit Chinos,Fashion,UrbanThread,16,49.99,46.8,53,2480.4,1632.4,65.81,52.95,82,0,3,4,Easter,0.0429,-2.0
2026-04-24,F005,Slim Fit Chinos,Fashion,UrbanThread,16,49.99,46.46,59,2741.14,1797.14,65.56,55.78,98,0,4,4,Easter,0.0357,-2.0
2026-04-25,F005,Slim Fit Chinos,Fashion,UrbanThread,16,49.99,48.49,54,2618.46,1754.46,67.0,48.66,82,1,5,4,Easter,0.0286,-2.0
2026-04-26,F005,Slim Fit Chinos,Fashion,UrbanThread,16,49.99,53.01,50,2650.5,1850.5,69.82,52.59,113,1,6,4,Easter,0.0214,-2.0
2026-04-27,F005,Slim Fit Chinos,Fashion,UrbanThread,16,49.99,51.38,43,2209.34,1521.34,68.86,53.56,108,0,0,4,Easter,0.0143,-2.0
2026-04-28,F005,Slim Fit Chinos,Fashion,UrbanThread,16,49.99,52.6,45,2367.0,1647.0,69.58,43.71,130,0,1,4,Easter,0.0071,-2.0
2026-04-29,F005,Slim Fit Chinos,Fashion,UrbanThread,16,49.99,56.9,41,2332.9,1676.9,71.88,55.48,110,0,2,4,Mothers Day,0.0129,-2.0
2026-04-30,F005,Slim Fit Chinos,Fashion,UrbanThread,16,49.99,59.91,31,1857.21,1361.21,73.29,48.66,135,0,3,4,Mothers Day,0.0257,-2.0
2026-05-01,F005,Slim Fit Chinos,Fashion,UrbanThread,16,49.99,58.19,34,1978.46,1434.46,72.5,55.25,120,0,4,5,Mothers Day,0.0386,-2.0
2026-05-02,F005,Slim Fit Chinos,Fashion,UrbanThread,16,49.99,57.73,48,2771.04,2003.04,72.28,54.84,106,1,5,5,Mothers Day,0.0514,-2.0
2026-05-03,F005,Slim Fit Chinos,Fashion,UrbanThread,16,49.99,56.02,47,2632.94,1880.94,71.44,53.97,96,1,6,5,Mothers Day,0.0643,-2.0
2026-05-04,F005,Slim Fit Chinos,Fashion,UrbanThread,16,49.99,58.47,42,2455.74,1783.74,72.64,47.36,123,0,0,5,Mothers Day,0.0771,-2.0
2026-05-05,F005,Slim Fit Chinos,Fashion,UrbanThread,16,49.99,58.98,45,2654.1,1934.1,72.87,52.73,113,0,1,5,Mothers Day,0.09,-2.0
2026-05-06,F005,Slim Fit Chinos,Fashion,UrbanThread,16,49.99,53.08,48,2547.84,1779.84,69.86,54.02,93,0,2,5,Mothers Day,0.1029,-2.0
2026-05-07,F005,Slim Fit Chinos,Fashion,UrbanThread,16,49.99,52.82,55,2905.1,2025.1,69.71,51.87,100,0,3,5,Mothers Day,0.1157,-2.0
2026-05-08,F005,Slim Fit Chinos,Fashion,UrbanThread,16,49.99,53.47,47,2513.09,1761.09,70.08,55.23,88,0,4,5,Mothers Day,0.1286,-2.0
2026-05-09,F005,Slim Fit Chinos,Fashion,UrbanThread,16,49.99,50.28,76,3821.28,2605.28,68.18,49.67,65,1,5,5,Mothers Day,0.18,-2.0
2026-05-10,F005,Slim Fit Chinos,Fashion,UrbanThread,16,49.99,49.36,60,2961.6,2001.6,67.59,42.7,63,1,6,5,Mothers Day,0.18,-2.0
