backend/data/transactions.csv
date,product_id,product_name,category,brand,cost,base_price,price,demand,revenue,profit,margin,competitor_price,stock,is_weekend,day_of_week,month,holiday_name,holiday_boost,elasticity
2026-02-09,H001,Scented Candle Set,Home & Living,GlowHaus,6,24.99,24.19,77,1862.63,1400.63,75.2,25.35,33,0,0,2,Valentines Day,0.1286,-3.0
2026-02-10,H001,Scented Candle Set,Home & Living,GlowHaus,6,24.99,24.97,56,1398.32,1062.32,75.97,28.48,70,0,1,2,Valentines Day,0.1429,-3.0
2026-02-11,H001,Scented Candle Set,Home & Living,GlowHaus,6,24.99,23.6,83,1958.8,1460.8,74.58,25.47,34,0,2,2,Valentines Day,0.2,-3.0
2026-02-12,H001,Scented Candle Set,Home & Living,GlowHaus,6,24.99,21.54,110,2369.4,1709.4,72.14,28.12,5,0,3,2,Valentines Day,0.2,-3.0
2026-02-13,H001,Scented Candle Set,Home & Living,GlowHaus,6,24.99,22.54,83,1870.82,1372.82,73.38,23.44,35,0,4,2,Valentines Day,0.2,-3.0
2026-02-14,H001,Scented Candle Set,Home & Living,GlowHaus,6,24.99,22.2,109,2419.8,1765.8,72.97,27.18,5,1,5,2,Valentines Day,0.2,-3.0
2026-02-15,H001,Scented Candle Set,Home & Living,GlowHaus,6,24.99,21.7,115,2495.5,1805.5,72.35,23.46,5,1,6,2,Valentines Day,0.2,-3.0
2026-02-16,H001,Scented Candle Set,Home & Living,GlowHaus,6,24.99,20.6,109,2245.4,1591.4,70.87,26.2,5,0,0,2,Valentines Day,0.2,-3.0
2026-02-17,H001,Scented Candle Set,Home & Living,GlowHaus,6,24.99,21.08,108,2276.64,1628.64,71.54,26.71,5,0,1,2,Valentines Day,0.2,-3.0
2026-02-18,H001,Scented Candle Set,Home & Living,GlowHaus,6,24.99,21.92,106,2323.52,1687.52,72.63,23.81,5,0,2,2,Valentines Day,0.1429,-3.0
2026-02-19,H001,Scented Candle Set,Home & Living,GlowHaus,6,24.99,21.92,95,2082.4,1512.4,72.63,22.02,6,0,3,2,Valentines Day,0.1286,-3.0
2026-02-20,H001,Scented Candle Set,Home & Living,GlowHaus,6,24.99,22.87,83,1898.21,1400.21,73.76,22.13,14,0,4,2,Valentines Day,0.1143,-3.0
2026-02-21,H001,Scented Candle Set,Home & Living,GlowHaus,6,24.99,22.1,109,2408.9,1754.9,72.85,23.15,5,1,5,2,Valentines Day,0.1,-3.0
2026-02-22,H001,Scented Candle Set,Home & Living,GlowHaus,6,24.99,24.34,74,1801.16,1357.16,75.35,28.42,55,1,6,2,Valentines Day,0.0857,-3.0
2026-02-23,H001,Scented Candle Set,Home & Living,GlowHaus,6,24.99,23.56,69,1625.64,1211.64,74.53,25.36,57,0,0,2,Valentines Day,0.0714,-3.0
2026-02-24,H001,Scented Candle Set,Home & Living,GlowHaus,6,24.99,23.82,74,1762.68,1318.68,74.81,23.04,36,0,1,2,Valentines Day,0.0571,-3.0
2026-02-25,H001,Scented Candle Set,Home & Living,GlowHaus,6,24.99,25.3,53,1340.9,1022.9,76.28,22.57,113,0,2,2,Valentines Day,0.0429,-3.0
2026-02-26,H001,Scented Candle Set,Home & Living,GlowHaus,6,24.99,27.58,33,910.14,712.14,78.25,27.79,154,0,3,2,Valentines Day,0.0286,-3.0
2026-02-27,H001,Scented Candle Set,Home & Living,GlowHaus,6,24.99,28.15,39,1097.85,863.85,78.69,23.69,114,0,4,2,Valentines Day,0.0143,-3.0
2026-02-28,H001,Scented Candle Set,Home & Living,GlowHaus,6,24.99,29.03,37,1074.11,852.11,79.33,26.36,119,1,5,2,Valentines Day,0.0,-3.0
2026-03-01,H001,Scented Candle Set,Home & Living,GlowHaus,6,24.99,28.49,39,1111.11,877.11,78.94,22.2,125,1,6,3,Valentines Day,0.0,-3.0
2026-03-02,H001,Scented Candle Set,Home & Living,GlowHaus,6,24.99,29.38,36,1057.68,841.68,79.58,26.89,143,0,0,3,Valentines Day,0.0,-3.0
2026-03-03,H001,Scented Candle Set,Home & Living,GlowHaus,6,24.99,30.04,31,931.24,745.24,80.03,25.88,125,0,1,3,Valentines Day,0.0,-3.0
2026-03-04,H001,Scented Candle Set,Home & Living,GlowHaus,6,24.99,30.28,28,847.84,679.84,80.18,27.61,132,0,2,3,Valentines Day,0.0,-3.0
2026-03-05,H001,Scented Candle Set,Home & Living,GlowHaus,6,24.99,28.51,34,969.34,765.34,78.95,25.63,134,0,3,3,Valentines Day,0.0,-3.0
2026-03-06,H001,Scented Candle Set,Home & Living,GlowHaus,6,24.99,28.38,34,964.92,760.92,78.86,25.32,121,0,4,3,Valentines Day,0.0,-3.0
2026-03-07,H001,Scented Candle Set,Home & Living,GlowHaus,6,24.99,28.6,43,1229.8,971.8,79.02,21.55,114,1,5,3,Valentines Day,0.0,-3.0
2026-03-08,H001,Scented Candle Set,Home & Living,GlowHaus,6,24.99,26.37,56,1476.72,1140.72,77.25,23.55,93,1,6,3,Valentines Day,0.0,-3.0
2026-03-09,H001,Scented Candle Set,Home & Living,GlowHaus,6,24.99,27.71,41,1136.11,890.11,78.35,23.98,124,0,0,3,Valentines Day,0.0,-3.0
2026-03-10,H001,Scented Candle Set,Home & Living,GlowHaus,6,24.99,24.75,55,1361.25,1031.25,75.76,26.5,92,0,1,3,Valentines Day,0.0,-3.0
2026-03-11,H001,Scented Candle Set,Home & Living,GlowHaus,6,24.99,25.52,50,1276.0,976.0,76.49,21.4,93,0,2,3,Valentines Day,0.0,-3.0
2026-03-12,H001,Scented Candle Set,Home & Living,GlowHaus,6,24.99,23.44,72,1687.68,1255.68,74.4,26.31,52,0,3,3,Valentines Day,0.0,-3.0
2026-03-13,H001,Scented Candle Set,Home & Living,GlowHaus,6,24.99,23.25,76,1767.0,1311.0,74.19,24.33,65,0,4,3,Valentines Day,0.0,-3.0
2026-03-14,H001,Scented Candle Set,Home & Living,GlowHaus,6,24.99,22.4,84,1881.6,1377.6,73.21,25.62,51,1,5,3,Valentines Day,0.0,-3.0
2026-03-15,H001,Scented Candle Set,Home & Living,GlowHaus,6,24.99,21.76,93,2023.68,1465.68,72.43,23.79,14,1,6,3,Valentines Day,0.0,-3.0
2026-03-16,H001,Scented Candle Set,Home & Living,GlowHaus,6,24.99,22.09,72,1590.48,1158.48,72.84,28.72,54,0,0,3,Valentines Day,0.0,-3.0
2026-03-17,H001,Scented Candle Set,Home & Living,GlowHaus,6,24.99,20.56,84,1727.04,1223.04,70.82,22.1,47,0,1,3,Easter,0.0,-3.0
2026-03-18,H001,Scented Candle Set,Home & Living,GlowHaus,6,24.99,19.92,95,1892.4,1322.4,69.88,26.19,8,0,2,3,Easter,0.0,-3.0
2026-03-19,H001,Scented Candle Set,Home & Living,GlowHaus,6,24.99,20.87,94,1961.78,1397.78,71.25,27.34,30,0,3,3,Easter,0.0,-3.0
2026-03-20,H001,Scented Candle Set,Home & Living,GlowHaus,6,24.99,21.73,83,1803.59,1305.59,72.39,22.38,33,0,4,3,Easter,0.0,-3.0
2026-03-21,H001,Scented Candle Set,Home & Living,GlowHaus,6,24.99,22.83,93,2123.19,1565.19,73.72,24.25,8,1,5,3,Easter,0.0,-3.0
2026-03-22,H001,Scented Candle Set,Home & Living,GlowHaus,6,24.99,21.99,84,1847.16,1343.16,72.71,22.46,41,1,6,3,Easter,0.0,-3.0
2026-03-23,H001,Scented Candle Set,Home & Living,GlowHaus,6,24.99,24.41,63,1537.83,1159.83,75.42,27.78,77,0,0,3,Easter,0.0,-3.0
2026-03-24,H001,Scented Candle Set,Home & Living,GlowHaus,6,24.99,24.29,56,1360.24,1024.24,75.3,25.29,71,0,1,3,Easter,0.0,-3.0
2026-03-25,H001,Scented Candle Set,Home & Living,GlowHaus,6,24.99,24.86,55,1367.3,1037.3,75.86,24.21,82,0,2,3,Easter,0.0,-3.0
2026-03-26,H001,Scented Candle Set,Home & Living,GlowHaus,6,24.99,24.93,54,1346.22,1022.22,75.93,24.49,96,0,3,3,Easter,0.0,-3.0
2026-03-27,H001,Scented Candle Set,Home & Living,GlowHaus,6,24.99,26.15,53,1385.95,1067.95,77.06,27.45,77,0,4,3,Easter,0.0,-3.0
2026-03-28,H001,Scented Candle Set,Home & Living,GlowHaus,6,24.99,28.22,42,1185.24,933.24,78.74,27.45,127,1,5,3,Easter,0.0,-3.0
2026-03-29,H001,Scented Candle Set,Home & Living,GlowHaus,6,24.99,27.34,47,1284.98,1002.98,78.05,22.17,121,1,6,3,Easter,0.0,-3.0
2026-03-30,H001,Scented Candle Set,Home & Living,GlowHaus,6,24.99,28.1,30,843.0,663.0,78.65,25.59,157,0,0,3,Easter,0.0,-3.0
2026-03-31,H001,Scented Candle Set,Home & Living,GlowHaus,6,24.99,28.07,44,1235.08,971.08,78.62,27.31,130,0,1,3,Easter,0.0,-3.0
2026-04-01,H001,Scented Candle Set,Home & Living,GlowHaus,6,24.99,28.05,37,1037.85,815.85,78.61,24.54,132,0,2,4,Easter,0.0,-3.0
2026-04-02,H001,Scented Candle Set,Home & Living,GlowHaus,6,24.99,28.31,37,1047.47,825.47,78.81,25.74,142,0,3,4,Easter,0.0071,-3.0
2026-04-03,H001,Scented Candle Set,Home & Living,GlowHaus,6,24.99,27.75,38,1054.5,826.5,78.38,24.56,106,0,4,4,Easter,0.0143,-3.0
2026-04-04,H001,Scented Candle Set,Home & Living,GlowHaus,6,24.99,28.87,43,1241.41,983.41,79.22,25.65,108,1,5,4,Easter,0.0214,-3.0
2026-04-05,H001,Scented Candle Set,Home & Living,GlowHaus,6,24.99,28.43,48,1364.64,1076.64,78.9,27.43,109,1,6,4,Easter,0.0286,-3.0
2026-04-06,H001,Scented Candle Set,Home & Living,GlowHaus,6,24.99,28.13,43,1209.59,951.59,78.67,24.35,132,0,0,4,Easter,0.0357,-3.0
2026-04-07,H001,Scented Candle Set,Home & Living,GlowHaus,6,24.99,28.9,39,1127.1,893.1,79.24,22.89,127,0,1,4,Easter,0.0429,-3.0
2026-04-08,H001,Scented Candle Set,Home & Living,GlowHaus,6,24.99,25.55,54,1379.7,1055.7,76.52,21.69,96,0,2,4,Easter,0.05,-3.0
2026-04-09,H001,Scented Candle Set,Home & Living,GlowHaus,6,24.99,25.88,58,1501.04,1153.04,76.82,22.94,91,0,3,4,Easter,0.0571,-3.0
2026-04-10,H001,Scented Candle Set,Home & Living,GlowHaus,6,24.99,24.91,54,1345.14,1021.14,75.91,22.47,79,0,4,4,Easter,0.0643,-3.0
2026-04-11,H001,Scented Candle Set,Home & Living,GlowHaus,6,24.99,23.85,69,1645.65,1231.65,74.84,21.62,58,1,5,4,Easter,0.0714,-3.0
2026-04-12,H001,Scented Candle Set,Home & Living,GlowHaus,6,24.99,21.27,129,2743.83,1969.83,71.79,24.11,5,1,6,4,Easter,0.1,-3.0
2026-04-13,H001,Scented Candle Set,Home & Living,GlowHaus,6,24.99,22.8,71,1618.8,1192.8,73.68,21.71,41,0,0,4,Easter,0.1,-3.0
2026-04-14,H001,Scented Candle Set,Home & Living,GlowHaus,6,24.99,23.48,82,1925.36,1433.36,74.45,27.82,38,0,1,4,Easter,0.1,-3.0
2026-04-15,H001,Scented Candle Set,Home & Living,GlowHaus,6,24.99,21.88,79,1728.52,1254.52,72.58,26.08,24,0,2,4,Easter,0.1,-3.0
2026-04-16,H001,Scented Candle Set,Home & Living,GlowHaus,6,24.99,21.08,97,2044.76,1462.76,71.54,22.52,5,0,3,4,Easter,0.1,-3.0
2026-04-17,H001,Scented Candle Set,Home & Living,GlowHaus,6,24.99,21.3,88,1874.4,1346.4,71.83,23.08,18,0,4,4,Easter,0.1,-3.0
2026-04-18,H001,Scented Candle Set,Home & Living,GlowHaus,6,24.99,22.0,83,1826.0,1328.0,72.73,21.82,14,1,5,4,Easter,0.1,-3.0
2026-04-19,H001,Scented Candle Set,Home & Living,GlowHaus,6,24.99,22.29,104,2318.16,1694.16,73.08,24.32,5,1,6,4,Easter,0.0714,-3.0
2026-04-20,H001,Scented Candle Set,Home & Living,GlowHaus,6,24.99,21.47,90,1932.3,1392.3,72.05,23.76,7,0,0,4,Easter,0.0643,-3.0
2026-04-21,H001,Scented Candle Set,Home & Living,GlowHaus,6,24.99,23.35,74,1727.9,1283.9,74.3,23.61,48,0,1,4,Easter,0.0571,-3.0
2026-04-22,H001,Scented Candle Set,Home & Living,GlowHaus,6,24.99,22.54,76,1713.04,1257.04,73.38,22.58,60,0,2,4,Easter,0.05,-3.0
2026-04-23,H001,Scented Candle Set,Home & Living,GlowHaus,6,24.99,23.85,75,1788.75,1338.75,74.84,24.8,67,0,3,4,Easter,0.0429,-3.0
2026-04-24,H001,Scented Candle Set,Home & Living,GlowHaus,6,24.99,24.07,61,1468.27,1102.27,75.07,23.86,89,0,4,4,Easter,0.0357,-3.0
2026-04-25,H001,Scented Candle Set,Home & Living,GlowHaus,6,24.99,25.02,64,1601.28,1217.28,76.02,22.93,68,1,5,4,Easter,0.0286,-3.0
2026-04-26,H001,Scented Candle Set,Home & Living,GlowHaus,6,24.99,26.01,56,1456.56,1120.56,76.93,22.6,100,1,6,4,Easter,0.0214,-3.0
2026-04-27,H001,Scented Candle Set,Home & Living,GlowHaus,6,24.99,27.43,39,1069.77,835.77,78.13,24.39,125,0,0,4,Easter,0.0143,-3.0
2026-04-28,H001,Scented Candle Set,Home & Living,GlowHaus,6,24.99,27.52,42,1155.84,903.84,78.2,27.74,98,0,1,4,Easter,0.0071,-3.0
2026-04-29,H001,Scented Candle Set,Home & Living,GlowHaus,6,24.99,27.18,44,1195.92,931.92,77.92,24.36,114,0,2,4,Mothers Day,0.0129,-3.0
2026-04-30,H001,Scented Candle Set,Home & Living,GlowHaus,6,24.99,28.61,30,858.3,678.3,79.03,28.71,125,0,3,4,Mothers Day,0.0257,-3.0
2026-05-01,H001,Scented Candle Set,Home & Living,GlowHaus,6,24.99,27.83,46,1280.18,1004.18,78.44,22.24,94,0,4,5,Mothers Day,0.0386,-3.0
2026-05-02,H001,Scented Candle Set,Home & Living,GlowHaus,6,24.99,28.28,41,1159.48,913.48,78.78,26.26,117,1,5,5,Mothers Day,0.0514,-3.0
2026-05-03,H001,Scented Candle Set,Home & Living,GlowHaus,6,24.99,27.34,46,1257.64,981.64,78.05,25.69,111,1,6,5,Mothers Day,0.0643,-3.0
2026-05-04,H001,Scented Candle Set,Home & Living,GlowHaus,6,24.99,28.48,35,996.8,786.8,78.93,25.39,133,0,0,5,Mothers Day,0.0771,-3.0
2026-05-05,H001,Scented Candle Set,Home & Living,GlowHaus,6,24.99,28.75,36,1035.0,819.0,79.13,21.43,122,0,1,5,Mothers Day,0.09,-3.0
2026-05-06,H001,Scented Candle Set,Home & Living,GlowHaus,6,24.99,28.02,47,1316.94,1034.94,78.59,23.2,114,0,2,5,Mothers Day,0.1029,-3.0
2026-05-07,H001,Scented Candle Set,Home & Living,GlowHaus,6,24.99,28.23,43,1213.89,955.89,78.75,26.75,118,0,3,5,Mothers Day,0.1157,-3.0
2026-05-08,H001,Scented Candle Set,Home & Living,GlowHaus,6,24.99,25.68,56,1438.08,1102.08,76.64,23.2,85,0,4,5,Mothers Day,0.1286,-3.0
2026-05-09,H001,Scented Candle Set,Home & Living,GlowHaus,6,24.99,26.03,78,2030.34,1562.34,76.95,23.4,24,1,5,5,Mothers Day,0.18,-3.0
2026-05-10,H001,Scented Candle Set,Home & Living,GlowHaus,6,24.99,23.61,87,2054.07,1532.07,74.59,26.75,7,1,6,5,Mothers Day,0.18,-3.0
