backend/data/transactions.csv
date,product_id,product_name,category,brand,cost,base_price,price,demand,revenue,profit,margin,competitor_price,stock,is_weekend,day_of_week,month,holiday_name,holiday_boost,elasticity
2026-02-09,H002,Memory Foam Pillow,Home & Living,DreamRest,12,44.99,45.85,50,2292.5,1692.5,73.83,40.6,99,0,0,2,Valentines Day,0.1286,-1.9
2026-02-10,H002,Memory Foam Pillow,Home & Living,DreamRest,12,44.99,43.9,51,2238.9,1626.9,72.67,45.67,94,0,1,2,Valentines Day,0.1429,-1.9
2026-02-11,H002,Memory Foam Pillow,Home & Living,DreamRest,12,44.99,43.54,58,2525.32,1829.32,72.44,40.89,65,0,2,2,Valentines Day,0.2,-1.9
2026-02-12,H002,Memory Foam Pillow,Home & Living,DreamRest,12,44.99,41.33,69,2851.77,2023.77,70.97,50.26,66,0,3,2,Valentines Day,0.2,-1.9
2026-02-13,H002,Memory Foam Pillow,Home & Living,DreamRest,12,44.99,39.57,76,3007.32,2095.32,69.67,48.36,65,0,4,2,Valentines Day,0.2,-1.9
2026-02-14,H002,Memory Foam Pillow,Home & Living,DreamRest,12,44.99,37.43,91,3406.13,2314.13,67.94,41.87,6,1,5,2,Valentines Day,0.2,-1.9
2026-02-15,H002,Memory Foam Pillow,Home & Living,DreamRest,12,44.99,37.47,81,3035.07,2063.07,67.97,45.73,42,1,6,2,Valentines Day,0.2,-1.9
2026-02-16,H002,Memory Foam Pillow,Home & Living,DreamRest,12,44.99,40.87,59,2411.33,1703.33,70.64,39.34,66,0,0,2,Valentines Day,0.2,-1.9
2026-02-17,H002,Memory Foam Pillow,Home & Living,DreamRest,12,44.99,38.37,66,2532.42,1740.42,68.73,41.13,59,0,1,2,Valentines Day,0.2,-1.9
2026-02-18,H002,Memory Foam Pillow,Home & Living,DreamRest,12,44.99,40.24,62,2494.88,1750.88,70.18,38.43,82,0,2,2,Valentines Day,0.1429,-1.9
2026-02-19,H002,Memory Foam Pillow,Home & Living,DreamRest,12,44.99,40.59,65,2638.35,1858.35,70.44,50.83,51,0,3,2,Valentines Day,0.1286,-1.9
2026-02-20,H002,Memory Foam Pillow,Home & Living,DreamRest,12,44.99,43.08,48,2067.84,1491.84,72.14,47.19,111,0,4,2,Valentines Day,0.1143,-1.9
2026-02-21,H002,Memory Foam Pillow,Home & Living,DreamRest,12,44.99,39.71,78,3097.38,2161.38,69.78,50.12,26,1,5,2,Valentines Day,0.1,-1.9
2026-02-22,H002,Memory Foam Pillow,Home & Living,DreamRest,12,44.99,42.7,61,2604.7,1872.7,71.9,41.7,67,1,6,2,Valentines Day,0.0857,-1.9
2026-02-23,H002,Memory Foam Pillow,Home & Living,DreamRest,12,44.99,46.35,46,2132.1,1580.1,74.11,41.47,118,0,0,2,Valentines Day,0.0714,-1.9
2026-02-24,H002,Memory Foam Pillow,Home & Living,DreamRest,12,44.99,43.94,54,2372.76,1724.76,72.69,43.78,80,0,1,2,Valentines Day,0.0571,-1.9
2026-02-25,H002,Memory Foam Pillow,Home & Living,DreamRest,12,44.99,46.44,45,2089.8,1549.8,74.16,50.86,102,0,2,2,Valentines Day,0.0429,-1.9
2026-02-26,H002,Memory Foam Pillow,Home & Living,DreamRest,12,44.99,48.67,42,2044.14,1540.14,75.34,47.58,135,0,3,2,Valentines Day,0.0286,-1.9
2026-02-27,H002,Memory Foam Pillow,Home & Living,DreamRest,12,44.99,47.63,40,1905.2,1425.2,74.81,47.31,129,0,4,2,Valentines Day,0.0143,-1.9
2026-02-28,H002,Memory Foam Pillow,Home & Living,DreamRest,12,44.99,48.15,47,2263.05,1699.05,75.08,45.05,98,1,5,2,Valentines Day,0.0,-1.9
2026-03-01,H002,Memory Foam Pillow,Home & Living,DreamRest,12,44.99,53.4,35,1869.0,1449.0,77.53,48.3,119,1,6,3,Valentines Day,0.0,-1.9
2026-03-02,H002,Memory Foam Pillow,Home & Living,DreamRest,12,44.99,49.33,36,1775.88,1343.88,75.67,40.92,139,0,0,3,Valentines Day,0.0,-1.9
2026-03-03,H002,Memory Foam Pillow,Home & Living,DreamRest,12,44.99,51.38,37,1901.06,1457.06,76.64,48.38,142,0,1,3,Valentines Day,0.0,-1.9
2026-03-04,H002,Memory Foam Pillow,Home & Living,DreamRest,12,44.99,51.24,36,1844.64,1412.64,76.58,51.15,123,0,2,3,Valentines Day,0.0,-1.9
2026-03-05,H002,Memory Foam Pillow,Home & Living,DreamRest,12,44.99,50.74,35,1775.9,1355.9,76.35,44.8,114,0,3,3,Valentines Day,0.0,-1.9
2026-03-06,H002,Memory Foam Pillow,Home & Living,DreamRest,12,44.99,49.74,34,1691.16,1283.16,75.87,49.16,147,0,4,3,Valentines Day,0.0,-1.9
2026-03-07,H002,Memory Foam Pillow,Home & Living,DreamRest,12,44.99,51.06,39,1991.34,1523.34,76.5,49.81,133,1,5,3,Valentines Day,0.0,-1.9
2026-03-08,H002,Memory Foam Pillow,Home & Living,DreamRest,12,44.99,49.56,40,1982.4,1502.4,75.79,51.0,127,1,6,3,Valentines Day,0.0,-1.9
2026-03-09,H002,Memory Foam Pillow,Home & Living,DreamRest,12,44.99,47.74,34,1623.16,1215.16,74.86,46.96,132,0,0,3,Valentines Day,0.0,-1.9
2026-03-10,H002,Memory Foam Pillow,Home & Living,DreamRest,12,44.99,45.91,41,1882.31,1390.31,73.86,49.07,132,0,1,3,Valentines Day,0.0,-1.9
2026-03-11,H002,Memory Foam Pillow,Home & Living,DreamRest,12,44.99,46.6,38,1770.8,1314.8,74.25,48.39,136,0,2,3,Valentines Day,0.0,-1.9
2026-03-12,H002,Memory Foam Pillow,Home & Living,DreamRest,12,44.99,43.4,50,2170.0,1570.0,72.35,49.83,85,0,3,3,Valentines Day,0.0,-1.9
2026-03-13,H002,Memory Foam Pillow,Home & Living,DreamRest,12,44.99,43.63,51,2225.13,1613.13,72.5,47.39,88,0,4,3,Valentines Day,0.0,-1.9
2026-03-14,H002,Memory Foam Pillow,Home & Living,DreamRest,12,44.99,40.94,63,2579.22,1823.22,70.69,38.97,83,1,5,3,Valentines Day,0.0,-1.9
2026-03-15,H002,Memory Foam Pillow,Home & Living,DreamRest,12,44.99,41.58,60,2494.8,1774.8,71.14,43.42,67,1,6,3,Valentines Day,0.0,-1.9
2026-03-16,H002,Memory Foam Pillow,Home & Living,DreamRest,12,44.99,39.39,64,2520.96,1752.96,69.54,40.8,81,0,0,3,Valentines Day,0.0,-1.9
2026-03-17,H002,Memory Foam Pillow,Home & Living,DreamRest,12,44.99,41.93,53,2222.29,1586.29,71.38,44.46,107,0,1,3,Easter,0.0,-1.9
2026-03-18,H002,Memory Foam Pillow,Home & Living,DreamRest,12,44.99,39.0,63,2457.0,1701.0,69.23,39.66,88,0,2,3,Easter,0.0,-1.9
2026-03-19,H002,Memory Foam Pillow,Home & Living,DreamRest,12,44.99,39.92,62,2475.04,1731.04,69.94,43.14,91,0,3,3,Easter,0.0,-1.9
2026-03-20,H002,Memory Foam Pillow,Home & Living,DreamRest,12,44.99,37.8,65,2457.0,1677.0,68.25,43.75,85,0,4,3,Easter,0.0,-1.9
2026-03-21,H002,Memory Foam Pillow,Home & Living,DreamRest,12,44.99,40.58,71,2881.18,2029.18,70.43,41.89,48,1,5,3,Easter,0.0,-1.9
2026-03-22,H002,Memory Foam Pillow,Home & Living,DreamRest,12,44.99,39.79,67,2665.93,1861.93,69.84,48.71,62,1,6,3,Easter,0.0,-1.9
2026-03-23,H002,Memory Foam Pillow,Home & Living,DreamRest,12,44.99,41.6,53,2204.8,1568.8,71.15,43.22,88,0,0,3,Easter,0.0,-1.9
2026-03-24,H002,Memory Foam Pillow,Home & Living,DreamRest,12,44.99,42.62,42,1790.04,1286.04,71.84,44.19,131,0,1,3,Easter,0.0,-1.9
2026-03-25,H002,Memory Foam Pillow,Home & Living,DreamRest,12,44.99,47.96,47,2254.12,1690.12,74.98,40.11,125,0,2,3,Easter,0.0,-1.9
2026-03-26,H002,Memory Foam Pillow,Home & Living,DreamRest,12,44.99,44.75,45,2013.75,1473.75,73.18,47.19,114,0,3,3,Easter,0.0,-1.9
2026-03-27,H002,Memory Foam Pillow,Home & Living,DreamRest,12,44.99,44.18,40,1767.2,1287.2,72.84,48.84,108,0,4,3,Easter,0.0,-1.9
2026-03-28,H002,Memory Foam Pillow,Home & Living,DreamRest,12,44.99,48.41,49,2372.09,1784.09,75.21,43.9,100,1,5,3,Easter,0.0,-1.9
2026-03-29,H002,Memory Foam Pillow,Home & Living,DreamRest,12,44.99,50.11,40,2004.4,1524.4,76.05,45.16,113,1,6,3,Easter,0.0,-1.9
2026-03-30,H002,Memory Foam Pillow,Home & Living,DreamRest,12,44.99,51.08,35,1787.8,1367.8,76.51,42.9,112,0,0,3,Easter,0.0,-1.9
2026-03-31,H002,Memory Foam Pillow,Home & Living,DreamRest,12,44.99,50.33,33,1660.89,1264.89,76.16,41.21,114,0,1,3,Easter,0.0,-1.9
2026-04-01,H002,Memory Foam Pillow,Home & Living,DreamRest,12,44.99,50.44,38,1916.72,1460.72,76.21,39.87,107,0,2,4,Easter,0.0,-1.9
2026-04-02,H002,Memory Foam Pillow,Home & Living,DreamRest,12,44.99,52.14,35,1824.9,1404.9,76.99,44.05,115,0,3,4,Easter,0.0071,-1.9
2026-04-03,H002,Memory Foam Pillow,Home & Living,DreamRest,12,44.99,48.76,40,1950.4,1470.4,75.39,43.3,125,0,4,4,Easter,0.0143,-1.9
2026-04-04,H002,Memory Foam Pillow,Home & Living,DreamRest,12,44.99,50.62,44,2227.28,1699.28,76.29,38.72,132,1,5,4,Easter,0.0214,-1.9
2026-04-05,H002,Memory Foam Pillow,Home & Living,DreamRest,12,44.99,52.53,38,1996.14,1540.14,77.16,42.85,122,1,6,4,Easter,0.0286,-1.9
2026-04-06,H002,Memory Foam Pillow,Home & Living,DreamRest,12,44.99,50.14,44,2206.16,1678.16,76.07,49.87,127,0,0,4,Easter,0.0357,-1.9
2026-04-07,H002,Memory Foam Pillow,Home & Living,DreamRest,12,44.99,49.33,40,1973.2,1493.2,75.67,44.76,139,0,1,4,Easter,0.0429,-1.9
2026-04-08,H002,Memory Foam Pillow,Home & Living,DreamRest,12,44.99,46.64,47,2192.08,1628.08,74.27,45.51,126,0,2,4,Easter,0.05,-1.9
2026-04-09,H002,Memory Foam Pillow,Home & Living,DreamRest,12,44.99,45.08,53,2389.24,1753.24,73.38,38.34,90,0,3,4,Easter,0.0571,-1.9
2026-04-10,H002,Memory Foam Pillow,Home & Living,DreamRest,12,44.99,45.89,44,2019.16,1491.16,73.85,42.79,125,0,4,4,Easter,0.0643,-1.9
2026-04-11,H002,Memory Foam Pillow,Home & Living,DreamRest,12,44.99,42.53,58,2466.74,1770.74,71.78,39.16,71,1,5,4,Easter,0.0714,-1.9
2026-04-12,H002,Memory Foam Pillow,Home & Living,DreamRest,12,44.99,39.85,75,2988.75,2088.75,69.89,43.88,45,1,6,4,Easter,0.1,-1.9
2026-04-13,H002,Memory Foam Pillow,Home & Living,DreamRest,12,44.99,38.22,67,2560.74,1756.74,68.6,39.68,84,0,0,4,Easter,0.1,-1.9
2026-04-14,H002,Memory Foam Pillow,Home & Living,DreamRest,12,44.99,39.77,61,2425.97,1693.97,69.83,42.26,71,0,1,4,Easter,0.1,-1.9
2026-04-15,H002,Memory Foam Pillow,Home & Living,DreamRest,12,44.99,39.77,60,2386.2,1666.2,69.83,39.89,85,0,2,4,Easter,0.1,-1.9
2026-04-16,H002,Memory Foam Pillow,Home & Living,DreamRest,12,44.99,38.82,73,2833.86,1957.86,69.09,39.29,72,0,3,4,Easter,0.1,-1.9
2026-04-17,H002,Memory Foam Pillow,Home & Living,DreamRest,12,44.99,39.07,63,2461.41,1705.41,69.29,40.52,88,0,4,4,Easter,0.1,-1.9
2026-04-18,H002,Memory Foam Pillow,Home & Living,DreamRest,12,44.99,38.29,76,2910.04,1998.04,68.66,48.63,65,1,5,4,Easter,0.1,-1.9
2026-04-19,H002,Memory Foam Pillow,Home & Living,DreamRest,12,44.99,38.35,77,2952.95,2028.95,68.71,42.08,38,1,6,4,Easter,0.0714,-1.9
2026-04-20,H002,Memory Foam Pillow,Home & Living,DreamRest,12,44.99,37.27,60,2236.2,1516.2,67.8,45.59,66,0,0,4,Easter,0.0643,-1.9
2026-04-21,H002,Memory Foam Pillow,Home & Living,DreamRest,12,44.99,38.77,66,2558.82,1766.82,69.05,42.43,68,0,1,4,Easter,0.0571,-1.9
2026-04-22,H002,Memory Foam Pillow,Home & Living,DreamRest,12,44.99,41.91,58,2430.78,1734.78,71.37,46.95,70,0,2,4,Easter,0.05,-1.9
2026-04-23,H002,Memory Foam Pillow,Home & Living,DreamRest,12,44.99,41.09,56,2301.04,1629.04,70.8,43.33,85,0,3,4,Easter,0.0429,-1.9
2026-04-24,H002,Memory Foam Pillow,Home & Living,DreamRest,12,44.99,43.07,50,2153.5,1553.5,72.14,40.66,96,0,4,4,Easter,0.0357,-1.9
2026-04-25,H002,Memory Foam Pillow,Home & Living,DreamRest,12,44.99,44.45,56,2489.2,1817.2,73.0,51.49,83,1,5,4,Easter,0.0286,-1.9
2026-04-26,H002,Memory Foam Pillow,Home & Living,DreamRest,12,44.99,45.49,57,2592.93,1908.93,73.62,46.71,74,1,6,4,Easter,0.0214,-1.9
2026-04-27,H002,Memory Foam Pillow,Home & Living,DreamRest,12,44.99,49.33,40,1973.2,1493.2,75.67,39.17,113,0,0,4,Easter,0.0143,-1.9
2026-04-28,H002,Memory Foam Pillow,Home & Living,DreamRest,12,44.99,50.36,33,1661.88,1265.88,76.17,43.05,120,0,1,4,Easter,0.0071,-1.9
2026-04-29,H002,Memory Foam Pillow,Home & Living,DreamRest,12,44.99,51.68,36,1860.48,1428.48,76.78,43.4,113,0,2,4,Mothers Day,0.0129,-1.9
2026-04-30,H002,Memory Foam Pillow,Home & Living,DreamRest,12,44.99,50.01,36,1800.36,1368.36,76.0,42.29,134,0,3,4,Mothers Day,0.0257,-1.9
2026-05-01,H002,Memory Foam Pillow,Home & Living,DreamRest,12,44.99,53.58,36,1928.88,1496.88,77.6,43.13,141,0,4,5,Mothers Day,0.0386,-1.9
2026-05-02,H002,Memory Foam Pillow,Home & Living,DreamRest,12,44.99,51.5,37,1905.5,1461.5,76.7,49.05,113,1,5,5,Mothers Day,0.0514,-1.9
2026-05-03,H002,Memory Foam Pillow,Home & Living,DreamRest,12,44.99,53.45,36,1924.2,1492.2,77.55,38.58,136,1,6,5,Mothers Day,0.0643,-1.9
2026-05-04,H002,Memory Foam Pillow,Home & Living,DreamRest,12,44.99,50.91,38,1934.58,1478.58,76.43,46.47,114,0,0,5,Mothers Day,0.0771,-1.9
2026-05-05,H002,Memory Foam Pillow,Home & Living,DreamRest,12,44.99,49.86,40,1994.4,1514.4,75.93,40.23,112,0,1,5,Mothers Day,0.09,-1.9
2026-05-06,H002,Memory Foam Pillow,Home & Living,DreamRest,12,44.99,50.0,40,2000.0,1520.0,76.0,39.9,112,0,2,5,Mothers Day,0.1029,-1.9
2026-05-07,H002,Memory Foam Pillow,Home & Living,DreamRest,12,44.99,49.39,48,2370.72,1794.72,75.7,50.18,106,0,3,5,Mothers Day,0.1157,-1.9
2026-05-08,H002,Memory Foam Pillow,Home & Living,DreamRest,12,44.99,45.86,50,2293.0,1693.0,73.83,40.49,117,0,4,5,Mothers Day,0.1286,-1.9
2026-05-09,H002,Memory Foam Pillow,Home & Living,DreamRest,12,44.99,44.91,54,2425.14,1777.14,73.28,48.5,86,1,5,5,Mothers Day,0.18,-1.9
2026-05-10,H002,Memory Foam Pillow,Home & Living,DreamRest,12,44.99,46.27,59,2729.93,2021.93,74.07,38.91,72,1,6,5,Mothers Day,0.18,-1.9
