backend/data/transactions.csv
date,product_id,product_name,category,brand,cost,base_price,price,demand,revenue,profit,margin,competitor_price,stock,is_weekend,day_of_week,month,holiday_name,holiday_boost,elasticity
2026-02-09,H003,Plant Grow Light,Home & Living,GreenGlow,10,29.99,28.61,59,1687.99,1097.99,65.05,32.18,99,0,0,2,Valentines Day,0.1286,-2.2
2026-02-10,H003,Plant Grow Light,Home & Living,GreenGlow,10,29.99,27.4,62,1698.8,1078.8,63.5,34.14,74,0,1,2,Valentines Day,0.1429,-2.2
2026-02-11,H003,Plant Grow Light,Home & Living,GreenGlow,10,29.99,26.18,76,1989.68,1229.68,61.8,33.67,51,0,2,2,Valentines Day,0.2,-2.2
2026-02-12,H003,Plant Grow Light,Home & Living,GreenGlow,10,29.99,27.97,70,1957.9,1257.9,64.25,28.57,57,0,3,2,Valentines Day,0.2,-2.2
2026-02-13,H003,Plant Grow Light,Home & Living,GreenGlow,10,29.99,26.29,82,2155.78,1335.78,61.96,32.63,54,0,4,2,Valentines Day,0.2,-2.2
2026-02-14,H003,Plant Grow Light,Home & Living,GreenGlow,10,29.99,27.35,85,2324.75,1474.75,63.44,32.73,44,1,5,2,Valentines Day,0.2,-2.2
2026-02-15,H003,Plant Grow Light,Home & Living,GreenGlow,10,29.99,25.21,95,2394.95,1444.95,60.33,29.11,17,1,6,2,Valentines Day,0.2,-2.2
2026-02-16,H003,Plant Grow Light,Home & Living,GreenGlow,10,29.99,26.97,70,1887.9,1187.9,62.92,28.7,65,0,0,2,Valentines Day,0.2,-2.2
2026-02-17,H003,Plant Grow Light,Home & Living,GreenGlow,10,29.99,26.04,73,1900.92,1170.92,61.6,30.4,42,0,1,2,Valentines Day,0.2,-2.2
2026-02-18,H003,Plant Grow Light,Home & Living,GreenGlow,10,29.99,26.62,66,1756.92,1096.92,62.43,29.83,57,0,2,2,Valentines Day,0.1429,-2.2
2026-02-19,H003,Plant Grow Light,Home & Living,GreenGlow,10,29.99,26.02,77,2003.54,1233.54,61.57,29.77,62,0,3,2,Valentines Day,0.1286,-2.2
2026-02-20,H003,Plant Grow Light,Home & Living,GreenGlow,10,29.99,28.32,61,1727.52,1117.52,64.69,27.76,76,0,4,2,Valentines Day,0.1143,-2.2
2026-02-21,H003,Plant Grow Light,Home & Living,GreenGlow,10,29.99,27.11,73,1979.03,1249.03,63.11,25.5,36,1,5,2,Valentines Day,0.1,-2.2
2026-02-22,H003,Plant Grow Light,Home & Living,GreenGlow,10,29.99,29.02,66,1915.32,1255.32,65.54,30.45,54,1,6,2,Valentines Day,0.0857,-2.2
2026-02-23,H003,Plant Grow Light,Home & Living,GreenGlow,10,29.99,29.66,59,1749.94,1159.94,66.28,32.07,93,0,0,2,Valentines Day,0.0714,-2.2
2026-02-24,H003,Plant Grow Light,Home & Living,GreenGlow,10,29.99,30.04,52,1562.08,1042.08,66.71,28.57,102,0,1,2,Valentines Day,0.0571,-2.2
2026-02-25,H003,Plant Grow Light,Home & Living,GreenGlow,10,29.99,30.61,45,1377.45,927.45,67.33,32.83,114,0,2,2,Valentines Day,0.0429,-2.2
2026-02-26,H003,Plant Grow Light,Home & Living,GreenGlow,10,29.99,31.28,36,1126.08,766.08,68.03,33.18,122,0,3,2,Valentines Day,0.0286,-2.2
2026-02-27,H003,Plant Grow Light,Home & Living,GreenGlow,10,29.99,33.12,40,1324.8,924.8,69.81,27.13,117,0,4,2,Valentines Day,0.0143,-2.2
2026-02-28,H003,Plant Grow Light,Home & Living,GreenGlow,10,29.99,33.8,39,1318.2,928.2,70.41,30.31,127,1,5,2,Valentines Day,0.0,-2.2
2026-03-01,H003,Plant Grow Light,Home & Living,GreenGlow,10,29.99,33.36,41,1367.76,957.76,70.02,25.86,111,1,6,3,Valentines Day,0.0,-2.2
2026-03-02,H003,Plant Grow Light,Home & Living,GreenGlow,10,29.99,35.27,34,1199.18,859.18,71.65,31.49,129,0,0,3,Valentines Day,0.0,-2.2
2026-03-03,H003,Plant Grow Light,Home & Living,GreenGlow,10,29.99,34.51,37,1276.87,906.87,71.02,27.82,108,0,1,3,Valentines Day,0.0,-2.2
2026-03-04,H003,Plant Grow Light,Home & Living,GreenGlow,10,29.99,33.92,37,1255.04,885.04,70.52,28.22,127,0,2,3,Valentines Day,0.0,-2.2
2026-03-05,H003,Plant Grow Light,Home & Living,GreenGlow,10,29.99,36.08,35,1262.8,912.8,72.28,26.99,125,0,3,3,Valentines Day,0.0,-2.2
2026-03-06,H003,Plant Grow Light,Home & Living,GreenGlow,10,29.99,34.2,36,1231.2,871.2,70.76,32.04,145,0,4,3,Valentines Day,0.0,-2.2
2026-03-07,H003,Plant Grow Light,Home & Living,GreenGlow,10,29.99,33.79,47,1588.13,1118.13,70.41,27.22,113,1,5,3,Valentines Day,0.0,-2.2
2026-03-08,H003,Plant Grow Light,Home & Living,GreenGlow,10,29.99,33.86,47,1591.42,1121.42,70.47,29.9,107,1,6,3,Valentines Day,0.0,-2.2
2026-03-09,H003,Plant Grow Light,Home & Living,GreenGlow,10,29.99,32.04,34,1089.36,749.36,68.79,27.27,144,0,0,3,Valentines Day,0.0,-2.2
2026-03-10,H003,Plant Grow Light,Home & Living,GreenGlow,10,29.99,32.66,37,1208.42,838.42,69.38,29.43,117,0,1,3,Valentines Day,0.0,-2.2
2026-03-11,H003,Plant Grow Light,Home & Living,GreenGlow,10,29.99,28.21,58,1636.18,1056.18,64.55,33.88,101,0,2,3,Valentines Day,0.0,-2.2
2026-03-12,H003,Plant Grow Light,Home & Living,GreenGlow,10,29.99,27.2,59,1604.8,1014.8,63.24,32.12,63,0,3,3,Valentines Day,0.0,-2.2
2026-03-13,H003,Plant Grow Light,Home & Living,GreenGlow,10,29.99,26.29,62,1629.98,1009.98,61.96,33.77,56,0,4,3,Valentines Day,0.0,-2.2
2026-03-14,H003,Plant Grow Light,Home & Living,GreenGlow,10,29.99,28.82,61,1758.02,1148.02,65.3,29.86,61,1,5,3,Valentines Day,0.0,-2.2
2026-03-15,H003,Plant Grow Light,Home & Living,GreenGlow,10,29.99,26.66,74,1972.84,1232.84,62.49,31.02,41,1,6,3,Valentines Day,0.0,-2.2
2026-03-16,H003,Plant Grow Light,Home & Living,GreenGlow,10,29.99,23.66,76,1798.16,1038.16,57.73,26.17,32,0,0,3,Valentines Day,0.0,-2.2
2026-03-17,H003,Plant Grow Light,Home & Living,GreenGlow,10,29.99,25.27,73,1844.71,1114.71,60.43,27.25,54,0,1,3,Easter,0.0,-2.2
2026-03-18,H003,Plant Grow Light,Home & Living,GreenGlow,10,29.99,24.63,75,1847.25,1097.25,59.4,25.82,32,0,2,3,Easter,0.0,-2.2
2026-03-19,H003,Plant Grow Light,Home & Living,GreenGlow,10,29.99,25.45,65,1654.25,1004.25,60.71,33.08,60,0,3,3,Easter,0.0,-2.2
2026-03-20,H003,Plant Grow Light,Home & Living,GreenGlow,10,29.99,25.25,69,1742.25,1052.25,60.4,29.53,65,0,4,3,Easter,0.0,-2.2
2026-03-21,H003,Plant Grow Light,Home & Living,GreenGlow,10,29.99,24.43,91,2223.13,1313.13,59.07,28.33,5,1,5,3,Easter,0.0,-2.2
2026-03-22,H003,Plant Grow Light,Home & Living,GreenGlow,10,29.99,25.94,74,1919.56,1179.56,61.45,32.39,71,1,6,3,Easter,0.0,-2.2
2026-03-23,H003,Plant Grow Light,Home & Living,GreenGlow,10,29.99,28.78,55,1582.9,1032.9,65.25,28.06,95,0,0,3,Easter,0.0,-2.2
2026-03-24,H003,Plant Grow Light,Home & Living,GreenGlow,10,29.99,27.12,46,1247.52,787.52,63.13,32.31,99,0,1,3,Easter,0.0,-2.2
2026-03-25,H003,Plant Grow Light,Home & Living,GreenGlow,10,29.99,29.52,48,1416.96,936.96,66.12,26.0,103,0,2,3,Easter,0.0,-2.2
2026-03-26,H003,Plant Grow Light,Home & Living,GreenGlow,10,29.99,30.17,50,1508.5,1008.5,66.85,30.41,90,0,3,3,Easter,0.0,-2.2
2026-03-27,H003,Plant Grow Light,Home & Living,GreenGlow,10,29.99,31.76,41,1302.16,892.16,68.51,30.52,119,0,4,3,Easter,0.0,-2.2
2026-03-28,H003,Plant Grow Light,Home & Living,GreenGlow,10,29.99,31.73,50,1586.5,1086.5,68.48,30.92,83,1,5,3,Easter,0.0,-2.2
2026-03-29,H003,Plant Grow Light,Home & Living,GreenGlow,10,29.99,33.05,45,1487.25,1037.25,69.74,30.67,95,1,6,3,Easter,0.0,-2.2
2026-03-30,H003,Plant Grow Light,Home & Living,GreenGlow,10,29.99,34.65,36,1247.4,887.4,71.14,29.15,143,0,0,3,Easter,0.0,-2.2
2026-03-31,H003,Plant Grow Light,Home & Living,GreenGlow,10,29.99,34.56,36,1244.16,884.16,71.06,31.1,113,0,1,3,Easter,0.0,-2.2
2026-04-01,H003,Plant Grow Light,Home & Living,GreenGlow,10,29.99,33.38,36,1201.68,841.68,70.04,33.67,138,0,2,4,Easter,0.0,-2.2
2026-04-02,H003,Plant Grow Light,Home & Living,GreenGlow,10,29.99,33.39,41,1368.99,958.99,70.05,27.15,128,0,3,4,Easter,0.0071,-2.2
2026-04-03,H003,Plant Grow Light,Home & Living,GreenGlow,10,29.99,33.08,38,1257.04,877.04,69.77,31.04,106,0,4,4,Easter,0.0143,-2.2
2026-04-04,H003,Plant Grow Light,Home & Living,GreenGlow,10,29.99,33.94,36,1221.84,861.84,70.54,26.82,147,1,5,4,Easter,0.0214,-2.2
2026-04-05,H003,Plant Grow Light,Home & Living,GreenGlow,10,29.99,33.54,43,1442.22,1012.22,70.18,27.32,125,1,6,4,Easter,0.0286,-2.2
2026-04-06,H003,Plant Grow Light,Home & Living,GreenGlow,10,29.99,34.84,30,1045.2,745.2,71.3,25.68,121,0,0,4,Easter,0.0357,-2.2
2026-04-07,H003,Plant Grow Light,Home & Living,GreenGlow,10,29.99,33.81,37,1250.97,880.97,70.42,33.46,109,0,1,4,Easter,0.0429,-2.2
2026-04-08,H003,Plant Grow Light,Home & Living,GreenGlow,10,29.99,32.59,42,1368.78,948.78,69.32,28.98,129,0,2,4,Easter,0.05,-2.2
2026-04-09,H003,Plant Grow Light,Home & Living,GreenGlow,10,29.99,29.94,56,1676.64,1116.64,66.6,33.93,79,0,3,4,Easter,0.0571,-2.2
2026-04-10,H003,Plant Grow Light,Home & Living,GreenGlow,10,29.99,31.1,43,1337.3,907.3,67.85,32.38,131,0,4,4,Easter,0.0643,-2.2
2026-04-11,H003,Plant Grow Light,Home & Living,GreenGlow,10,29.99,29.59,58,1716.22,1136.22,66.2,32.14,67,1,5,4,Easter,0.0714,-2.2
2026-04-12,H003,Plant Grow Light,Home & Living,GreenGlow,10,29.99,26.81,72,1930.32,1210.32,62.7,28.23,75,1,6,4,Easter,0.1,-2.2
2026-04-13,H003,Plant Grow Light,Home & Living,GreenGlow,10,29.99,28.56,62,1770.72,1150.72,64.99,34.28,71,0,0,4,Easter,0.1,-2.2
2026-04-14,H003,Plant Grow Light,Home & Living,GreenGlow,10,29.99,26.38,77,2031.26,1261.26,62.09,33.31,33,0,1,4,Easter,0.1,-2.2
2026-04-15,H003,Plant Grow Light,Home & Living,GreenGlow,10,29.99,27.13,61,1654.93,1044.93,63.14,29.03,82,0,2,4,Easter,0.1,-2.2
2026-04-16,H003,Plant Grow Light,Home & Living,GreenGlow,10,29.99,27.18,63,1712.34,1082.34,63.21,27.55,56,0,3,4,Easter,0.1,-2.2
2026-04-17,H003,Plant Grow Light,Home & Living,GreenGlow,10,29.99,25.3,65,1644.5,994.5,60.47,27.0,64,0,4,4,Easter,0.1,-2.2
2026-04-18,H003,Plant Grow Light,Home & Living,GreenGlow,10,29.99,24.97,89,2222.33,1332.33,59.95,30.74,37,1,5,4,Easter,0.1,-2.2
2026-04-19,H003,Plant Grow Light,Home & Living,GreenGlow,10,29.99,25.99,73,1897.27,1167.27,61.52,31.47,51,1,6,4,Easter,0.0714,-2.2
2026-04-20,H003,Plant Grow Light,Home & Living,GreenGlow,10,29.99,25.43,82,2085.26,1265.26,60.68,30.03,16,0,0,4,Easter,0.0643,-2.2
2026-04-21,H003,Plant Grow Light,Home & Living,GreenGlow,10,29.99,27.61,66,1822.26,1162.26,63.78,25.84,63,0,1,4,Easter,0.0571,-2.2
2026-04-22,H003,Plant Grow Light,Home & Living,GreenGlow,10,29.99,27.3,63,1719.9,1089.9,63.37,30.01,90,0,2,4,Easter,0.05,-2.2
2026-04-23,H003,Plant Grow Light,Home & Living,GreenGlow,10,29.99,28.72,62,1780.64,1160.64,65.18,32.67,91,0,3,4,Easter,0.0429,-2.2
2026-04-24,H003,Plant Grow Light,Home & Living,GreenGlow,10,29.99,27.69,46,1273.74,813.74,63.89,28.96,127,0,4,4,Easter,0.0357,-2.2
2026-04-25,H003,Plant Grow Light,Home & Living,GreenGlow,10,29.99,29.53,59,1742.27,1152.27,66.14,33.26,81,1,5,4,Easter,0.0286,-2.2
2026-04-26,H003,Plant Grow Light,Home & Living,GreenGlow,10,29.99,31.0,49,1519.0,1029.0,67.74,29.24,117,1,6,4,Easter,0.0214,-2.2
2026-04-27,H003,Plant Grow Light,Home & Living,GreenGlow,10,29.99,32.29,39,1259.31,869.31,69.03,30.51,104,0,0,4,Easter,0.0143,-2.2
2026-04-28,H003,Plant Grow Light,Home & Living,GreenGlow,10,29.99,32.65,41,1338.65,928.65,69.37,28.11,117,0,1,4,Easter,0.0071,-2.2
2026-04-29,H003,Plant Grow Light,Home & Living,GreenGlow,10,29.99,32.94,42,1383.48,963.48,69.64,27.23,101,0,2,4,Mothers Day,0.0129,-2.2
2026-04-30,H003,Plant Grow Light,Home & Living,GreenGlow,10,29.99,34.77,33,1147.41,817.41,71.24,29.73,123,0,3,4,Mothers Day,0.0257,-2.2
2026-05-01,H003,Plant Grow Light,Home & Living,GreenGlow,10,29.99,33.83,35,1184.05,834.05,70.44,33.95,124,0,4,5,Mothers Day,0.0386,-2.2
2026-05-02,H003,Plant Grow Light,Home & Living,GreenGlow,10,29.99,34.46,43,1481.78,1051.78,70.98,27.1,130,1,5,5,Mothers Day,0.0514,-2.2
2026-05-03,H003,Plant Grow Light,Home & Living,GreenGlow,10,29.99,36.1,38,1371.8,991.8,72.3,34.34,106,1,6,5,Mothers Day,0.0643,-2.2
2026-05-04,H003,Plant Grow Light,Home & Living,GreenGlow,10,29.99,34.52,36,1242.72,882.72,71.03,28.03,115,0,0,5,Mothers Day,0.0771,-2.2
2026-05-05,H003,Plant Grow Light,Home & Living,GreenGlow,10,29.99,33.46,42,1405.32,985.32,70.11,29.7,120,0,1,5,Mothers Day,0.09,-2.2
2026-05-06,H003,Plant Grow Light,Home & Living,GreenGlow,10,29.99,32.96,42,1384.32,964.32,69.66,32.54,96,0,2,5,Mothers Day,0.1029,-2.2
2026-05-07,H003,Plant Grow Light,Home & Living,GreenGlow,10,29.99,32.99,44,1451.56,1011.56,69.69,29.39,113,0,3,5,Mothers Day,0.1157,-2.2
2026-05-08,H003,Plant Grow Light,Home & Living,GreenGlow,10,29.99,29.67,53,1572.51,1042.51,66.3,33.48,110,0,4,5,Mothers Day,0.1286,-2.2
2026-05-09,H003,Plant Grow Light,Home & Living,GreenGlow,10,29.99,31.91,49,1563.59,1073.59,68.66,33.83,120,1,5,5,Mothers Day,0.18,-2.2
2026-05-10,H003,Plant Grow Light,Home & Living,GreenGlow,10,29.99,27.28,83,2264.24,1434.24,63.34,28.0,52,1,6,5,Mothers Day,0.18,-2.2
