backend/data/transactions.csv
date,product_id,product_name,category,brand,cost,base_price,price,demand,revenue,profit,margin,competitor_price,stock,is_weekend,day_of_week,month,holiday_name,holiday_boost,elasticity
2026-02-09,H004,Ceramic Dinner Set,Home & Living,ArtisanHome,25,79.99,80.57,42,3383.94,2333.94,68.97,74.77,107,0,0,2,Valentines Day,0.1286,-1.4
2026-02-10,H004,Ceramic Dinner Set,Home & Living,ArtisanHome,25,79.99,77.76,47,3654.72,2479.72,67.85,69.97,92,0,1,2,Valentines Day,0.1429,-1.4
2026-02-11,H004,Ceramic Dinner Set,Home & Living,ArtisanHome,25,79.99,76.3,41,3128.3,2103.3,67.23,74.2,111,0,2,2,Valentines Day,0.2,-1.4
2026-02-12,H004,Ceramic Dinner Set,Home & Living,ArtisanHome,25,79.99,72.32,54,3905.28,2555.28,65.43,91.19,110,0,3,2,Valentines Day,0.2,-1.4
2026-02-13,H004,Ceramic Dinner Set,Home & Living,ArtisanHome,25,79.99,72.99,48,3503.52,2303.52,65.75,89.82,84,0,4,2,Valentines Day,0.2,-1.4
2026-02-14,H004,Ceramic Dinner Set,Home & Living,ArtisanHome,25,79.99,69.71,72,5019.12,3219.12,64.14,68.33,46,1,5,2,Valentines Day,0.2,-1.4
2026-02-15,H004,Ceramic Dinner Set,Home & Living,ArtisanHome,25,79.99,73.03,62,4527.86,2977.86,65.77,85.59,96,1,6,2,Valentines Day,0.2,-1.4
2026-02-16,H004,Ceramic Dinner Set,Home & Living,ArtisanHome,25,79.99,68.84,52,3579.68,2279.68,63.68,80.79,92,0,0,2,Valentines Day,0.2,-1.4
2026-02-17,H004,Ceramic Dinner Set,Home & Living,ArtisanHome,25,79.99,68.04,68,4626.72,2926.72,63.26,82.47,53,0,1,2,Valentines Day,0.2,-1.4
2026-02-18,H004,Ceramic Dinner Set,Home & Living,ArtisanHome,25,79.99,73.06,55,4018.3,2643.3,65.78,80.35,110,0,2,2,Valentines Day,0.1429,-1.4
2026-02-19,H004,Ceramic Dinner Set,Home & Living,ArtisanHome,25,79.99,65.83,68,4476.44,2776.44,62.02,86.52,51,0,3,2,Valentines Day,0.1286,-1.4
2026-02-20,H004,Ceramic Dinner Set,Home & Living,ArtisanHome,25,79.99,67.32,53,3567.96,2242.96,62.86,78.35,105,0,4,2,Valentines Day,0.1143,-1.4
2026-02-21,H004,Ceramic Dinner Set,Home & Living,ArtisanHome,25,79.99,76.42,55,4203.1,2828.1,67.29,81.83,84,1,5,2,Valentines Day,0.1,-1.4
2026-02-22,H004,Ceramic Dinner Set,Home & Living,ArtisanHome,25,79.99,73.69,61,4495.09,2970.09,66.07,73.38,78,1,6,2,Valentines Day,0.0857,-1.4
2026-02-23,H004,Ceramic Dinner Set,Home & Living,ArtisanHome,25,79.99,77.89,54,4206.06,2856.06,67.9,78.68,111,0,0,2,Valentines Day,0.0714,-1.4
2026-02-24,H004,Ceramic Dinner Set,Home & Living,ArtisanHome,25,79.99,82.57,42,3467.94,2417.94,69.72,71.34,119,0,1,2,Valentines Day,0.0571,-1.4
2026-02-25,H004,Ceramic Dinner Set,Home & Living,ArtisanHome,25,79.99,83.05,44,3654.2,2554.2,69.9,85.22,107,0,2,2,Valentines Day,0.0429,-1.4
2026-02-26,H004,Ceramic Dinner Set,Home & Living,ArtisanHome,25,79.99,84.65,36,3047.4,2147.4,70.47,77.46,143,0,3,2,Valentines Day,0.0286,-1.4
2026-02-27,H004,Ceramic Dinner Set,Home & Living,ArtisanHome,25,79.99,88.87,35,3110.45,2235.45,71.87,91.19,128,0,4,2,Valentines Day,0.0143,-1.4
2026-02-28,H004,Ceramic Dinner Set,Home & Living,ArtisanHome,25,79.99,89.6,34,3046.4,2196.4,72.1,84.5,123,1,5,2,Valentines Day,0.0,-1.4
2026-03-01,H004,Ceramic Dinner Set,Home & Living,ArtisanHome,25,79.99,90.06,38,3422.28,2472.28,72.24,76.47,117,1,6,3,Valentines Day,0.0,-1.4
2026-03-02,H004,Ceramic Dinner Set,Home & Living,ArtisanHome,25,79.99,86.55,37,3202.35,2277.35,71.11,72.61,118,0,0,3,Valentines Day,0.0,-1.4
2026-03-03,H004,Ceramic Dinner Set,Home & Living,ArtisanHome,25,79.99,91.76,35,3211.6,2336.6,72.76,78.66,133,0,1,3,Valentines Day,0.0,-1.4
2026-03-04,H004,Ceramic Dinner Set,Home & Living,ArtisanHome,25,79.99,94.7,35,3314.5,2439.5,73.6,82.57,114,0,2,3,Valentines Day,0.0,-1.4
2026-03-05,H004,Ceramic Dinner Set,Home & Living,ArtisanHome,25,79.99,90.3,35,3160.5,2285.5,72.31,82.3,140,0,3,3,Valentines Day,0.0,-1.4
2026-03-06,H004,Ceramic Dinner Set,Home & Living,ArtisanHome,25,79.99,91.6,33,3022.8,2197.8,72.71,68.72,148,0,4,3,Valentines Day,0.0,-1.4
2026-03-07,H004,Ceramic Dinner Set,Home & Living,ArtisanHome,25,79.99,85.35,43,3670.05,2595.05,70.71,71.2,132,1,5,3,Valentines Day,0.0,-1.4
2026-03-08,H004,Ceramic Dinner Set,Home & Living,ArtisanHome,25,79.99,89.94,35,3147.9,2272.9,72.2,81.07,115,1,6,3,Valentines Day,0.0,-1.4
2026-03-09,H004,Ceramic Dinner Set,Home & Living,ArtisanHome,25,79.99,82.51,37,3052.87,2127.87,69.7,73.12,122,0,0,3,Valentines Day,0.0,-1.4
2026-03-10,H004,Ceramic Dinner Set,Home & Living,ArtisanHome,25,79.99,80.15,43,3446.45,2371.45,68.81,76.79,110,0,1,3,Valentines Day,0.0,-1.4
2026-03-11,H004,Ceramic Dinner Set,Home & Living,ArtisanHome,25,79.99,78.48,45,3531.6,2406.6,68.14,69.62,103,0,2,3,Valentines Day,0.0,-1.4
2026-03-12,H004,Ceramic Dinner Set,Home & Living,ArtisanHome,25,79.99,77.6,37,2871.2,1946.2,67.78,86.65,140,0,3,3,Valentines Day,0.0,-1.4
2026-03-13,H004,Ceramic Dinner Set,Home & Living,ArtisanHome,25,79.99,74.13,50,3706.5,2456.5,66.28,84.48,93,0,4,3,Valentines Day,0.0,-1.4
2026-03-14,H004,Ceramic Dinner Set,Home & Living,ArtisanHome,25,79.99,73.31,52,3812.12,2512.12,65.9,68.23,92,1,5,3,Valentines Day,0.0,-1.4
2026-03-15,H004,Ceramic Dinner Set,Home & Living,ArtisanHome,25,79.99,74.0,48,3552.0,2352.0,66.22,86.38,96,1,6,3,Valentines Day,0.0,-1.4
2026-03-16,H004,Ceramic Dinner Set,Home & Living,ArtisanHome,25,79.99,68.17,55,3749.35,2374.35,63.33,78.7,99,0,0,3,Valentines Day,0.0,-1.4
2026-03-17,H004,Ceramic Dinner Set,Home & Living,ArtisanHome,25,79.99,70.21,45,3159.45,2034.45,64.39,82.62,127,0,1,3,Easter,0.0,-1.4
2026-03-18,H004,Ceramic Dinner Set,Home & Living,ArtisanHome,25,79.99,69.19,48,3321.12,2121.12,63.87,81.63,95,0,2,3,Easter,0.0,-1.4
2026-03-19,H004,Ceramic Dinner Set,Home & Living,ArtisanHome,25,79.99,63.11,56,3534.16,2134.16,60.39,81.89,104,0,3,3,Easter,0.0,-1.4
2026-03-20,H004,Ceramic Dinner Set,Home & Living,ArtisanHome,25,79.99,73.25,50,3662.5,2412.5,65.87,80.44,82,0,4,3,Easter,0.0,-1.4
2026-03-21,H004,Ceramic Dinner Set,Home & Living,ArtisanHome,25,79.99,69.49,50,3474.5,2224.5,64.02,75.44,87,1,5,3,Easter,0.0,-1.4
2026-03-22,H004,Ceramic Dinner Set,Home & Living,ArtisanHome,25,79.99,66.19,62,4103.78,2553.78,62.23,74.19,75,1,6,3,Easter,0.0,-1.4
2026-03-23,H004,Ceramic Dinner Set,Home & Living,ArtisanHome,25,79.99,73.91,49,3621.59,2396.59,66.18,70.54,113,0,0,3,Easter,0.0,-1.4
2026-03-24,H004,Ceramic Dinner Set,Home & Living,ArtisanHome,25,79.99,76.53,46,3520.38,2370.38,67.33,70.73,114,0,1,3,Easter,0.0,-1.4
2026-03-25,H004,Ceramic Dinner Set,Home & Living,ArtisanHome,25,79.99,78.16,47,3673.52,2498.52,68.01,83.5,104,0,2,3,Easter,0.0,-1.4
2026-03-26,H004,Ceramic Dinner Set,Home & Living,ArtisanHome,25,79.99,78.73,42,3306.66,2256.66,68.25,83.32,99,0,3,3,Easter,0.0,-1.4
2026-03-27,H004,Ceramic Dinner Set,Home & Living,ArtisanHome,25,79.99,78.3,41,3210.3,2185.3,68.07,81.08,103,0,4,3,Easter,0.0,-1.4
2026-03-28,H004,Ceramic Dinner Set,Home & Living,ArtisanHome,25,79.99,87.26,44,3839.44,2739.44,71.35,71.91,96,1,5,3,Easter,0.0,-1.4
2026-03-29,H004,Ceramic Dinner Set,Home & Living,ArtisanHome,25,79.99,81.35,54,4392.9,3042.9,69.27,70.55,98,1,6,3,Easter,0.0,-1.4
2026-03-30,H004,Ceramic Dinner Set,Home & Living,ArtisanHome,25,79.99,89.28,36,3214.08,2314.08,72.0,83.01,111,0,0,3,Easter,0.0,-1.4
2026-03-31,H004,Ceramic Dinner Set,Home & Living,ArtisanHome,25,79.99,88.92,34,3023.28,2173.28,71.88,74.23,127,0,1,3,Easter,0.0,-1.4
2026-04-01,H004,Ceramic Dinner Set,Home & Living,ArtisanHome,25,79.99,91.75,36,3303.0,2403.0,72.75,88.03,136,0,2,4,Easter,0.0,-1.4
2026-04-02,H004,Ceramic Dinner Set,Home & Living,ArtisanHome,25,79.99,92.7,32,2966.4,2166.4,73.03,74.59,142,0,3,4,Easter,0.0071,-1.4
2026-04-03,H004,Ceramic Dinner Set,Home & Living,ArtisanHome,25,79.99,89.76,33,2962.08,2137.08,72.15,90.32,115,0,4,4,Easter,0.0143,-1.4
2026-04-04,H004,Ceramic Dinner Set,Home & Living,ArtisanHome,25,79.99,93.99,42,3947.58,2897.58,73.4,88.06,135,1,5,4,Easter,0.0214,-1.4
2026-04-05,H004,Ceramic Dinner Set,Home & Living,ArtisanHome,25,79.99,91.55,44,4028.2,2928.2,72.69,83.53,97,1,6,4,Easter,0.0286,-1.4
2026-04-06,H004,Ceramic Dinner Set,Home & Living,ArtisanHome,25,79.99,88.61,39,3455.79,2480.79,71.79,68.95,116,0,0,4,Easter,0.0357,-1.4
2026-04-07,H004,Ceramic Dinner Set,Home & Living,ArtisanHome,25,79.99,88.34,40,3533.6,2533.6,71.7,79.01,102,0,1,4,Easter,0.0429,-1.4
2026-04-08,H004,Ceramic Dinner Set,Home & Living,ArtisanHome,25,79.99,82.33,33,2716.89,1891.89,69.63,90.27,140,0,2,4,Easter,0.05,-1.4
2026-04-09,H004,Ceramic Dinner Set,Home & Living,ArtisanHome,25,79.99,83.11,35,2908.85,2033.85,69.92,69.58,149,0,3,4,Easter,0.0571,-1.4
2026-04-10,H004,Ceramic Dinner Set,Home & Living,ArtisanHome,25,79.99,79.15,37,2928.55,2003.55,68.41,76.52,133,0,4,4,Easter,0.0643,-1.4
2026-04-11,H004,Ceramic Dinner Set,Home & Living,ArtisanHome,25,79.99,80.51,54,4347.54,2997.54,68.95,74.43,85,1,5,4,Easter,0.0714,-1.4
2026-04-12,H004,Ceramic Dinner Set,Home & Living,ArtisanHome,25,79.99,75.95,52,3949.4,2649.4,67.08,68.95,100,1,6,4,Easter,0.1,-1.4
2026-04-13,H004,Ceramic Dinner Set,Home & Living,ArtisanHome,25,79.99,68.66,46,3158.36,2008.36,63.59,69.84,115,0,0,4,Easter,0.1,-1.4
2026-04-14,H004,Ceramic Dinner Set,Home & Living,ArtisanHome,25,79.99,69.75,58,4045.5,2595.5,64.16,78.1,98,0,1,4,Easter,0.1,-1.4
2026-04-15,H004,Ceramic Dinner Set,Home & Living,ArtisanHome,25,79.99,68.78,58,3989.24,2539.24,63.65,81.2,72,0,2,4,Easter,0.1,-1.4
2026-04-16,H004,Ceramic Dinner Set,Home & Living,ArtisanHome,25,79.99,69.9,58,4054.2,2604.2,64.23,69.16,98,0,3,4,Easter,0.1,-1.4
2026-04-17,H004,Ceramic Dinner Set,Home & Living,ArtisanHome,25,79.99,63.41,59,3741.19,2266.19,60.57,81.11,66,0,4,4,Easter,0.1,-1.4
2026-04-18,H004,Ceramic Dinner Set,Home & Living,ArtisanHome,25,79.99,69.21,71,4913.91,3138.91,63.88,72.47,46,1,5,4,Easter,0.1,-1.4
2026-04-19,H004,Ceramic Dinner Set,Home & Living,ArtisanHome,25,79.99,71.34,61,4351.74,2826.74,64.96,68.41,60,1,6,4,Easter,0.0714,-1.4
2026-04-20,H004,Ceramic Dinner Set,Home & Living,ArtisanHome,25,79.99,72.64,51,3704.64,2429.64,65.58,75.83,92,0,0,4,Easter,0.0643,-1.4
2026-04-21,H004,Ceramic Dinner Set,Home & Living,ArtisanHome,25,79.99,67.35,58,3906.3,2456.3,62.88,68.63,93,0,1,4,Easter,0.0571,-1.4
2026-04-22,H004,Ceramic Dinner Set,Home & Living,ArtisanHome,25,79.99,75.79,54,4092.66,2742.66,67.01,85.79,99,0,2,4,Easter,0.05,-1.4
2026-04-23,H004,Ceramic Dinner Set,Home & Living,ArtisanHome,25,79.99,73.72,44,3243.68,2143.68,66.09,71.02,97,0,3,4,Easter,0.0429,-1.4
2026-04-24,H004,Ceramic Dinner Set,Home & Living,ArtisanHome,25,79.99,79.54,44,3499.76,2399.76,68.57,91.09,117,0,4,4,Easter,0.0357,-1.4
2026-04-25,H004,Ceramic Dinner Set,Home & Living,ArtisanHome,25,79.99,80.77,53,4280.81,2955.81,69.05,82.83,105,1,5,4,Easter,0.0286,-1.4
2026-04-26,H004,Ceramic Dinner Set,Home & Living,ArtisanHome,25,79.99,84.51,47,3971.97,2796.97,70.42,69.34,116,1,6,4,Easter,0.0214,-1.4
2026-04-27,H004,Ceramic Dinner Set,Home & Living,ArtisanHome,25,79.99,83.76,42,3517.92,2467.92,70.15,83.36,109,0,0,4,Easter,0.0143,-1.4
2026-04-28,H004,Ceramic Dinner Set,Home & Living,ArtisanHome,25,79.99,84.18,40,3367.2,2367.2,70.3,85.08,107,0,1,4,Easter,0.0071,-1.4
2026-04-29,H004,Ceramic Dinner Set,Home & Living,ArtisanHome,25,79.99,88.83,31,2753.73,1978.73,71.86,89.94,126,0,2,4,Mothers Day,0.0129,-1.4
2026-04-30,H004,Ceramic Dinner Set,Home & Living,ArtisanHome,25,79.99,91.39,33,3015.87,2190.87,72.64,80.0,150,0,3,4,Mothers Day,0.0257,-1.4
2026-05-01,H004,Ceramic Dinner Set,Home & Living,ArtisanHome,25,79.99,92.35,32,2955.2,2155.2,72.93,73.58,122,0,4,5,Mothers Day,0.0386,-1.4
2026-05-02,H004,Ceramic Dinner Set,Home & Living,ArtisanHome,25,79.99,93.98,45,4229.1,3104.1,73.4,86.11,102,1,5,5,Mothers Day,0.0514,-1.4
2026-05-03,H004,Ceramic Dinner Set,Home & Living,ArtisanHome,25,79.99,86.72,41,3555.52,2530.52,71.17,91.61,110,1,6,5,Mothers Day,0.0643,-1.4
2026-05-04,H004,Ceramic Dinner Set,Home & Living,ArtisanHome,25,79.99,89.1,34,3029.4,2179.4,71.94,81.54,122,0,0,5,Mothers Day,0.0771,-1.4
2026-05-05,H004,Ceramic Dinner Set,Home & Living,ArtisanHome,25,79.99,89.87,39,3504.93,2529.93,72.18,89.49,106,0,1,5,Mothers Day,0.09,-1.4
2026-05-06,H004,Ceramic Dinner Set,Home & Living,ArtisanHome,25,79.99,90.56,39,3531.84,2556.84,72.39,72.04,141,0,2,5,Mothers Day,0.1029,-1.4
2026-05-07,H004,Ceramic Dinner Set,Home & Living,ArtisanHome,25,79.99,88.62,40,3544.8,2544.8,71.79,84.23,112,0,3,5,Mothers Day,0.1157,-1.4
2026-05-08,H004,Ceramic Dinner Set,Home & Living,ArtisanHome,25,79.99,83.46,41,3421.86,2396.86,70.05,70.22,104,0,4,5,Mothers Day,0.1286,-1.4
2026-05-09,H004,Ceramic Dinner Set,Home & Living,ArtisanHome,25,79.99,82.06,50,4103.0,2853.0,69.53,87.08,86,1,5,5,Mothers Day,0.18,-1.4
2026-05-10,H004,Ceramic Dinner Set,Home & Living,ArtisanHome,25,79.99,80.83,51,4122.33,2847.33,69.07,72.72,82,1,6,5,Mothers Day,0.18,-1.4
