backend/data/transactions.csv
date,product_id,product_name,category,brand,cost,base_price,price,demand,revenue,profit,margin,competitor_price,stock,is_weekend,day_of_week,month,holiday_name,holiday_boost,elasticity
2026-02-09,H005,Essential Oil Diffuser,Home & Living,GlowHaus,9,34.99,34.48,62,2137.76,1579.76,73.9,36.63,77,0,0,2,Valentines Day,0.1286,-2.4
2026-02-10,H005,Essential Oil Diffuser,Home & Living,GlowHaus,9,34.99,35.14,61,2143.54,1594.54,74.39,36.34,69,0,1,2,Valentines Day,0.1429,-2.4
2026-02-11,H005,Essential Oil Diffuser,Home & Living,GlowHaus,9,34.99,32.8,66,2164.8,1570.8,72.56,39.09,71,0,2,2,Valentines Day,0.2,-2.4
2026-02-12,H005,Essential Oil Diffuser,Home & Living,GlowHaus,9,34.99,32.43,66,2140.38,1546.38,72.25,36.82,87,0,3,2,Valentines Day,0.2,-2.4
2026-02-13,H005,Essential Oil Diffuser,Home & Living,GlowHaus,9,34.99,31.87,70,2230.9,1600.9,71.76,30.86,71,0,4,2,Valentines Day,0.2,-2.4
2026-02-14,H005,Essential Oil Diffuser,Home & Living,GlowHaus,9,34.99,30.21,103,3111.63,2184.63,70.21,36.36,5,1,5,2,Valentines Day,0.2,-2.4
2026-02-15,H005,Essential Oil Diffuser,Home & Living,GlowHaus,9,34.99,28.09,110,3089.9,2099.9,67.96,37.74,5,1,6,2,Valentines Day,0.2,-2.4
2026-02-16,H005,Essential Oil Diffuser,Home & Living,GlowHaus,9,34.99,30.16,88,2654.08,1862.08,70.16,32.4,7,0,0,2,Valentines Day,0.2,-2.4
2026-02-17,H005,Essential Oil Diffuser,Home & Living,GlowHaus,9,34.99,30.2,83,2506.6,1759.6,70.2,36.39,43,0,1,2,Valentines Day,0.2,-2.4
2026-02-18,H005,Essential Oil Diffuser,Home & Living,GlowHaus,9,34.99,30.91,70,2163.7,1533.7,70.88,30.04,55,0,2,2,Valentines Day,0.1429,-2.4
2026-02-19,H005,Essential Oil Diffuser,Home & Living,GlowHaus,9,34.99,29.39,87,2556.93,1773.93,69.38,38.38,15,0,3,2,Valentines Day,0.1286,-2.4
2026-02-20,H005,Essential Oil Diffuser,Home & Living,GlowHaus,9,34.99,29.97,90,2697.3,1887.3,69.97,36.0,5,0,4,2,Valentines Day,0.1143,-2.4
2026-02-21,H005,Essential Oil Diffuser,Home & Living,GlowHaus,9,34.99,32.74,70,2291.8,1661.8,72.51,40.23,48,1,5,2,Valentines Day,0.1,-2.4
2026-02-22,H005,Essential Oil Diffuser,Home & Living,GlowHaus,9,34.99,33.75,60,2025.0,1485.0,73.33,39.88,97,1,6,2,Valentines Day,0.0857,-2.4
2026-02-23,H005,Essential Oil Diffuser,Home & Living,GlowHaus,9,34.99,35.42,51,1806.42,1347.42,74.59,31.17,117,0,0,2,Valentines Day,0.0714,-2.4
2026-02-24,H005,Essential Oil Diffuser,Home & Living,GlowHaus,9,34.99,34.36,53,1821.08,1344.08,73.81,32.59,107,0,1,2,Valentines Day,0.0571,-2.4
2026-02-25,H005,Essential Oil Diffuser,Home & Living,GlowHaus,9,34.99,35.29,49,1729.21,1288.21,74.5,33.33,121,0,2,2,Valentines Day,0.0429,-2.4
2026-02-26,H005,Essential Oil Diffuser,Home & Living,GlowHaus,9,34.99,35.89,55,1973.95,1478.95,74.92,31.49,109,0,3,2,Valentines Day,0.0286,-2.4
2026-02-27,H005,Essential Oil Diffuser,Home & Living,GlowHaus,9,34.99,37.48,45,1686.6,1281.6,75.99,30.48,92,0,4,2,Valentines Day,0.0143,-2.4
2026-02-28,H005,Essential Oil Diffuser,Home & Living,GlowHaus,9,34.99,39.11,40,1564.4,1204.4,76.99,39.49,120,1,5,2,Valentines Day,0.0,-2.4
2026-03-01,H005,Essential Oil Diffuser,Home & Living,GlowHaus,9,34.99,39.34,47,1848.98,1425.98,77.12,37.18,115,1,6,3,Valentines Day,0.0,-2.4
2026-03-02,H005,Essential Oil Diffuser,Home & Living,GlowHaus,9,34.99,39.5,34,1343.0,1037.0,77.22,36.43,115,0,0,3,Valentines Day,0.0,-2.4
2026-03-03,H005,Essential Oil Diffuser,Home & Living,GlowHaus,9,34.99,40.78,28,1141.84,889.84,77.93,40.2,143,0,1,3,Valentines Day,0.0,-2.4
2026-03-04,H005,Essential Oil Diffuser,Home & Living,GlowHaus,9,34.99,39.92,40,1596.8,1236.8,77.45,38.1,124,0,2,3,Valentines Day,0.0,-2.4
2026-03-05,H005,Essential Oil Diffuser,Home & Living,GlowHaus,9,34.99,39.75,39,1550.25,1199.25,77.36,36.08,127,0,3,3,Valentines Day,0.0,-2.4
2026-03-06,H005,Essential Oil Diffuser,Home & Living,GlowHaus,9,34.99,38.39,39,1497.21,1146.21,76.56,30.72,103,0,4,3,Valentines Day,0.0,-2.4
2026-03-07,H005,Essential Oil Diffuser,Home & Living,GlowHaus,9,34.99,38.53,47,1810.91,1387.91,76.64,31.96,115,1,5,3,Valentines Day,0.0,-2.4
2026-03-08,H005,Essential Oil Diffuser,Home & Living,GlowHaus,9,34.99,38.15,39,1487.85,1136.85,76.41,31.45,140,1,6,3,Valentines Day,0.0,-2.4
2026-03-09,H005,Essential Oil Diffuser,Home & Living,GlowHaus,9,34.99,38.64,37,1429.68,1096.68,76.71,31.25,106,0,0,3,Valentines Day,0.0,-2.4
2026-03-10,H005,Essential Oil Diffuser,Home & Living,GlowHaus,9,34.99,36.14,44,1590.16,1194.16,75.1,34.52,113,0,1,3,Valentines Day,0.0,-2.4
2026-03-11,H005,Essential Oil Diffuser,Home & Living,GlowHaus,9,34.99,34.97,49,1713.53,1272.53,74.26,37.28,100,0,2,3,Valentines Day,0.0,-2.4
2026-03-12,H005,Essential Oil Diffuser,Home & Living,GlowHaus,9,34.99,32.97,60,1978.2,1438.2,72.7,38.28,84,0,3,3,Valentines Day,0.0,-2.4
2026-03-13,H005,Essential Oil Diffuser,Home & Living,GlowHaus,9,34.99,32.15,57,1832.55,1319.55,72.01,36.33,99,0,4,3,Valentines Day,0.0,-2.4
2026-03-14,H005,Essential Oil Diffuser,Home & Living,GlowHaus,9,34.99,30.28,77,2331.56,1638.56,70.28,38.84,53,1,5,3,Valentines Day,0.0,-2.4
2026-03-15,H005,Essential Oil Diffuser,Home & Living,GlowHaus,9,34.99,30.38,61,1853.18,1304.18,70.38,31.89,83,1,6,3,Valentines Day,0.0,-2.4
2026-03-16,H005,Essential Oil Diffuser,Home & Living,GlowHaus,9,34.99,28.33,63,1784.79,1217.79,68.23,35.68,91,0,0,3,Valentines Day,0.0,-2.4
2026-03-17,H005,Essential Oil Diffuser,Home & Living,GlowHaus,9,34.99,29.76,81,2410.56,1681.56,69.76,37.29,41,0,1,3,Easter,0.0,-2.4
2026-03-18,H005,Essential Oil Diffuser,Home & Living,GlowHaus,9,34.99,28.31,82,2321.42,1583.42,68.21,34.61,26,0,2,3,Easter,0.0,-2.4
2026-03-19,H005,Essential Oil Diffuser,Home & Living,GlowHaus,9,34.99,29.51,78,2301.78,1599.78,69.5,39.74,45,0,3,3,Easter,0.0,-2.4
2026-03-20,H005,Essential Oil Diffuser,Home & Living,GlowHaus,9,34.99,30.74,79,2428.46,1717.46,70.72,31.1,37,0,4,3,Easter,0.0,-2.4
2026-03-21,H005,Essential Oil Diffuser,Home & Living,GlowHaus,9,34.99,30.7,72,2210.4,1562.4,70.68,34.43,67,1,5,3,Easter,0.0,-2.4
2026-03-22,H005,Essential Oil Diffuser,Home & Living,GlowHaus,9,34.99,30.5,76,2318.0,1634.0,70.49,34.01,65,1,6,3,Easter,0.0,-2.4
2026-03-23,H005,Essential Oil Diffuser,Home & Living,GlowHaus,9,34.99,31.23,73,2279.79,1622.79,71.18,35.17,37,0,0,3,Easter,0.0,-2.4
2026-03-24,H005,Essential Oil Diffuser,Home & Living,GlowHaus,9,34.99,33.54,47,1576.38,1153.38,73.17,30.89,125,0,1,3,Easter,0.0,-2.4
2026-03-25,H005,Essential Oil Diffuser,Home & Living,GlowHaus,9,34.99,34.4,47,1616.8,1193.8,73.84,32.32,115,0,2,3,Easter,0.0,-2.4
2026-03-26,H005,Essential Oil Diffuser,Home & Living,GlowHaus,9,34.99,35.72,51,1821.72,1362.72,74.8,36.19,114,0,3,3,Easter,0.0,-2.4
2026-03-27,H005,Essential Oil Diffuser,Home & Living,GlowHaus,9,34.99,35.84,44,1576.96,1180.96,74.89,32.35,132,0,4,3,Easter,0.0,-2.4
2026-03-28,H005,Essential Oil Diffuser,Home & Living,GlowHaus,9,34.99,38.67,42,1624.14,1246.14,76.73,36.93,104,1,5,3,Easter,0.0,-2.4
2026-03-29,H005,Essential Oil Diffuser,Home & Living,GlowHaus,9,34.99,37.24,45,1675.8,1270.8,75.83,34.06,99,1,6,3,Easter,0.0,-2.4
2026-03-30,H005,Essential Oil Diffuser,Home & Living,GlowHaus,9,34.99,38.8,39,1513.2,1162.2,76.8,33.29,102,0,0,3,Easter,0.0,-2.4
2026-03-31,H005,Essential Oil Diffuser,Home & Living,GlowHaus,9,34.99,40.53,36,1459.08,1135.08,77.79,31.28,114,0,1,3,Easter,0.0,-2.4
2026-04-01,H005,Essential Oil Diffuser,Home & Living,GlowHaus,9,34.99,40.52,38,1539.76,1197.76,77.79,30.21,129,0,2,4,Easter,0.0,-2.4
2026-04-02,H005,Essential Oil Diffuser,Home & Living,GlowHaus,9,34.99,39.17,33,1292.61,995.61,77.02,37.82,146,0,3,4,Easter,0.0071,-2.4
2026-04-03,H005,Essential Oil Diffuser,Home & Living,GlowHaus,9,34.99,40.82,34,1387.88,1081.88,77.95,34.01,143,0,4,4,Easter,0.0143,-2.4
2026-04-04,H005,Essential Oil Diffuser,Home & Living,GlowHaus,9,34.99,40.98,39,1598.22,1247.22,78.04,39.27,105,1,5,4,Easter,0.0214,-2.4
2026-04-05,H005,Essential Oil Diffuser,Home & Living,GlowHaus,9,34.99,38.9,47,1828.3,1405.3,76.86,38.19,120,1,6,4,Easter,0.0286,-2.4
2026-04-06,H005,Essential Oil Diffuser,Home & Living,GlowHaus,9,34.99,38.98,39,1520.22,1169.22,76.91,30.26,108,0,0,4,Easter,0.0357,-2.4
2026-04-07,H005,Essential Oil Diffuser,Home & Living,GlowHaus,9,34.99,40.58,39,1582.62,1231.62,77.82,36.51,103,0,1,4,Easter,0.0429,-2.4
2026-04-08,H005,Essential Oil Diffuser,Home & Living,GlowHaus,9,34.99,37.88,43,1628.84,1241.84,76.24,36.73,127,0,2,4,Easter,0.05,-2.4
2026-04-09,H005,Essential Oil Diffuser,Home & Living,GlowHaus,9,34.99,36.11,47,1697.17,1274.17,75.08,34.57,106,0,3,4,Easter,0.0571,-2.4
2026-04-10,H005,Essential Oil Diffuser,Home & Living,GlowHaus,9,34.99,35.21,50,1760.5,1310.5,74.44,35.02,111,0,4,4,Easter,0.0643,-2.4
2026-04-11,H005,Essential Oil Diffuser,Home & Living,GlowHaus,9,34.99,32.65,71,2318.15,1679.15,72.43,36.55,45,1,5,4,Easter,0.0714,-2.4
2026-04-12,H005,Essential Oil Diffuser,Home & Living,GlowHaus,9,34.99,33.16,76,2520.16,1836.16,72.86,31.39,66,1,6,4,Easter,0.1,-2.4
2026-04-13,H005,Essential Oil Diffuser,Home & Living,GlowHaus,9,34.99,31.07,72,2237.04,1589.04,71.03,36.32,46,0,0,4,Easter,0.1,-2.4
2026-04-14,H005,Essential Oil Diffuser,Home & Living,GlowHaus,9,34.99,31.63,72,2277.36,1629.36,71.55,40.02,56,0,1,4,Easter,0.1,-2.4
2026-04-15,H005,Essential Oil Diffuser,Home & Living,GlowHaus,9,34.99,32.13,65,2088.45,1503.45,71.99,31.13,72,0,2,4,Easter,0.1,-2.4
2026-04-16,H005,Essential Oil Diffuser,Home & Living,GlowHaus,9,34.99,29.09,85,2472.65,1707.65,69.06,34.13,44,0,3,4,Easter,0.1,-2.4
2026-04-17,H005,Essential Oil Diffuser,Home & Living,GlowHaus,9,34.99,29.52,79,2332.08,1621.08,69.51,38.92,27,0,4,4,Easter,0.1,-2.4
2026-04-18,H005,Essential Oil Diffuser,Home & Living,GlowHaus,9,34.99,29.21,98,2862.58,1980.58,69.19,36.28,5,1,5,4,Easter,0.1,-2.4
2026-04-19,H005,Essential Oil Diffuser,Home & Living,GlowHaus,9,34.99,29.3,98,2871.4,1989.4,69.28,36.45,5,1,6,4,Easter,0.0714,-2.4
2026-04-20,H005,Essential Oil Diffuser,Home & Living,GlowHaus,9,34.99,31.15,71,2211.65,1572.65,71.11,31.07,73,0,0,4,Easter,0.0643,-2.4
2026-04-21,H005,Essential Oil Diffuser,Home & Living,GlowHaus,9,34.99,30.05,76,2283.8,1599.8,70.05,34.23,34,0,1,4,Easter,0.0571,-2.4
2026-04-22,H005,Essential Oil Diffuser,Home & Living,GlowHaus,9,34.99,32.99,63,2078.37,1511.37,72.72,30.85,74,0,2,4,Easter,0.05,-2.4
2026-04-23,H005,Essential Oil Diffuser,Home & Living,GlowHaus,9,34.99,33.53,57,1911.21,1398.21,73.16,35.36,82,0,3,4,Easter,0.0429,-2.4
2026-04-24,H005,Essential Oil Diffuser,Home & Living,GlowHaus,9,34.99,33.87,60,2032.2,1492.2,73.43,34.7,80,0,4,4,Easter,0.0357,-2.4
2026-04-25,H005,Essential Oil Diffuser,Home & Living,GlowHaus,9,34.99,35.28,58,2046.24,1524.24,74.49,33.98,77,1,5,4,Easter,0.0286,-2.4
2026-04-26,H005,Essential Oil Diffuser,Home & Living,GlowHaus,9,34.99,38.97,44,1714.68,1318.68,76.91,32.24,124,1,6,4,Easter,0.0214,-2.4
2026-04-27,H005,Essential Oil Diffuser,Home & Living,GlowHaus,9,34.99,34.93,49,1711.57,1270.57,74.23,30.86,92,0,0,4,Easter,0.0143,-2.4
2026-04-28,H005,Essential Oil Diffuser,Home & Living,GlowHaus,9,34.99,37.95,42,1593.9,1215.9,76.28,31.51,114,0,1,4,Easter,0.0071,-2.4
2026-04-29,H005,Essential Oil Diffuser,Home & Living,GlowHaus,9,34.99,39.4,32,1260.8,972.8,77.16,35.53,130,0,2,4,Mothers Day,0.0129,-2.4
2026-04-30,H005,Essential Oil Diffuser,Home & Living,GlowHaus,9,34.99,40.07,36,1442.52,1118.52,77.54,33.7,118,0,3,4,Mothers Day,0.0257,-2.4
2026-05-01,H005,Essential Oil Diffuser,Home & Living,GlowHaus,9,34.99,39.71,33,1310.43,1013.43,77.34,37.71,122,0,4,5,Mothers Day,0.0386,-2.4
2026-05-02,H005,Essential Oil Diffuser,Home & Living,GlowHaus,9,34.99,41.71,38,1584.98,1242.98,78.42,33.3,127,1,5,5,Mothers Day,0.0514,-2.4
2026-05-03,H005,Essential Oil Diffuser,Home & Living,GlowHaus,9,34.99,40.9,39,1595.1,1244.1,78.0,30.29,136,1,6,5,Mothers Day,0.0643,-2.4
2026-05-04,H005,Essential Oil Diffuser,Home & Living,GlowHaus,9,34.99,40.3,37,1491.1,1158.1,77.67,33.44,135,0,0,5,Mothers Day,0.0771,-2.4
2026-05-05,H005,Essential Oil Diffuser,Home & Living,GlowHaus,9,34.99,40.19,38,1527.22,1185.22,77.61,31.07,111,0,1,5,Mothers Day,0.09,-2.4
2026-05-06,H005,Essential Oil Diffuser,Home & Living,GlowHaus,9,34.99,38.0,44,1672.0,1276.0,76.32,31.8,130,0,2,5,Mothers Day,0.1029,-2.4
2026-05-07,H005,Essential Oil Diffuser,Home & Living,GlowHaus,9,34.99,38.01,46,1748.46,1334.46,76.32,39.43,110,0,3,5,Mothers Day,0.1157,-2.4
2026-05-08,H005,Essential Oil Diffuser,Home & Living,GlowHaus,9,34.99,38.09,41,1561.69,1192.69,76.37,36.66,138,0,4,5,Mothers Day,0.1286,-2.4
2026-05-09,H005,Essential Oil Diffuser,Home & Living,GlowHaus,9,34.99,36.99,53,1960.47,1483.47,75.67,30.29,79,1,5,5,Mothers Day,0.18,-2.4
2026-05-10,H005,Essential Oil Diffuser,Home & Living,GlowHaus,9,34.99,35.61,67,2385.87,1782.87,74.73,35.09,58,1,6,5,Mothers Day,0.18,-2.4
