backend/data/transactions.csv
date,product_id,product_name,category,brand,cost,base_price,price,demand,revenue,profit,margin,competitor_price,stock,is_weekend,day_of_week,month,holiday_name,holiday_boost,elasticity
2026-02-09,D001,Artisan Coffee Beans 1kg,Food & Beverage,BeanCraft,8,22.99,22.67,51,1156.17,748.17,64.71,22.13,108,0,0,2,Valentines Day,0.1286,-1.3
2026-02-10,D001,Artisan Coffee Beans 1kg,Food & Beverage,BeanCraft,8,22.99,21.72,59,1281.48,809.48,63.17,19.67,66,0,1,2,Valentines Day,0.1429,-1.3
2026-02-11,D001,Artisan Coffee Beans 1kg,Food & Beverage,BeanCraft,8,22.99,22.06,60,1323.6,843.6,63.74,23.94,92,0,2,2,Valentines Day,0.2,-1.3
2026-02-12,D001,Artisan Coffee Beans 1kg,Food & Beverage,BeanCraft,8,22.99,19.46,68,1323.28,779.28,58.89,20.29,79,0,3,2,Valentines Day,0.2,-1.3
2026-02-13,D001,Artisan Coffee Beans 1kg,Food & Beverage,BeanCraft,8,22.99,20.04,71,1422.84,854.84,60.08,23.07,57,0,4,2,Valentines Day,0.2,-1.3
2026-02-14,D001,Artisan Coffee Beans 1kg,Food & Beverage,BeanCraft,8,22.99,20.37,78,1588.86,964.86,60.73,23.54,46,1,5,2,Valentines Day,0.2,-1.3
2026-02-15,D001,Artisan Coffee Beans 1kg,Food & Beverage,BeanCraft,8,22.99,20.31,83,1685.73,1021.73,60.61,20.48,47,1,6,2,Valentines Day,0.2,-1.3
2026-02-16,D001,Artisan Coffee Beans 1kg,Food & Beverage,BeanCraft,8,22.99,19.23,67,1288.41,752.41,58.4,21.26,61,0,0,2,Valentines Day,0.2,-1.3
2026-02-17,D001,Artisan Coffee Beans 1kg,Food & Beverage,BeanCraft,8,22.99,19.51,61,1190.11,702.11,59.0,22.35,97,0,1,2,Valentines Day,0.2,-1.3
2026-02-18,D001,Artisan Coffee Beans 1kg,Food & Beverage,BeanCraft,8,22.99,19.81,63,1248.03,744.03,59.62,19.92,87,0,2,2,Valentines Day,0.1429,-1.3
2026-02-19,D001,Artisan Coffee Beans 1kg,Food & Beverage,BeanCraft,8,22.99,22.13,63,1394.19,890.19,63.85,23.41,61,0,3,2,Valentines Day,0.1286,-1.3
2026-02-20,D001,Artisan Coffee Beans 1kg,Food & Beverage,BeanCraft,8,22.99,20.01,58,1160.58,696.58,60.02,23.63,72,0,4,2,Valentines Day,0.1143,-1.3
2026-02-21,D001,Artisan Coffee Beans 1kg,Food & Beverage,BeanCraft,8,22.99,20.49,75,1536.75,936.75,60.96,20.48,36,1,5,2,Valentines Day,0.1,-1.3
2026-02-22,D001,Artisan Coffee Beans 1kg,Food & Beverage,BeanCraft,8,22.99,22.27,69,1536.63,984.63,64.08,24.94,79,1,6,2,Valentines Day,0.0857,-1.3
2026-02-23,D001,Artisan Coffee Beans 1kg,Food & Beverage,BeanCraft,8,22.99,21.69,57,1236.33,780.33,63.12,21.22,100,0,0,2,Valentines Day,0.0714,-1.3
2026-02-24,D001,Artisan Coffee Beans 1kg,Food & Beverage,BeanCraft,8,22.99,22.46,59,1325.14,853.14,64.38,25.89,88,0,1,2,Valentines Day,0.0571,-1.3
2026-02-25,D001,Artisan Coffee Beans 1kg,Food & Beverage,BeanCraft,8,22.99,23.14,44,1018.16,666.16,65.43,22.32,94,0,2,2,Valentines Day,0.0429,-1.3
2026-02-26,D001,Artisan Coffee Beans 1kg,Food & Beverage,BeanCraft,8,22.99,23.66,47,1112.02,736.02,66.19,22.31,100,0,3,2,Valentines Day,0.0286,-1.3
2026-02-27,D001,Artisan Coffee Beans 1kg,Food & Beverage,BeanCraft,8,22.99,25.48,44,1121.12,769.12,68.6,20.6,107,0,4,2,Valentines Day,0.0143,-1.3
2026-02-28,D001,Artisan Coffee Beans 1kg,Food & Beverage,BeanCraft,8,22.99,24.84,48,1192.32,808.32,67.79,25.05,112,1,5,2,Valentines Day,0.0,-1.3
2026-03-01,D001,Artisan Coffee Beans 1kg,Food & Beverage,BeanCraft,8,22.99,25.63,37,948.31,652.31,68.79,20.27,131,1,6,3,Valentines Day,0.0,-1.3
2026-03-02,D001,Artisan Coffee Beans 1kg,Food & Beverage,BeanCraft,8,22.99,25.91,38,984.58,680.58,69.12,23.53,140,0,0,3,Valentines Day,0.0,-1.3
2026-03-03,D001,Artisan Coffee Beans 1kg,Food & Beverage,BeanCraft,8,22.99,25.54,36,919.44,631.44,68.68,22.15,142,0,1,3,Valentines Day,0.0,-1.3
2026-03-04,D001,Artisan Coffee Beans 1kg,Food & Beverage,BeanCraft,8,22.99,27.35,36,984.6,696.6,70.75,25.52,144,0,2,3,Valentines Day,0.0,-1.3
2026-03-05,D001,Artisan Coffee Beans 1kg,Food & Beverage,BeanCraft,8,22.99,27.42,33,904.86,640.86,70.82,24.76,138,0,3,3,Valentines Day,0.0,-1.3
2026-03-06,D001,Artisan Coffee Beans 1kg,Food & Beverage,BeanCraft,8,22.99,26.29,33,867.57,603.57,69.57,24.51,117,0,4,3,Valentines Day,0.0,-1.3
2026-03-07,D001,Artisan Coffee Beans 1kg,Food & Beverage,BeanCraft,8,22.99,24.66,42,1035.72,699.72,67.56,21.87,97,1,5,3,Valentines Day,0.0,-1.3
2026-03-08,D001,Artisan Coffee Beans 1kg,Food & Beverage,BeanCraft,8,22.99,25.77,33,850.41,586.41,68.96,23.81,141,1,6,3,Valentines Day,0.0,-1.3
2026-03-09,D001,Artisan Coffee Beans 1kg,Food & Beverage,BeanCraft,8,22.99,24.08,40,963.2,643.2,66.78,20.37,134,0,0,3,Valentines Day,0.0,-1.3
2026-03-10,D001,Artisan Coffee Beans 1kg,Food & Beverage,BeanCraft,8,22.99,23.71,43,1019.53,675.53,66.26,26.31,98,0,1,3,Valentines Day,0.0,-1.3
2026-03-11,D001,Artisan Coffee Beans 1kg,Food & Beverage,BeanCraft,8,22.99,23.67,35,828.45,548.45,66.2,21.96,147,0,2,3,Valentines Day,0.0,-1.3
2026-03-12,D001,Artisan Coffee Beans 1kg,Food & Beverage,BeanCraft,8,22.99,22.33,40,893.2,573.2,64.17,23.62,126,0,3,3,Valentines Day,0.0,-1.3
2026-03-13,D001,Artisan Coffee Beans 1kg,Food & Beverage,BeanCraft,8,22.99,21.08,40,843.2,523.2,62.05,25.36,108,0,4,3,Valentines Day,0.0,-1.3
2026-03-14,D001,Artisan Coffee Beans 1kg,Food & Beverage,BeanCraft,8,22.99,21.13,57,1204.41,748.41,62.14,24.8,95,1,5,3,Valentines Day,0.0,-1.3
2026-03-15,D001,Artisan Coffee Beans 1kg,Food & Beverage,BeanCraft,8,22.99,20.65,47,970.55,594.55,61.26,25.53,103,1,6,3,Valentines Day,0.0,-1.3
2026-03-16,D001,Artisan Coffee Beans 1kg,Food & Beverage,BeanCraft,8,22.99,19.97,50,998.5,598.5,59.94,20.53,96,0,0,3,Valentines Day,0.0,-1.3
2026-03-17,D001,Artisan Coffee Beans 1kg,Food & Beverage,BeanCraft,8,22.99,19.63,51,1001.13,593.13,59.25,25.53,113,0,1,3,Easter,0.0,-1.3
2026-03-18,D001,Artisan Coffee Beans 1kg,Food & Beverage,BeanCraft,8,22.99,19.11,50,955.5,555.5,58.14,24.54,92,0,2,3,Easter,0.0,-1.3
2026-03-19,D001,Artisan Coffee Beans 1kg,Food & Beverage,BeanCraft,8,22.99,19.36,56,1084.16,636.16,58.68,22.89,99,0,3,3,Easter,0.0,-1.3
2026-03-20,D001,Artisan Coffee Beans 1kg,Food & Beverage,BeanCraft,8,22.99,19.01,43,817.43,473.43,57.92,22.14,109,0,4,3,Easter,0.0,-1.3
2026-03-21,D001,Artisan Coffee Beans 1kg,Food & Beverage,BeanCraft,8,22.99,20.95,53,1110.35,686.35,61.81,22.04,95,1,5,3,Easter,0.0,-1.3
2026-03-22,D001,Artisan Coffee Beans 1kg,Food & Beverage,BeanCraft,8,22.99,19.6,61,1195.6,707.6,59.18,21.46,95,1,6,3,Easter,0.0,-1.3
2026-03-23,D001,Artisan Coffee Beans 1kg,Food & Beverage,BeanCraft,8,22.99,21.35,50,1067.5,667.5,62.53,24.01,81,0,0,3,Easter,0.0,-1.3
2026-03-24,D001,Artisan Coffee Beans 1kg,Food & Beverage,BeanCraft,8,22.99,21.72,52,1129.44,713.44,63.17,23.31,90,0,1,3,Easter,0.0,-1.3
2026-03-25,D001,Artisan Coffee Beans 1kg,Food & Beverage,BeanCraft,8,22.99,22.19,44,976.36,624.36,63.95,22.76,94,0,2,3,Easter,0.0,-1.3
2026-03-26,D001,Artisan Coffee Beans 1kg,Food & Beverage,BeanCraft,8,22.99,23.48,49,1150.52,758.52,65.93,21.22,112,0,3,3,Easter,0.0,-1.3
2026-03-27,D001,Artisan Coffee Beans 1kg,Food & Beverage,BeanCraft,8,22.99,23.41,38,889.58,585.58,65.83,22.72,115,0,4,3,Easter,0.0,-1.3
2026-03-28,D001,Artisan Coffee Beans 1kg,Food & Beverage,BeanCraft,8,22.99,24.9,38,946.2,642.2,67.87,24.03,137,1,5,3,Easter,0.0,-1.3
2026-03-29,D001,Artisan Coffee Beans 1kg,Food & Beverage,BeanCraft,8,22.99,24.51,42,1029.42,693.42,67.36,21.43,135,1,6,3,Easter,0.0,-1.3
2026-03-30,D001,Artisan Coffee Beans 1kg,Food & Beverage,BeanCraft,8,22.99,26.66,35,933.1,653.1,69.99,19.59,131,0,0,3,Easter,0.0,-1.3
2026-03-31,D001,Artisan Coffee Beans 1kg,Food & Beverage,BeanCraft,8,22.99,26.03,33,858.99,594.99,69.27,25.89,153,0,1,3,Easter,0.0,-1.3
2026-04-01,D001,Artisan Coffee Beans 1kg,Food & Beverage,BeanCraft,8,22.99,24.82,43,1067.26,723.26,67.77,26.06,121,0,2,4,Easter,0.0,-1.3
2026-04-02,D001,Artisan Coffee Beans 1kg,Food & Beverage,BeanCraft,8,22.99,26.38,32,844.16,588.16,69.67,21.2,135,0,3,4,Easter,0.0071,-1.3
2026-04-03,D001,Artisan Coffee Beans 1kg,Food & Beverage,BeanCraft,8,22.99,27.99,29,811.71,579.71,71.42,22.0,129,0,4,4,Easter,0.0143,-1.3
2026-04-04,D001,Artisan Coffee Beans 1kg,Food & Beverage,BeanCraft,8,22.99,27.16,38,1032.08,728.08,70.54,24.12,118,1,5,4,Easter,0.0214,-1.3
2026-04-05,D001,Artisan Coffee Beans 1kg,Food & Beverage,BeanCraft,8,22.99,26.48,41,1085.68,757.68,69.79,26.22,134,1,6,4,Easter,0.0286,-1.3
2026-04-06,D001,Artisan Coffee Beans 1kg,Food & Beverage,BeanCraft,8,22.99,26.05,42,1094.1,758.1,69.29,19.73,106,0,0,4,Easter,0.0357,-1.3
2026-04-07,D001,Artisan Coffee Beans 1kg,Food & Beverage,BeanCraft,8,22.99,26.52,33,875.16,611.16,69.83,23.38,144,0,1,4,Easter,0.0429,-1.3
2026-04-08,D001,Artisan Coffee Beans 1kg,Food & Beverage,BeanCraft,8,22.99,24.74,33,816.42,552.42,67.66,20.15,131,0,2,4,Easter,0.05,-1.3
2026-04-09,D001,Artisan Coffee Beans 1kg,Food & Beverage,BeanCraft,8,22.99,24.28,43,1044.04,700.04,67.05,26.37,105,0,3,4,Easter,0.0571,-1.3
2026-04-10,D001,Artisan Coffee Beans 1kg,Food & Beverage,BeanCraft,8,22.99,21.56,47,1013.32,637.32,62.89,22.58,120,0,4,4,Easter,0.0643,-1.3
2026-04-11,D001,Artisan Coffee Beans 1kg,Food & Beverage,BeanCraft,8,22.99,22.78,52,1184.56,768.56,64.88,20.95,111,1,5,4,Easter,0.0714,-1.3
2026-04-12,D001,Artisan Coffee Beans 1kg,Food & Beverage,BeanCraft,8,22.99,20.75,53,1099.75,675.75,61.45,23.07,112,1,6,4,Easter,0.1,-1.3
2026-04-13,D001,Artisan Coffee Beans 1kg,Food & Beverage,BeanCraft,8,22.99,20.87,49,1022.63,630.63,61.67,25.45,98,0,0,4,Easter,0.1,-1.3
2026-04-14,D001,Artisan Coffee Beans 1kg,Food & Beverage,BeanCraft,8,22.99,20.2,47,949.4,573.4,60.4,22.2,123,0,1,4,Easter,0.1,-1.3
2026-04-15,D001,Artisan Coffee Beans 1kg,Food & Beverage,BeanCraft,8,22.99,20.03,60,1201.8,721.8,60.06,26.36,79,0,2,4,Easter,0.1,-1.3
2026-04-16,D001,Artisan Coffee Beans 1kg,Food & Beverage,BeanCraft,8,22.99,18.9,56,1058.4,610.4,57.67,26.08,99,0,3,4,Easter,0.1,-1.3
2026-04-17,D001,Artisan Coffee Beans 1kg,Food & Beverage,BeanCraft,8,22.99,19.98,47,939.06,563.06,59.96,24.52,124,0,4,4,Easter,0.1,-1.3
2026-04-18,D001,Artisan Coffee Beans 1kg,Food & Beverage,BeanCraft,8,22.99,19.59,68,1332.12,788.12,59.16,24.88,66,1,5,4,Easter,0.1,-1.3
2026-04-19,D001,Artisan Coffee Beans 1kg,Food & Beverage,BeanCraft,8,22.99,19.03,64,1217.92,705.92,57.96,20.41,73,1,6,4,Easter,0.0714,-1.3
2026-04-20,D001,Artisan Coffee Beans 1kg,Food & Beverage,BeanCraft,8,22.99,20.66,59,1218.94,746.94,61.28,26.22,81,0,0,4,Easter,0.0643,-1.3
2026-04-21,D001,Artisan Coffee Beans 1kg,Food & Beverage,BeanCraft,8,22.99,20.49,47,963.03,587.03,60.96,25.34,126,0,1,4,Easter,0.0571,-1.3
2026-04-22,D001,Artisan Coffee Beans 1kg,Food & Beverage,BeanCraft,8,22.99,19.71,49,965.79,573.79,59.41,25.79,90,0,2,4,Easter,0.05,-1.3
2026-04-23,D001,Artisan Coffee Beans 1kg,Food & Beverage,BeanCraft,8,22.99,20.63,55,1134.65,694.65,61.22,19.82,84,0,3,4,Easter,0.0429,-1.3
2026-04-24,D001,Artisan Coffee Beans 1kg,Food & Beverage,BeanCraft,8,22.99,22.89,38,869.82,565.82,65.05,26.09,115,0,4,4,Easter,0.0357,-1.3
2026-04-25,D001,Artisan Coffee Beans 1kg,Food & Beverage,BeanCraft,8,22.99,22.46,50,1123.0,723.0,64.38,25.98,111,1,5,4,Easter,0.0286,-1.3
2026-04-26,D001,Artisan Coffee Beans 1kg,Food & Beverage,BeanCraft,8,22.99,24.42,46,1123.32,755.32,67.24,24.01,127,1,6,4,Easter,0.0214,-1.3
2026-04-27,D001,Artisan Coffee Beans 1kg,Food & Beverage,BeanCraft,8,22.99,24.67,38,937.46,633.46,67.57,23.11,109,0,0,4,Easter,0.0143,-1.3
2026-04-28,D001,Artisan Coffee Beans 1kg,Food & Beverage,BeanCraft,8,22.99,24.28,38,922.64,618.64,67.05,23.63,123,0,1,4,Easter,0.0071,-1.3
2026-04-29,D001,Artisan Coffee Beans 1kg,Food & Beverage,BeanCraft,8,22.99,25.53,32,816.96,560.96,68.66,26.1,131,0,2,4,Mothers Day,0.0129,-1.3
2026-04-30,D001,Artisan Coffee Beans 1kg,Food & Beverage,BeanCraft,8,22.99,27.13,32,868.16,612.16,70.51,23.71,128,0,3,4,Mothers Day,0.0257,-1.3
2026-05-01,D001,Artisan Coffee Beans 1kg,Food & Beverage,BeanCraft,8,22.99,25.32,36,911.52,623.52,68.4,26.2,113,0,4,5,Mothers Day,0.0386,-1.3
2026-05-02,D001,Artisan Coffee Beans 1kg,Food & Beverage,BeanCraft,8,22.99,26.24,41,1075.84,747.84,69.51,21.07,129,1,5,5,Mothers Day,0.0514,-1.3
2026-05-03,D001,Artisan Coffee Beans 1kg,Food & Beverage,BeanCraft,8,22.99,26.23,42,1101.66,765.66,69.5,20.13,128,1,6,5,Mothers Day,0.0643,-1.3
2026-05-04,D001,Artisan Coffee Beans 1kg,Food & Beverage,BeanCraft,8,22.99,26.37,37,975.69,679.69,69.66,25.44,133,0,0,5,Mothers Day,0.0771,-1.3
2026-05-05,D001,Artisan Coffee Beans 1kg,Food & Beverage,BeanCraft,8,22.99,26.25,38,997.5,693.5,69.52,23.05,113,0,1,5,Mothers Day,0.09,-1.3
2026-05-06,D001,Artisan Coffee Beans 1kg,Food & Beverage,BeanCraft,8,22.99,25.88,40,1035.2,715.2,69.09,26.31,106,0,2,5,Mothers Day,0.1029,-1.3
2026-05-07,D001,Artisan Coffee Beans 1kg,Food & Beverage,BeanCraft,8,22.99,24.54,39,957.06,645.06,67.4,25.01,109,0,3,5,Mothers Day,0.1157,-1.3
2026-05-08,D001,Artisan Coffee Beans 1kg,Food & Beverage,BeanCraft,8,22.99,25.11,39,979.29,667.29,68.14,23.37,138,0,4,5,Mothers Day,0.1286,-1.3
2026-05-09,D001,Artisan Coffee Beans 1kg,Food & Beverage,BeanCraft,8,22.99,23.62,52,1228.24,812.24,66.13,24.16,112,1,5,5,Mothers Day,0.18,-1.3
2026-05-10,D001,Artisan Coffee Beans 1kg,Food & Beverage,BeanCraft,8,22.99,24.56,47,1154.32,778.32,67.43,20.84,118,1,6,5,Mothers Day,0.18,-1.3
