backend/data/transactions.csv
date,product_id,product_name,category,brand,cost,base_price,price,demand,revenue,profit,margin,competitor_price,stock,is_weekend,day_of_week,month,holiday_name,holiday_boost,elasticity
2026-02-09,D002,Organic Matcha Powder,Food & Beverage,ZenLeaf,10,29.99,29.21,59,1723.39,1133.39,65.77,30.52,82,0,0,2,Valentines Day,0.1286,-1.6
2026-02-10,D002,Organic Matcha Powder,Food & Beverage,ZenLeaf,10,29.99,28.89,56,1617.84,1057.84,65.39,28.5,89,0,1,2,Valentines Day,0.1429,-1.6
2026-02-11,D002,Organic Matcha Powder,Food & Beverage,ZenLeaf,10,29.99,28.08,67,1881.36,1211.36,64.39,32.34,75,0,2,2,Valentines Day,0.2,-1.6
2026-02-12,D002,Organic Matcha Powder,Food & Beverage,ZenLeaf,10,29.99,26.89,71,1909.19,1199.19,62.81,32.28,76,0,3,2,Valentines Day,0.2,-1.6
2026-02-13,D002,Organic Matcha Powder,Food & Beverage,ZenLeaf,10,29.99,25.96,69,1791.24,1101.24,61.48,27.15,65,0,4,2,Valentines Day,0.2,-1.6
2026-02-14,D002,Organic Matcha Powder,Food & Beverage,ZenLeaf,10,29.99,25.72,82,2109.04,1289.04,61.12,31.76,38,1,5,2,Valentines Day,0.2,-1.6
2026-02-15,D002,Organic Matcha Powder,Food & Beverage,ZenLeaf,10,29.99,24.54,82,2012.28,1192.28,59.25,30.55,16,1,6,2,Valentines Day,0.2,-1.6
2026-02-16,D002,Organic Matcha Powder,Food & Beverage,ZenLeaf,10,29.99,25.71,75,1928.25,1178.25,61.1,33.77,41,0,0,2,Valentines Day,0.2,-1.6
2026-02-17,D002,Organic Matcha Powder,Food & Beverage,ZenLeaf,10,29.99,26.45,63,1666.35,1036.35,62.19,33.42,92,0,1,2,Valentines Day,0.2,-1.6
2026-02-18,D002,Organic Matcha Powder,Food & Beverage,ZenLeaf,10,29.99,25.38,77,1954.26,1184.26,60.6,31.51,42,0,2,2,Valentines Day,0.1429,-1.6
2026-02-19,D002,Organic Matcha Powder,Food & Beverage,ZenLeaf,10,29.99,25.52,74,1888.48,1148.48,60.82,27.21,64,0,3,2,Valentines Day,0.1286,-1.6
2026-02-20,D002,Organic Matcha Powder,Food & Beverage,ZenLeaf,10,29.99,24.99,73,1824.27,1094.27,59.98,28.95,68,0,4,2,Valentines Day,0.1143,-1.6
2026-02-21,D002,Organic Matcha Powder,Food & Beverage,ZenLeaf,10,29.99,26.58,83,2206.14,1376.14,62.38,26.55,24,1,5,2,Valentines Day,0.1,-1.6
2026-02-22,D002,Organic Matcha Powder,Food & Beverage,ZenLeaf,10,29.99,28.29,73,2065.17,1335.17,64.65,30.29,58,1,6,2,Valentines Day,0.0857,-1.6
2026-02-23,D002,Organic Matcha Powder,Food & Beverage,ZenLeaf,10,29.99,30.1,52,1565.2,1045.2,66.78,30.2,81,0,0,2,Valentines Day,0.0714,-1.6
2026-02-24,D002,Organic Matcha Powder,Food & Beverage,ZenLeaf,10,29.99,30.09,49,1474.41,984.41,66.77,33.92,94,0,1,2,Valentines Day,0.0571,-1.6
2026-02-25,D002,Organic Matcha Powder,Food & Beverage,ZenLeaf,10,29.99,31.25,51,1593.75,1083.75,68.0,27.72,79,0,2,2,Valentines Day,0.0429,-1.6
2026-02-26,D002,Organic Matcha Powder,Food & Beverage,ZenLeaf,10,29.99,32.08,45,1443.6,993.6,68.83,27.29,105,0,3,2,Valentines Day,0.0286,-1.6
2026-02-27,D002,Organic Matcha Powder,Food & Beverage,ZenLeaf,10,29.99,34.24,41,1403.84,993.84,70.79,26.51,114,0,4,2,Valentines Day,0.0143,-1.6
2026-02-28,D002,Organic Matcha Powder,Food & Beverage,ZenLeaf,10,29.99,35.97,40,1438.8,1038.8,72.2,32.85,107,1,5,2,Valentines Day,0.0,-1.6
2026-03-01,D002,Organic Matcha Powder,Food & Beverage,ZenLeaf,10,29.99,34.43,42,1446.06,1026.06,70.96,30.49,124,1,6,3,Valentines Day,0.0,-1.6
2026-03-02,D002,Organic Matcha Powder,Food & Beverage,ZenLeaf,10,29.99,33.32,35,1166.2,816.2,69.99,31.48,131,0,0,3,Valentines Day,0.0,-1.6
2026-03-03,D002,Organic Matcha Powder,Food & Beverage,ZenLeaf,10,29.99,33.21,40,1328.4,928.4,69.89,33.65,123,0,1,3,Valentines Day,0.0,-1.6
2026-03-04,D002,Organic Matcha Powder,Food & Beverage,ZenLeaf,10,29.99,34.37,32,1099.84,779.84,70.9,32.3,148,0,2,3,Valentines Day,0.0,-1.6
2026-03-05,D002,Organic Matcha Powder,Food & Beverage,ZenLeaf,10,29.99,35.14,33,1159.62,829.62,71.54,27.9,130,0,3,3,Valentines Day,0.0,-1.6
2026-03-06,D002,Organic Matcha Powder,Food & Beverage,ZenLeaf,10,29.99,34.62,35,1211.7,861.7,71.11,26.29,145,0,4,3,Valentines Day,0.0,-1.6
2026-03-07,D002,Organic Matcha Powder,Food & Beverage,ZenLeaf,10,29.99,32.46,41,1330.86,920.86,69.19,27.65,115,1,5,3,Valentines Day,0.0,-1.6
2026-03-08,D002,Organic Matcha Powder,Food & Beverage,ZenLeaf,10,29.99,31.9,41,1307.9,897.9,68.65,26.71,110,1,6,3,Valentines Day,0.0,-1.6
2026-03-09,D002,Organic Matcha Powder,Food & Beverage,ZenLeaf,10,29.99,30.36,49,1487.64,997.64,67.06,28.61,112,0,0,3,Valentines Day,0.0,-1.6
2026-03-10,D002,Organic Matcha Powder,Food & Beverage,ZenLeaf,10,29.99,31.17,42,1309.14,889.14,67.92,28.48,126,0,1,3,Valentines Day,0.0,-1.6
2026-03-11,D002,Organic Matcha Powder,Food & Beverage,ZenLeaf,10,29.99,30.97,39,1207.83,817.83,67.71,27.71,105,0,2,3,Valentines Day,0.0,-1.6
2026-03-12,D002,Organic Matcha Powder,Food & Beverage,ZenLeaf,10,29.99,27.85,51,1420.35,910.35,64.09,30.49,99,0,3,3,Valentines Day,0.0,-1.6
2026-03-13,D002,Organic Matcha Powder,Food & Beverage,ZenLeaf,10,29.99,27.08,53,1435.24,905.24,63.07,33.27,86,0,4,3,Valentines Day,0.0,-1.6
2026-03-14,D002,Organic Matcha Powder,Food & Beverage,ZenLeaf,10,29.99,26.02,56,1457.12,897.12,61.57,30.38,71,1,5,3,Valentines Day,0.0,-1.6
2026-03-15,D002,Organic Matcha Powder,Food & Beverage,ZenLeaf,10,29.99,26.07,65,1694.55,1044.55,61.64,31.58,82,1,6,3,Valentines Day,0.0,-1.6
2026-03-16,D002,Organic Matcha Powder,Food & Beverage,ZenLeaf,10,29.99,27.55,51,1405.05,895.05,63.7,31.45,92,0,0,3,Valentines Day,0.0,-1.6
2026-03-17,D002,Organic Matcha Powder,Food & Beverage,ZenLeaf,10,29.99,25.17,61,1535.37,925.37,60.27,30.63,88,0,1,3,Easter,0.0,-1.6
2026-03-18,D002,Organic Matcha Powder,Food & Beverage,ZenLeaf,10,29.99,24.17,56,1353.52,793.52,58.63,29.62,101,0,2,3,Easter,0.0,-1.6
2026-03-19,D002,Organic Matcha Powder,Food & Beverage,ZenLeaf,10,29.99,25.59,59,1509.81,919.81,60.92,31.44,98,0,3,3,Easter,0.0,-1.6
2026-03-20,D002,Organic Matcha Powder,Food & Beverage,ZenLeaf,10,29.99,25.52,54,1378.08,838.08,60.82,31.87,105,0,4,3,Easter,0.0,-1.6
2026-03-21,D002,Organic Matcha Powder,Food & Beverage,ZenLeaf,10,29.99,25.86,68,1758.48,1078.48,61.33,26.3,62,1,5,3,Easter,0.0,-1.6
2026-03-22,D002,Organic Matcha Powder,Food & Beverage,ZenLeaf,10,29.99,25.96,57,1479.72,909.72,61.48,32.44,69,1,6,3,Easter,0.0,-1.6
2026-03-23,D002,Organic Matcha Powder,Food & Beverage,ZenLeaf,10,29.99,27.1,55,1490.5,940.5,63.1,30.85,74,0,0,3,Easter,0.0,-1.6
2026-03-24,D002,Organic Matcha Powder,Food & Beverage,ZenLeaf,10,29.99,27.57,48,1323.36,843.36,63.73,34.14,116,0,1,3,Easter,0.0,-1.6
2026-03-25,D002,Organic Matcha Powder,Food & Beverage,ZenLeaf,10,29.99,27.7,48,1329.6,849.6,63.9,33.89,98,0,2,3,Easter,0.0,-1.6
2026-03-26,D002,Organic Matcha Powder,Food & Beverage,ZenLeaf,10,29.99,30.19,38,1147.22,767.22,66.88,33.98,104,0,3,3,Easter,0.0,-1.6
2026-03-27,D002,Organic Matcha Powder,Food & Beverage,ZenLeaf,10,29.99,31.9,39,1244.1,854.1,68.65,29.78,142,0,4,3,Easter,0.0,-1.6
2026-03-28,D002,Organic Matcha Powder,Food & Beverage,ZenLeaf,10,29.99,31.35,47,1473.45,1003.45,68.1,34.42,102,1,5,3,Easter,0.0,-1.6
2026-03-29,D002,Organic Matcha Powder,Food & Beverage,ZenLeaf,10,29.99,33.06,36,1190.16,830.16,69.75,28.23,111,1,6,3,Easter,0.0,-1.6
2026-03-30,D002,Organic Matcha Powder,Food & Beverage,ZenLeaf,10,29.99,33.56,39,1308.84,918.84,70.2,34.48,113,0,0,3,Easter,0.0,-1.6
2026-03-31,D002,Organic Matcha Powder,Food & Beverage,ZenLeaf,10,29.99,33.19,35,1161.65,811.65,69.87,26.97,121,0,1,3,Easter,0.0,-1.6
2026-04-01,D002,Organic Matcha Powder,Food & Beverage,ZenLeaf,10,29.99,33.96,37,1256.52,886.52,70.55,26.51,141,0,2,4,Easter,0.0,-1.6
2026-04-02,D002,Organic Matcha Powder,Food & Beverage,ZenLeaf,10,29.99,33.52,37,1240.24,870.24,70.17,29.36,117,0,3,4,Easter,0.0071,-1.6
2026-04-03,D002,Organic Matcha Powder,Food & Beverage,ZenLeaf,10,29.99,34.17,40,1366.8,966.8,70.73,34.39,102,0,4,4,Easter,0.0143,-1.6
2026-04-04,D002,Organic Matcha Powder,Food & Beverage,ZenLeaf,10,29.99,34.02,34,1156.68,816.68,70.61,30.02,125,1,5,4,Easter,0.0214,-1.6
2026-04-05,D002,Organic Matcha Powder,Food & Beverage,ZenLeaf,10,29.99,34.44,42,1446.48,1026.48,70.96,33.94,128,1,6,4,Easter,0.0286,-1.6
2026-04-06,D002,Organic Matcha Powder,Food & Beverage,ZenLeaf,10,29.99,33.48,41,1372.68,962.68,70.13,32.92,110,0,0,4,Easter,0.0357,-1.6
2026-04-07,D002,Organic Matcha Powder,Food & Beverage,ZenLeaf,10,29.99,31.17,39,1215.63,825.63,67.92,29.7,113,0,1,4,Easter,0.0429,-1.6
2026-04-08,D002,Organic Matcha Powder,Food & Beverage,ZenLeaf,10,29.99,31.78,41,1302.98,892.98,68.53,26.37,119,0,2,4,Easter,0.05,-1.6
2026-04-09,D002,Organic Matcha Powder,Food & Beverage,ZenLeaf,10,29.99,30.75,38,1168.5,788.5,67.48,29.39,136,0,3,4,Easter,0.0571,-1.6
2026-04-10,D002,Organic Matcha Powder,Food & Beverage,ZenLeaf,10,29.99,29.55,53,1566.15,1036.15,66.16,28.49,87,0,4,4,Easter,0.0643,-1.6
2026-04-11,D002,Organic Matcha Powder,Food & Beverage,ZenLeaf,10,29.99,28.07,58,1628.06,1048.06,64.37,27.61,101,1,5,4,Easter,0.0714,-1.6
2026-04-12,D002,Organic Matcha Powder,Food & Beverage,ZenLeaf,10,29.99,28.55,62,1770.1,1150.1,64.97,29.83,77,1,6,4,Easter,0.1,-1.6
2026-04-13,D002,Organic Matcha Powder,Food & Beverage,ZenLeaf,10,29.99,27.89,51,1422.39,912.39,64.14,27.27,87,0,0,4,Easter,0.1,-1.6
2026-04-14,D002,Organic Matcha Powder,Food & Beverage,ZenLeaf,10,29.99,25.83,68,1756.44,1076.44,61.29,33.87,48,0,1,4,Easter,0.1,-1.6
2026-04-15,D002,Organic Matcha Powder,Food & Beverage,ZenLeaf,10,29.99,26.85,56,1503.6,943.6,62.76,33.63,74,0,2,4,Easter,0.1,-1.6
2026-04-16,D002,Organic Matcha Powder,Food & Beverage,ZenLeaf,10,29.99,26.93,49,1319.57,829.57,62.87,26.93,121,0,3,4,Easter,0.1,-1.6
2026-04-17,D002,Organic Matcha Powder,Food & Beverage,ZenLeaf,10,29.99,24.32,54,1313.28,773.28,58.88,30.88,75,0,4,4,Easter,0.1,-1.6
2026-04-18,D002,Organic Matcha Powder,Food & Beverage,ZenLeaf,10,29.99,25.61,71,1818.31,1108.31,60.95,25.67,51,1,5,4,Easter,0.1,-1.6
2026-04-19,D002,Organic Matcha Powder,Food & Beverage,ZenLeaf,10,29.99,24.44,78,1906.32,1126.32,59.08,33.68,49,1,6,4,Easter,0.0714,-1.6
2026-04-20,D002,Organic Matcha Powder,Food & Beverage,ZenLeaf,10,29.99,24.39,65,1585.35,935.35,59.0,29.03,57,0,0,4,Easter,0.0643,-1.6
2026-04-21,D002,Organic Matcha Powder,Food & Beverage,ZenLeaf,10,29.99,27.13,54,1465.02,925.02,63.14,30.02,75,0,1,4,Easter,0.0571,-1.6
2026-04-22,D002,Organic Matcha Powder,Food & Beverage,ZenLeaf,10,29.99,25.97,62,1610.14,990.14,61.49,33.19,73,0,2,4,Easter,0.05,-1.6
2026-04-23,D002,Organic Matcha Powder,Food & Beverage,ZenLeaf,10,29.99,27.69,49,1356.81,866.81,63.89,32.41,93,0,3,4,Easter,0.0429,-1.6
2026-04-24,D002,Organic Matcha Powder,Food & Beverage,ZenLeaf,10,29.99,28.42,51,1449.42,939.42,64.81,28.39,97,0,4,4,Easter,0.0357,-1.6
2026-04-25,D002,Organic Matcha Powder,Food & Beverage,ZenLeaf,10,29.99,29.48,47,1385.56,915.56,66.08,26.84,106,1,5,4,Easter,0.0286,-1.6
2026-04-26,D002,Organic Matcha Powder,Food & Beverage,ZenLeaf,10,29.99,31.76,46,1460.96,1000.96,68.51,33.86,103,1,6,4,Easter,0.0214,-1.6
2026-04-27,D002,Organic Matcha Powder,Food & Beverage,ZenLeaf,10,29.99,32.69,38,1242.22,862.22,69.41,32.75,104,0,0,4,Easter,0.0143,-1.6
2026-04-28,D002,Organic Matcha Powder,Food & Beverage,ZenLeaf,10,29.99,31.94,33,1054.02,724.02,68.69,27.56,122,0,1,4,Easter,0.0071,-1.6
2026-04-29,D002,Organic Matcha Powder,Food & Beverage,ZenLeaf,10,29.99,33.43,35,1170.05,820.05,70.09,27.85,112,0,2,4,Mothers Day,0.0129,-1.6
2026-04-30,D002,Organic Matcha Powder,Food & Beverage,ZenLeaf,10,29.99,34.5,33,1138.5,808.5,71.01,33.15,133,0,3,4,Mothers Day,0.0257,-1.6
2026-05-01,D002,Organic Matcha Powder,Food & Beverage,ZenLeaf,10,29.99,34.58,35,1210.3,860.3,71.08,27.3,119,0,4,5,Mothers Day,0.0386,-1.6
2026-05-02,D002,Organic Matcha Powder,Food & Beverage,ZenLeaf,10,29.99,33.7,41,1381.7,971.7,70.33,28.9,134,1,5,5,Mothers Day,0.0514,-1.6
2026-05-03,D002,Organic Matcha Powder,Food & Beverage,ZenLeaf,10,29.99,33.25,51,1695.75,1185.75,69.92,33.9,80,1,6,5,Mothers Day,0.0643,-1.6
2026-05-04,D002,Organic Matcha Powder,Food & Beverage,ZenLeaf,10,29.99,34.56,33,1140.48,810.48,71.06,31.03,116,0,0,5,Mothers Day,0.0771,-1.6
2026-05-05,D002,Organic Matcha Powder,Food & Beverage,ZenLeaf,10,29.99,35.42,33,1168.86,838.86,71.77,31.77,140,0,1,5,Mothers Day,0.09,-1.6
2026-05-06,D002,Organic Matcha Powder,Food & Beverage,ZenLeaf,10,29.99,32.77,40,1310.8,910.8,69.48,29.33,105,0,2,5,Mothers Day,0.1029,-1.6
2026-05-07,D002,Organic Matcha Powder,Food & Beverage,ZenLeaf,10,29.99,32.6,44,1434.4,994.4,69.33,28.35,123,0,3,5,Mothers Day,0.1157,-1.6
2026-05-08,D002,Organic Matcha Powder,Food & Beverage,ZenLeaf,10,29.99,30.05,48,1442.4,962.4,66.72,32.8,119,0,4,5,Mothers Day,0.1286,-1.6
2026-05-09,D002,Organic Matcha Powder,Food & Beverage,ZenLeaf,10,29.99,30.63,57,1745.91,1175.91,67.35,30.59,97,1,5,5,Mothers Day,0.18,-1.6
2026-05-10,D002,Organic Matcha Powder,Food & Beverage,ZenLeaf,10,29.99,29.65,57,1690.05,1120.05,66.27,33.43,67,1,6,5,Mothers Day,0.18,-1.6
