backend/data/transactions.csv
date,product_id,product_name,category,brand,cost,base_price,price,demand,revenue,profit,margin,competitor_price,stock,is_weekend,day_of_week,month,holiday_name,holiday_boost,elasticity
2026-02-09,D005,Trail Mix Premium 500g,Food & Beverage,NutHarvest,4,12.99,13.41,64,858.24,602.24,70.17,14.54,73,0,0,2,Valentines Day,0.1286,-3.2
2026-02-10,D005,Trail Mix Premium 500g,Food & Beverage,NutHarvest,4,12.99,12.4,87,1078.8,730.8,67.74,14.47,7,0,1,2,Valentines Day,0.1429,-3.2
2026-02-11,D005,Trail Mix Premium 500g,Food & Beverage,NutHarvest,4,12.99,12.19,102,1243.38,835.38,67.19,12.37,13,0,2,2,Valentines Day,0.2,-3.2
2026-02-12,D005,Trail Mix Premium 500g,Food & Beverage,NutHarvest,4,12.99,11.87,102,1210.74,802.74,66.3,13.18,5,0,3,2,Valentines Day,0.2,-3.2
2026-02-13,D005,Trail Mix Premium 500g,Food & Beverage,NutHarvest,4,12.99,12.28,88,1080.64,728.64,67.43,13.88,5,0,4,2,Valentines Day,0.2,-3.2
2026-02-14,D005,Trail Mix Premium 500g,Food & Beverage,NutHarvest,4,12.99,11.0,143,1573.0,1001.0,63.64,11.19,5,1,5,2,Valentines Day,0.2,-3.2
2026-02-15,D005,Trail Mix Premium 500g,Food & Beverage,NutHarvest,4,12.99,11.42,142,1621.64,1053.64,64.97,12.04,5,1,6,2,Valentines Day,0.2,-3.2
2026-02-16,D005,Trail Mix Premium 500g,Food & Beverage,NutHarvest,4,12.99,10.99,125,1373.75,873.75,63.6,11.94,5,0,0,2,Valentines Day,0.2,-3.2
2026-02-17,D005,Trail Mix Premium 500g,Food & Beverage,NutHarvest,4,12.99,11.11,139,1544.29,988.29,64.0,12.42,5,0,1,2,Valentines Day,0.2,-3.2
2026-02-18,D005,Trail Mix Premium 500g,Food & Beverage,NutHarvest,4,12.99,11.75,98,1151.5,759.5,65.96,12.8,18,0,2,2,Valentines Day,0.1429,-3.2
2026-02-19,D005,Trail Mix Premium 500g,Food & Beverage,NutHarvest,4,12.99,11.24,122,1371.28,883.28,64.41,13.23,5,0,3,2,Valentines Day,0.1286,-3.2
2026-02-20,D005,Trail Mix Premium 500g,Food & Beverage,NutHarvest,4,12.99,11.39,100,1139.0,739.0,64.88,11.85,15,0,4,2,Valentines Day,0.1143,-3.2
2026-02-21,D005,Trail Mix Premium 500g,Food & Beverage,NutHarvest,4,12.99,11.78,102,1201.56,793.56,66.04,13.4,5,1,5,2,Valentines Day,0.1,-3.2
2026-02-22,D005,Trail Mix Premium 500g,Food & Beverage,NutHarvest,4,12.99,12.57,89,1118.73,762.73,68.18,13.26,20,1,6,2,Valentines Day,0.0857,-3.2
2026-02-23,D005,Trail Mix Premium 500g,Food & Beverage,NutHarvest,4,12.99,12.56,74,929.44,633.44,68.15,14.24,57,0,0,2,Valentines Day,0.0714,-3.2
2026-02-24,D005,Trail Mix Premium 500g,Food & Beverage,NutHarvest,4,12.99,12.98,77,999.46,691.46,69.18,11.5,27,0,1,2,Valentines Day,0.0571,-3.2
2026-02-25,D005,Trail Mix Premium 500g,Food & Beverage,NutHarvest,4,12.99,13.82,51,704.82,500.82,71.06,14.12,90,0,2,2,Valentines Day,0.0429,-3.2
2026-02-26,D005,Trail Mix Premium 500g,Food & Beverage,NutHarvest,4,12.99,12.73,71,903.83,619.83,68.58,12.64,47,0,3,2,Valentines Day,0.0286,-3.2
2026-02-27,D005,Trail Mix Premium 500g,Food & Beverage,NutHarvest,4,12.99,14.02,51,715.02,511.02,71.47,11.26,86,0,4,2,Valentines Day,0.0143,-3.2
2026-02-28,D005,Trail Mix Premium 500g,Food & Beverage,NutHarvest,4,12.99,14.22,52,739.44,531.44,71.87,12.44,76,1,5,2,Valentines Day,0.0,-3.2
2026-03-01,D005,Trail Mix Premium 500g,Food & Beverage,NutHarvest,4,12.99,15.57,41,638.37,474.37,74.31,13.59,113,1,6,3,Valentines Day,0.0,-3.2
2026-03-02,D005,Trail Mix Premium 500g,Food & Beverage,NutHarvest,4,12.99,14.69,38,558.22,406.22,72.77,11.25,122,0,0,3,Valentines Day,0.0,-3.2
2026-03-03,D005,Trail Mix Premium 500g,Food & Beverage,NutHarvest,4,12.99,15.31,33,505.23,373.23,73.87,11.45,147,0,1,3,Valentines Day,0.0,-3.2
2026-03-04,D005,Trail Mix Premium 500g,Food & Beverage,NutHarvest,4,12.99,14.74,33,486.42,354.42,72.86,12.28,130,0,2,3,Valentines Day,0.0,-3.2
2026-03-05,D005,Trail Mix Premium 500g,Food & Beverage,NutHarvest,4,12.99,14.85,33,490.05,358.05,73.06,14.17,132,0,3,3,Valentines Day,0.0,-3.2
2026-03-06,D005,Trail Mix Premium 500g,Food & Beverage,NutHarvest,4,12.99,15.14,34,514.76,378.76,73.58,13.79,132,0,4,3,Valentines Day,0.0,-3.2
2026-03-07,D005,Trail Mix Premium 500g,Food & Beverage,NutHarvest,4,12.99,14.64,42,614.88,446.88,72.68,13.29,105,1,5,3,Valentines Day,0.0,-3.2
2026-03-08,D005,Trail Mix Premium 500g,Food & Beverage,NutHarvest,4,12.99,14.46,43,621.78,449.78,72.34,11.21,134,1,6,3,Valentines Day,0.0,-3.2
2026-03-09,D005,Trail Mix Premium 500g,Food & Beverage,NutHarvest,4,12.99,13.9,43,597.7,425.7,71.22,12.58,114,0,0,3,Valentines Day,0.0,-3.2
2026-03-10,D005,Trail Mix Premium 500g,Food & Beverage,NutHarvest,4,12.99,13.31,55,732.05,512.05,69.95,13.14,72,0,1,3,Valentines Day,0.0,-3.2
2026-03-11,D005,Trail Mix Premium 500g,Food & Beverage,NutHarvest,4,12.99,12.7,61,774.7,530.7,68.5,11.48,74,0,2,3,Valentines Day,0.0,-3.2
2026-03-12,D005,Trail Mix Premium 500g,Food & Beverage,NutHarvest,4,12.99,13.1,58,759.8,527.8,69.47,11.74,67,0,3,3,Valentines Day,0.0,-3.2
2026-03-13,D005,Trail Mix Premium 500g,Food & Beverage,NutHarvest,4,12.99,11.96,75,897.0,597.0,66.56,14.24,61,0,4,3,Valentines Day,0.0,-3.2
2026-03-14,D005,Trail Mix Premium 500g,Food & Beverage,NutHarvest,4,12.99,11.18,112,1252.16,804.16,64.22,12.06,5,1,5,3,Valentines Day,0.0,-3.2
2026-03-15,D005,Trail Mix Premium 500g,Food & Beverage,NutHarvest,4,12.99,12.57,73,917.61,625.61,68.18,12.44,53,1,6,3,Valentines Day,0.0,-3.2
2026-03-16,D005,Trail Mix Premium 500g,Food & Beverage,NutHarvest,4,12.99,11.84,67,793.28,525.28,66.22,14.55,53,0,0,3,Valentines Day,0.0,-3.2
2026-03-17,D005,Trail Mix Premium 500g,Food & Beverage,NutHarvest,4,12.99,10.75,99,1064.25,668.25,62.79,13.48,11,0,1,3,Easter,0.0,-3.2
2026-03-18,D005,Trail Mix Premium 500g,Food & Beverage,NutHarvest,4,12.99,10.99,97,1066.03,678.03,63.6,14.74,5,0,2,3,Easter,0.0,-3.2
2026-03-19,D005,Trail Mix Premium 500g,Food & Beverage,NutHarvest,4,12.99,10.82,101,1092.82,688.82,63.03,14.52,5,0,3,3,Easter,0.0,-3.2
2026-03-20,D005,Trail Mix Premium 500g,Food & Beverage,NutHarvest,4,12.99,11.51,85,978.35,638.35,65.25,11.63,12,0,4,3,Easter,0.0,-3.2
2026-03-21,D005,Trail Mix Premium 500g,Food & Beverage,NutHarvest,4,12.99,11.16,110,1227.6,787.6,64.16,11.54,5,1,5,3,Easter,0.0,-3.2
2026-03-22,D005,Trail Mix Premium 500g,Food & Beverage,NutHarvest,4,12.99,11.38,98,1115.24,723.24,64.85,12.11,5,1,6,3,Easter,0.0,-3.2
2026-03-23,D005,Trail Mix Premium 500g,Food & Beverage,NutHarvest,4,12.99,12.2,67,817.4,549.4,67.21,14.87,71,0,0,3,Easter,0.0,-3.2
2026-03-24,D005,Trail Mix Premium 500g,Food & Beverage,NutHarvest,4,12.99,11.73,77,903.21,595.21,65.9,14.63,56,0,1,3,Easter,0.0,-3.2
2026-03-25,D005,Trail Mix Premium 500g,Food & Beverage,NutHarvest,4,12.99,12.94,61,789.34,545.34,69.09,11.82,66,0,2,3,Easter,0.0,-3.2
2026-03-26,D005,Trail Mix Premium 500g,Food & Beverage,NutHarvest,4,12.99,12.58,65,817.7,557.7,68.2,12.75,81,0,3,3,Easter,0.0,-3.2
2026-03-27,D005,Trail Mix Premium 500g,Food & Beverage,NutHarvest,4,12.99,13.3,58,771.4,539.4,69.92,14.13,98,0,4,3,Easter,0.0,-3.2
2026-03-28,D005,Trail Mix Premium 500g,Food & Beverage,NutHarvest,4,12.99,13.32,62,825.84,577.84,69.97,12.11,69,1,5,3,Easter,0.0,-3.2
2026-03-29,D005,Trail Mix Premium 500g,Food & Beverage,NutHarvest,4,12.99,14.0,48,672.0,480.0,71.43,11.86,102,1,6,3,Easter,0.0,-3.2
2026-03-30,D005,Trail Mix Premium 500g,Food & Beverage,NutHarvest,4,12.99,14.81,40,592.4,432.4,72.99,11.41,137,0,0,3,Easter,0.0,-3.2
2026-03-31,D005,Trail Mix Premium 500g,Food & Beverage,NutHarvest,4,12.99,13.92,48,668.16,476.16,71.26,13.99,94,0,1,3,Easter,0.0,-3.2
2026-04-01,D005,Trail Mix Premium 500g,Food & Beverage,NutHarvest,4,12.99,14.82,37,548.34,400.34,73.01,14.31,124,0,2,4,Easter,0.0,-3.2
2026-04-02,D005,Trail Mix Premium 500g,Food & Beverage,NutHarvest,4,12.99,14.44,42,606.48,438.48,72.3,13.68,127,0,3,4,Easter,0.0071,-3.2
2026-04-03,D005,Trail Mix Premium 500g,Food & Beverage,NutHarvest,4,12.99,15.83,29,459.07,343.07,74.73,12.82,158,0,4,4,Easter,0.0143,-3.2
2026-04-04,D005,Trail Mix Premium 500g,Food & Beverage,NutHarvest,4,12.99,15.32,38,582.16,430.16,73.89,14.16,120,1,5,4,Easter,0.0214,-3.2
2026-04-05,D005,Trail Mix Premium 500g,Food & Beverage,NutHarvest,4,12.99,14.49,41,594.09,430.09,72.39,14.26,107,1,6,4,Easter,0.0286,-3.2
2026-04-06,D005,Trail Mix Premium 500g,Food & Beverage,NutHarvest,4,12.99,14.98,37,554.26,406.26,73.3,12.42,132,0,0,4,Easter,0.0357,-3.2
2026-04-07,D005,Trail Mix Premium 500g,Food & Beverage,NutHarvest,4,12.99,13.96,45,628.2,448.2,71.35,14.14,94,0,1,4,Easter,0.0429,-3.2
2026-04-08,D005,Trail Mix Premium 500g,Food & Beverage,NutHarvest,4,12.99,14.05,44,618.2,442.2,71.53,12.39,131,0,2,4,Easter,0.05,-3.2
2026-04-09,D005,Trail Mix Premium 500g,Food & Beverage,NutHarvest,4,12.99,13.03,58,755.74,523.74,69.3,13.8,65,0,3,4,Easter,0.0571,-3.2
2026-04-10,D005,Trail Mix Premium 500g,Food & Beverage,NutHarvest,4,12.99,12.93,59,762.87,526.87,69.06,14.78,90,0,4,4,Easter,0.0643,-3.2
2026-04-11,D005,Trail Mix Premium 500g,Food & Beverage,NutHarvest,4,12.99,12.42,87,1080.54,732.54,67.79,12.35,15,1,5,4,Easter,0.0714,-3.2
2026-04-12,D005,Trail Mix Premium 500g,Food & Beverage,NutHarvest,4,12.99,13.28,60,796.8,556.8,69.88,13.5,70,1,6,4,Easter,0.1,-3.2
2026-04-13,D005,Trail Mix Premium 500g,Food & Beverage,NutHarvest,4,12.99,11.04,101,1115.04,711.04,63.77,12.79,5,0,0,4,Easter,0.1,-3.2
2026-04-14,D005,Trail Mix Premium 500g,Food & Beverage,NutHarvest,4,12.99,10.77,98,1055.46,663.46,62.86,13.9,11,0,1,4,Easter,0.1,-3.2
2026-04-15,D005,Trail Mix Premium 500g,Food & Beverage,NutHarvest,4,12.99,11.1,107,1187.7,759.7,63.96,13.42,5,0,2,4,Easter,0.1,-3.2
2026-04-16,D005,Trail Mix Premium 500g,Food & Beverage,NutHarvest,4,12.99,11.04,84,927.36,591.36,63.77,12.26,18,0,3,4,Easter,0.1,-3.2
2026-04-17,D005,Trail Mix Premium 500g,Food & Beverage,NutHarvest,4,12.99,10.95,104,1138.8,722.8,63.47,13.7,5,0,4,4,Easter,0.1,-3.2
2026-04-18,D005,Trail Mix Premium 500g,Food & Beverage,NutHarvest,4,12.99,10.99,131,1439.69,915.69,63.6,13.32,5,1,5,4,Easter,0.1,-3.2
2026-04-19,D005,Trail Mix Premium 500g,Food & Beverage,NutHarvest,4,12.99,11.49,102,1171.98,763.98,65.19,11.37,5,1,6,4,Easter,0.0714,-3.2
2026-04-20,D005,Trail Mix Premium 500g,Food & Beverage,NutHarvest,4,12.99,12.1,66,798.6,534.6,66.94,14.22,88,0,0,4,Easter,0.0643,-3.2
2026-04-21,D005,Trail Mix Premium 500g,Food & Beverage,NutHarvest,4,12.99,11.34,90,1020.6,660.6,64.73,14.16,24,0,1,4,Easter,0.0571,-3.2
2026-04-22,D005,Trail Mix Premium 500g,Food & Beverage,NutHarvest,4,12.99,11.84,70,828.8,548.8,66.22,13.93,71,0,2,4,Easter,0.05,-3.2
2026-04-23,D005,Trail Mix Premium 500g,Food & Beverage,NutHarvest,4,12.99,11.44,87,995.28,647.28,65.03,14.84,33,0,3,4,Easter,0.0429,-3.2
2026-04-24,D005,Trail Mix Premium 500g,Food & Beverage,NutHarvest,4,12.99,11.97,71,849.87,565.87,66.58,13.89,48,0,4,4,Easter,0.0357,-3.2
2026-04-25,D005,Trail Mix Premium 500g,Food & Beverage,NutHarvest,4,12.99,13.04,58,756.32,524.32,69.33,12.17,89,1,5,4,Easter,0.0286,-3.2
2026-04-26,D005,Trail Mix Premium 500g,Food & Beverage,NutHarvest,4,12.99,13.52,54,730.08,514.08,70.41,12.15,72,1,6,4,Easter,0.0214,-3.2
2026-04-27,D005,Trail Mix Premium 500g,Food & Beverage,NutHarvest,4,12.99,13.64,50,682.0,482.0,70.67,14.07,104,0,0,4,Easter,0.0143,-3.2
2026-04-28,D005,Trail Mix Premium 500g,Food & Beverage,NutHarvest,4,12.99,14.1,44,620.4,444.4,71.63,13.7,95,0,1,4,Easter,0.0071,-3.2
2026-04-29,D005,Trail Mix Premium 500g,Food & Beverage,NutHarvest,4,12.99,14.61,38,555.18,403.18,72.62,13.14,116,0,2,4,Mothers Day,0.0129,-3.2
2026-04-30,D005,Trail Mix Premium 500g,Food & Beverage,NutHarvest,4,12.99,14.82,35,518.7,378.7,73.01,13.55,125,0,3,4,Mothers Day,0.0257,-3.2
2026-05-01,D005,Trail Mix Premium 500g,Food & Beverage,NutHarvest,4,12.99,15.03,36,541.08,397.08,73.39,12.29,118,0,4,5,Mothers Day,0.0386,-3.2
2026-05-02,D005,Trail Mix Premium 500g,Food & Beverage,NutHarvest,4,12.99,15.44,39,602.16,446.16,74.09,11.44,140,1,5,5,Mothers Day,0.0514,-3.2
2026-05-03,D005,Trail Mix Premium 500g,Food & Beverage,NutHarvest,4,12.99,14.71,48,706.08,514.08,72.81,13.82,99,1,6,5,Mothers Day,0.0643,-3.2
2026-05-04,D005,Trail Mix Premium 500g,Food & Beverage,NutHarvest,4,12.99,15.37,34,522.58,386.58,73.98,14.79,117,0,0,5,Mothers Day,0.0771,-3.2
2026-05-05,D005,Trail Mix Premium 500g,Food & Beverage,NutHarvest,4,12.99,14.43,34,490.62,354.62,72.28,12.51,127,0,1,5,Mothers Day,0.09,-3.2
2026-05-06,D005,Trail Mix Premium 500g,Food & Beverage,NutHarvest,4,12.99,14.49,42,608.58,440.58,72.39,12.74,104,0,2,5,Mothers Day,0.1029,-3.2
2026-05-07,D005,Trail Mix Premium 500g,Food & Beverage,NutHarvest,4,12.99,14.33,47,673.51,485.51,72.09,12.94,98,0,3,5,Mothers Day,0.1157,-3.2
2026-05-08,D005,Trail Mix Premium 500g,Food & Beverage,NutHarvest,4,12.99,13.24,63,834.12,582.12,69.79,11.96,83,0,4,5,Mothers Day,0.1286,-3.2
2026-05-09,D005,Trail Mix Premium 500g,Food & Beverage,NutHarvest,4,12.99,13.1,71,930.1,646.1,69.47,11.98,75,1,5,5,Mothers Day,0.18,-3.2
2026-05-10,D005,Trail Mix Premium 500g,Food & Beverage,NutHarvest,4,12.99,12.11,97,1174.67,786.67,66.97,14.45,5,1,6,5,Mothers Day,0.18,-3.2
